Archive member included to satisfy reference by file (symbol)

/usr/lib/gcc/arm-none-eabi/7.3.1/thumb/v7-m/libgcc.a(_aeabi_ldivmod.o)
                              rtos.o (__aeabi_ldivmod)
/usr/lib/gcc/arm-none-eabi/7.3.1/thumb/v7-m/libgcc.a(_aeabi_uldivmod.o)
                              rtos.o (__aeabi_uldivmod)
/usr/lib/gcc/arm-none-eabi/7.3.1/thumb/v7-m/libgcc.a(_udivmoddi4.o)
                              /usr/lib/gcc/arm-none-eabi/7.3.1/thumb/v7-m/libgcc.a(_aeabi_ldivmod.o) (__udivmoddi4)
/usr/lib/gcc/arm-none-eabi/7.3.1/thumb/v7-m/libgcc.a(_dvmd_tls.o)
                              /usr/lib/gcc/arm-none-eabi/7.3.1/thumb/v7-m/libgcc.a(_aeabi_ldivmod.o) (__aeabi_ldiv0)
/usr/lib/gcc/arm-none-eabi/7.3.1/../../../arm-none-eabi/lib/thumb/v7-m/libc.a(lib_a-memset.o)
                              main.o (memset)
/usr/lib/gcc/arm-none-eabi/7.3.1/../../../arm-none-eabi/lib/thumb/v7-m/libc.a(lib_a-strcpy.o)
                              KeyboardController.o (strcpy)
/usr/lib/gcc/arm-none-eabi/7.3.1/../../../arm-none-eabi/lib/thumb/v7-m/libc.a(lib_a-strncat.o)
                              KeyboardController.o (strncat)

Allocating common symbols
Common symbol       size              file

__dso_handle        0x4               bmptk_cortex.o

Discarded input sections

 .group         0x0000000000000000        0xc KeyboardController.o
 .group         0x0000000000000000        0xc KeyboardController.o
 .text          0x0000000000000000        0x0 KeyboardController.o
 .data          0x0000000000000000        0x0 KeyboardController.o
 .bss           0x0000000000000000        0x0 KeyboardController.o
 .text._ZN3due11ad_pin_infoENS_7ad_pinsE
                0x0000000000000000       0x1c KeyboardController.o
 .text._ZN3due11ad_seq_infoEm
                0x0000000000000000       0x20 KeyboardController.o
 .text._ZN5hwlib19uart_char_availableEv
                0x0000000000000000        0x4 KeyboardController.o
 .text._ZN5hwlib9uart_getcEv
                0x0000000000000000        0x4 KeyboardController.o
 .rodata._ZZN3due11ad_pin_infoENS_7ad_pinsEE17ad_pin_info_array
                0x0000000000000000        0xc KeyboardController.o
 .rodata._ZZN3due11ad_seq_infoEmE12ad_seq_array
                0x0000000000000000       0x70 KeyboardController.o
 .group         0x0000000000000000        0xc MainController.o
 .text          0x0000000000000000        0x0 MainController.o
 .data          0x0000000000000000        0x0 MainController.o
 .bss           0x0000000000000000        0x0 MainController.o
 .text._ZN6sam3xa10SystemInitEv
                0x0000000000000000       0x7c MainController.o
 .text._ZN3due8pin_infoENS_4pinsE
                0x0000000000000000       0x20 MainController.o
 .text._ZN3due11ad_pin_infoENS_7ad_pinsE
                0x0000000000000000       0x1c MainController.o
 .text._ZN3due11ad_seq_infoEm
                0x0000000000000000       0x20 MainController.o
 .text._ZN3due14port_registersEm
                0x0000000000000000       0x54 MainController.o
 .text._ZN3due12ticks_per_usEv
                0x0000000000000000        0x6 MainController.o
 .text._ZN3due9now_ticksEv
                0x0000000000000000       0x80 MainController.o
 .text._ZN5hwlib9uart_putcEc
                0x0000000000000000        0x4 MainController.o
 .text._ZN5hwlib19uart_char_availableEv
                0x0000000000000000        0x4 MainController.o
 .text._ZN5hwlib9uart_getcEv
                0x0000000000000000        0x4 MainController.o
 .text._ZN14MainController10charsToIntEcc
                0x0000000000000000        0xc MainController.o
 .bss._ZZN3due9now_ticksEvE4high
                0x0000000000000000        0x8 MainController.o
 .bss._ZZN3due9now_ticksEvE8last_low
                0x0000000000000000        0x4 MainController.o
 .bss._ZZN3due9now_ticksEvE9init_done
                0x0000000000000000        0x1 MainController.o
 .data._ZN6sam3xa15SystemCoreClockE
                0x0000000000000000        0x4 MainController.o
 .rodata._ZN3due8pin_infoENS_4pinsE.str1.1
                0x0000000000000000       0x33 MainController.o
 .rodata._ZZN3due11ad_pin_infoENS_7ad_pinsEE17ad_pin_info_array
                0x0000000000000000        0xc MainController.o
 .rodata._ZZN3due11ad_seq_infoEmE12ad_seq_array
                0x0000000000000000       0x70 MainController.o
 .rodata._ZZN3due8pin_infoENS_4pinsEE14pin_info_array
                0x0000000000000000       0xa4 MainController.o
 .group         0x0000000000000000        0x8 WindowController.o
 .group         0x0000000000000000        0xc WindowController.o
 .group         0x0000000000000000        0x8 WindowController.o
 .group         0x0000000000000000        0xc WindowController.o
 .text          0x0000000000000000        0x0 WindowController.o
 .data          0x0000000000000000        0x0 WindowController.o
 .bss           0x0000000000000000        0x0 WindowController.o
 .text._ZN6sam3xa10SystemInitEv
                0x0000000000000000       0x7c WindowController.o
[...]
Memory Configuration

Name             Origin             Length             Attributes
rom              0x0000000000000000 0x0000000000080000 xr
ram              0x0000000020000000 0x0000000000018000 xrw
nul              0x0000000020018000 0x0000000000000000 xrw
*default*        0x0000000000000000 0xffffffffffffffff

Linker script and memory map

LOAD /usr/lib/gcc/arm-none-eabi/7.3.1/thumb/v7-m/libgcc.a
LOAD KeyboardController.o
LOAD MainController.o
LOAD WindowController.o
LOAD IRSendController.o
LOAD switch_to.o
LOAD coroutine.o
LOAD rtos.o
LOAD hwlib.o
LOAD main.o
LOAD bmptk_cortex.o
LOAD bmptk_heap_bmptk.o
LOAD bmptk_fixed_size_stack.o
LOAD /usr/lib/gcc/arm-none-eabi/7.3.1/../../../arm-none-eabi/lib/thumb/v7-m/libm.a
LOAD /usr/lib/gcc/arm-none-eabi/7.3.1/thumb/v7-m/libgcc.a
LOAD /usr/lib/gcc/arm-none-eabi/7.3.1/../../../arm-none-eabi/lib/thumb/v7-m/libc.a
                0x0000000000000000                __rom_start = ORIGIN (rom)
                0x0000000000080000                __rom_size = LENGTH (rom)
                0x0000000000080000                __rom_end = (__rom_start + __rom_size)
                0x0000000020000000                __ram_start = ORIGIN (ram)
                0x0000000000018000                __ram_size = LENGTH (ram)
                0x0000000020018000                __ram_end = (__ram_start + __ram_size)
                [!provide]                        PROVIDE (__rom_start = __rom_start)
                [!provide]                        PROVIDE (__rom_size = __rom_size)
                [!provide]                        PROVIDE (__rom_end = __rom_end)
                [!provide]                        PROVIDE (__ram_start = __ram_start)
                [!provide]                        PROVIDE (__ram_size = __ram_size)
                [!provide]                        PROVIDE (__ram_end = __ram_end)

.text           0x0000000000000000     0x48b0
                0x0000000000000000                . = ALIGN (0x4)
                0x0000000000000000                __text_start = .
                [!provide]                        PROVIDE (__text_start = __text_start)
                0x0000000000000000                . = ALIGN (0x4)
 *(.vectors)
 .vectors       0x0000000000000000       0x20 bmptk_cortex.o
                0x0000000000000000                __vectors
                0x0000000000000020                . = ALIGN (0x4)
 *(.text .text.* .gnu.linkonce.t.*)
 .text._ZN6sam3xa10SystemInitEv
                0x0000000000000020       0x7c KeyboardController.o
                0x0000000000000020                sam3xa::SystemInit()
 .text._ZN3due8pin_infoENS_4pinsE
                0x000000000000009c       0x20 KeyboardController.o
                0x000000000000009c                due::pin_info(due::pins)
 .text._ZN3due14port_registersEm
                0x00000000000000bc       0x54 KeyboardController.o
                0x00000000000000bc                due::port_registers(unsigned long)
 .text._ZN3due12ticks_per_usEv
                0x0000000000000110        0x6 KeyboardController.o
                0x0000000000000110                due::ticks_per_us()
 *fill*         0x0000000000000116        0x2 
 .text._ZN3due9now_ticksEv
                0x0000000000000118       0x80 KeyboardController.o
                0x0000000000000118                due::now_ticks()
 .text._ZN5hwlib9uart_putcEc
                0x0000000000000198        0x4 KeyboardController.o
                0x0000000000000198                hwlib::uart_putc(char)
 .text._ZN18KeyboardController8ledOnOffEv
                0x000000000000019c       0x1a KeyboardController.o
                0x000000000000019c                KeyboardController::ledOnOff()
 .text._ZN5hwlib6keypadILi17EE7pressedEv
                0x00000000000001b6       0x80 KeyboardController.o
                0x00000000000001b6                hwlib::keypad<17>::pressed()
 *fill*         0x0000000000000236        0x2 
 .text.startup._ZN18KeyboardController4mainEv
                0x0000000000000238      0x1a8 KeyboardController.o
                0x0000000000000238                KeyboardController::main()
 .text._ZN14MainController13verifyCommandEv
                0x00000000000003e0       0x7c MainController.o
                0x00000000000003e0                MainController::verifyCommand()
 .text._ZN14MainController14commandActionsEv
                0x000000000000045c       0x4a MainController.o
                0x000000000000045c                MainController::commandActions()
 .text.startup._ZN14MainController4mainEv
                0x00000000000004a6       0xaa MainController.o
                0x00000000000004a6                MainController::main()
 .text._ZN14MainController6setCmdEPc
                0x0000000000000550       0x16 MainController.o
                0x0000000000000550                MainController::setCmd(char*)
 .text._ZN5hwlib7ostreamlsEc
                0x0000000000000566        0xe WindowController.o
                0x0000000000000566                hwlib::ostream::operator<<(char)
 .text._ZN5hwliblsERNS_7ostreamEPKc
                0x0000000000000574       0x66 WindowController.o
                0x0000000000000574                hwlib::operator<<(hwlib::ostream&, char const*)
 .text._ZN5hwlib6window5clearENS_5colorE
                0x00000000000005da       0x56 WindowController.o
                0x00000000000005da                hwlib::window::clear(hwlib::color)
 .text.startup._ZN16WindowController4mainEv
                0x0000000000000630      0x314 WindowController.o
                0x0000000000000630                WindowController::main()
 .text._ZN16WindowController6updateERK12WindowStruct
                0x0000000000000944       0x48 WindowController.o
                0x0000000000000944                WindowController::update(WindowStruct const&)
 .text._ZN16IRSendController15generateMessageEv
                0x000000000000098c       0x64 IRSendController.o
                0x000000000000098c                IRSendController::generateMessage()
 .text.startup._ZN16IRSendController4mainEv
                0x00000000000009f0      0x18c IRSendController.o
                0x00000000000009f0                IRSendController::main()
 .text._ZN16IRSendController11sendMessageEhh
                0x0000000000000b7c       0x24 IRSendController.o
                0x0000000000000b7c                IRSendController::sendMessage(unsigned char, unsigned char)
 .text._ZN16IRSendController10repeatSendEv
                0x0000000000000ba0        0xa IRSendController.o
                0x0000000000000ba0                IRSendController::repeatSend()
 *fill*         0x0000000000000baa        0x2 
 .text          0x0000000000000bac       0x24 switch_to.o
                0x0000000000000bac                switch_from_to
 .text._ZN4rtos8callback6cancelEv
                0x0000000000000bd0        0xa rtos.o
                0x0000000000000bd0                rtos::callback::cancel()
 .text._ZN5hwlib7ostream7reverse10add_prefixERKS0_.part.2
                0x0000000000000bda       0x4c rtos.o
 .text._ZN5hwliblsERNS_7ostreamEi
                0x0000000000000c26       0x92 rtos.o
                0x0000000000000c26                hwlib::operator<<(hwlib::ostream&, int)
 .text._ZN5hwliblsERNS_7ostreamEx
                0x0000000000000cb8       0xc4 rtos.o
                0x0000000000000cb8                hwlib::operator<<(hwlib::ostream&, long long)
 .text._ZN5hwliblsERNS_7ostreamEj
                0x0000000000000d7c        0xc rtos.o
                0x0000000000000d7c                hwlib::operator<<(hwlib::ostream&, unsigned int)
 .text._Z6strlenPKc
                0x0000000000000d88       0x10 rtos.o
                0x0000000000000d88                strlen(char const*)
 .text._Z6strcpyPcPKc
                0x0000000000000d98       0x14 rtos.o
                0x0000000000000d98                strcpy(char*, char const*)
 .text._Z15string_allocatePKc
                0x0000000000000dac       0x26 rtos.o
                0x0000000000000dac                string_allocate(char const*)
 .text._Z12nr_from_maskj
                0x0000000000000dd2       0x1a rtos.o
                0x0000000000000dd2                nr_from_mask(unsigned int)
 .text._Z15task_trampolinev
                0x0000000000000dec       0x34 rtos.o
                0x0000000000000dec                task_trampoline()
 .text._ZN4rtos9task_base7releaseEv
                0x0000000000000e20       0x24 rtos.o
                0x0000000000000e20                rtos::task_base::release()
 .text._ZN4rtos9task_base7suspendEv
                0x0000000000000e44        0x8 rtos.o
                0x0000000000000e44                rtos::task_base::suspend()
 .text._ZN4rtos9task_base6resumeEv
                0x0000000000000e4c        0x8 rtos.o
                0x0000000000000e4c                rtos::task_base::resume()
 .text._ZN4rtos9task_base7unblockEv
                0x0000000000000e54       0x14 rtos.o
                0x0000000000000e54                rtos::task_base::unblock()
 .text._ZN4rtos9task_base5blockEv
                0x0000000000000e68       0x70 rtos.o
                0x0000000000000e68                rtos::task_base::block()
 .text._ZNK4rtos9task_base5printERN5hwlib7ostreamEb
                0x0000000000000ed8      0x154 rtos.o
                0x0000000000000ed8                rtos::task_base::print(hwlib::ostream&, bool) const
 .text._ZNK4rtos5eventeqERKS0_
                0x000000000000102c       0x3c rtos.o
                0x000000000000102c                rtos::event::operator==(rtos::event const&) const
 .text._ZNK4rtos5eventeqERKNS_8waitableE
                0x0000000000001068       0x1c rtos.o
                0x0000000000001068                rtos::event::operator==(rtos::waitable const&) const
 .text._ZNK4rtos5eventplERKS0_
                0x0000000000001084       0x3c rtos.o
                0x0000000000001084                rtos::event::operator+(rtos::event const&) const
 .text._ZNK4rtos4flag5printERN5hwlib7ostreamEb
                0x00000000000010c0       0xcc rtos.o
                0x00000000000010c0                rtos::flag::print(hwlib::ostream&, bool) const
 .text._ZN4rtos5timer3setEm
                0x000000000000118c        0xe rtos.o
                0x000000000000118c                rtos::timer::set(unsigned long)
 *fill*         0x000000000000119a        0x2 
 .text._ZNK4rtos5timer5printERN5hwlib7ostreamEb
                0x000000000000119c       0xd0 rtos.o
                0x000000000000119c                rtos::timer::print(hwlib::ostream&, bool) const
 .text._ZNK4rtos5clock5printERN5hwlib7ostreamEb
                0x000000000000126c       0xd4 rtos.o
                0x000000000000126c                rtos::clock::print(hwlib::ostream&, bool) const
 .text._ZN4rtos12waitable_set17waitable_allocateEv
                0x0000000000001340       0x38 rtos.o
                0x0000000000001340                rtos::waitable_set::waitable_allocate()
 .text._ZN4rtos8waitableC2EPNS_9task_baseEPKc
                0x0000000000001378       0x2c rtos.o
                0x0000000000001378                rtos::waitable::waitable(rtos::task_base*, char const*)
                0x0000000000001378                rtos::waitable::waitable(rtos::task_base*, char const*)
 .text._ZN4rtos12waitable_set3setERKNS_8waitableE
                0x00000000000013a4       0x14 rtos.o
                0x00000000000013a4                rtos::waitable_set::set(rtos::waitable const&)
 .text._ZN4rtos5clock7time_upEv
                0x00000000000013b8       0x38 rtos.o
                0x00000000000013b8                rtos::clock::time_up()
 .text._ZThn16_N4rtos5clock7time_upEv
                0x00000000000013f0        0x8 rtos.o
                0x00000000000013f0                non-virtual thunk to rtos::clock::time_up()
 .text._ZN4rtos5timer7time_upEv
                0x00000000000013f8       0x10 rtos.o
                0x00000000000013f8                rtos::timer::time_up()
                0x0000000000001402                non-virtual thunk to rtos::timer::time_up()
 .text._ZN4rtos4flag3setEv
                0x0000000000001408       0x10 rtos.o
                0x0000000000001408                rtos::flag::set()
 .text._ZN4rtos12waitable_set5clearERKNS_8waitableE
                0x0000000000001418        0xc rtos.o
                0x0000000000001418                rtos::waitable_set::clear(rtos::waitable const&)
 .text._ZN4rtos8waitable5clearEv
                0x0000000000001424        0xa rtos.o
                0x0000000000001424                rtos::waitable::clear()
 .text._ZN4rtos5timer6cancelEv
                0x000000000000142e       0x16 rtos.o
                0x000000000000142e                rtos::timer::cancel()
 .text._ZThn16_N4rtos5timer6cancelEv
                0x0000000000001444        0x8 rtos.o
                0x0000000000001444                non-virtual thunk to rtos::timer::cancel()
 .text._ZN4rtos5clock5clearEv
                0x000000000000144c        0x8 rtos.o
                0x000000000000144c                rtos::clock::clear()
 .text._ZN4rtos12waitable_set4waitEj
                0x0000000000001454       0x64 rtos.o
                0x0000000000001454                rtos::waitable_set::wait(unsigned int)
 .text._ZNK4rtos5mutex5printERN5hwlib7ostreamEb
                0x00000000000014b8       0xec rtos.o
                0x00000000000014b8                rtos::mutex::print(hwlib::ostream&, bool) const
 .text._ZNK4rtos12channel_base5printERN5hwlib7ostreamEb
                0x00000000000015a4       0xe0 rtos.o
                0x00000000000015a4                rtos::channel_base::print(hwlib::ostream&, bool) const
 .text._ZNK4rtos9pool_base5printERN5hwlib7ostreamEb
                0x0000000000001684       0x78 rtos.o
                0x0000000000001684                rtos::pool_base::print(hwlib::ostream&, bool) const
 .text._ZNK4rtos12mailbox_base5printERN5hwlib7ostreamEb
                0x00000000000016fc       0xc4 rtos.o
                0x00000000000016fc                rtos::mailbox_base::print(hwlib::ostream&, bool) const
 .text._ZN4rtos3addEPNS_4flagE
                0x00000000000017c0       0x10 rtos.o
                0x00000000000017c0                rtos::add(rtos::flag*)
 .text._ZN4rtos4flagC2EPNS_9task_baseEPKc
                0x00000000000017d0       0x20 rtos.o
                0x00000000000017d0                rtos::flag::flag(rtos::task_base*, char const*)
                0x00000000000017d0                rtos::flag::flag(rtos::task_base*, char const*)
 .text._ZN4rtos3addEPNS_5timerE
                0x00000000000017f0       0x10 rtos.o
                0x00000000000017f0                rtos::add(rtos::timer*)
 .text._ZN4rtos3addEPNS_5clockE
                0x0000000000001800       0x10 rtos.o
                0x0000000000001800                rtos::add(rtos::clock*)
 .text._ZN4rtos3addEPNS_9pool_baseE
                0x0000000000001810       0x10 rtos.o
                0x0000000000001810                rtos::add(rtos::pool_base*)
 .text._ZN4rtos9pool_baseC2EPKc
                0x0000000000001820       0x1a rtos.o
                0x0000000000001820                rtos::pool_base::pool_base(char const*)
                0x0000000000001820                rtos::pool_base::pool_base(char const*)
 *fill*         0x000000000000183a        0x2 
 .text._ZN4rtos5printERN5hwlib7ostreamE
                0x000000000000183c      0x1b4 rtos.o
                0x000000000000183c                rtos::print(hwlib::ostream&)
 .text._ZN4rtos4beatEv
                0x00000000000019f0      0x148 rtos.o
                0x00000000000019f0                rtos::beat()
 .text._ZN4rtos3runEv
                0x0000000000001b38       0x20 rtos.o
                0x0000000000001b38                rtos::run()
 .text._ZN4rtos3addEPNS_8callbackE
                0x0000000000001b58       0x10 rtos.o
                0x0000000000001b58                rtos::add(rtos::callback*)
 .text._ZN4rtos8callbackC2EPKc
                0x0000000000001b68       0x28 rtos.o
                0x0000000000001b68                rtos::callback::callback(char const*)
                0x0000000000001b68                rtos::callback::callback(char const*)
 .text._ZN4rtos5timerC2EPNS_9task_baseEPKc
                0x0000000000001b90       0x34 rtos.o
                0x0000000000001b90                rtos::timer::timer(rtos::task_base*, char const*)
                0x0000000000001b90                rtos::timer::timer(rtos::task_base*, char const*)
 .text._ZN4rtos5clockC2EPNS_9task_baseEmPKc
                0x0000000000001bc4       0x3c rtos.o
                0x0000000000001bc4                rtos::clock::clock(rtos::task_base*, unsigned long, char const*)
                0x0000000000001bc4                rtos::clock::clock(rtos::task_base*, unsigned long, char const*)
 .text._ZN4rtos3addEPNS_9task_baseE
                0x0000000000001c00       0x74 rtos.o
                0x0000000000001c00                rtos::add(rtos::task_base*)
 .text._ZN4rtos9task_baseC2ER9coroutineILl0EEjPKc
                0x0000000000001c74       0x4c rtos.o
                0x0000000000001c74                rtos::task_base::task_base(coroutine<0l>&, unsigned int, char const*)
                0x0000000000001c74                rtos::task_base::task_base(coroutine<0l>&, unsigned int, char const*)
 .text._ZN5hwlib7wait_usEi
                0x0000000000001cc0       0x3c rtos.o
                0x0000000000001cc0                hwlib::wait_us(int)
 .text._ZN5hwlib7wait_msEi
                0x0000000000001cfc       0x16 rtos.o
                0x0000000000001cfc                hwlib::wait_ms(int)
 .text._ZN5hwlib14pin_in_dummy_t4readEv
                0x0000000000001d12        0x4 hwlib.o
                0x0000000000001d12                hwlib::pin_in_dummy_t::read()
 .text._ZN5hwlib14pin_in_dummy_t7refreshEv
                0x0000000000001d16        0x2 hwlib.o
                0x0000000000001d16                hwlib::pin_in_dummy_t::refresh()
 .text._ZN5hwlib14pin_oc_dummy_t5writeEb
                0x0000000000001d18        0x2 hwlib.o
                0x0000000000001d18                hwlib::pin_oc_dummy_t::write(bool)
 .text._ZN5hwlib14pin_oc_dummy_t4readEv
                0x0000000000001d1a        0x4 hwlib.o
                0x0000000000001d1a                hwlib::pin_oc_dummy_t::read()
 .text._ZN5hwlib14pin_oc_dummy_t5flushEv
                0x0000000000001d1e        0x2 hwlib.o
                0x0000000000001d1e                hwlib::pin_oc_dummy_t::flush()
 .text._ZN5hwlib14pin_oc_dummy_t7refreshEv
                0x0000000000001d20        0x2 hwlib.o
                0x0000000000001d20                hwlib::pin_oc_dummy_t::refresh()
 .text._ZN5hwlib19port_in_from_pins_t14number_of_pinsEv
                0x0000000000001d22        0x4 hwlib.o
                0x0000000000001d22                hwlib::port_in_from_pins_t::number_of_pins()
 .text._ZN5hwlib19port_in_from_pins_t4readEv
                0x0000000000001d26       0x2a hwlib.o
                0x0000000000001d26                hwlib::port_in_from_pins_t::read()
 .text._ZN5hwlib19port_in_from_pins_t7refreshEv
                0x0000000000001d50       0x20 hwlib.o
                0x0000000000001d50                hwlib::port_in_from_pins_t::refresh()
 .text._ZN5hwlib19port_oc_from_pins_t14number_of_pinsEv
                0x0000000000001d70        0x4 hwlib.o
                0x0000000000001d70                hwlib::port_oc_from_pins_t::number_of_pins()
 .text._ZN5hwlib19port_oc_from_pins_t4readEv
                0x0000000000001d74       0x2a hwlib.o
                0x0000000000001d74                hwlib::port_oc_from_pins_t::read()
 .text._ZN5hwlib19port_oc_from_pins_t5writeEj
                0x0000000000001d9e       0x28 hwlib.o
                0x0000000000001d9e                hwlib::port_oc_from_pins_t::write(unsigned int)
 .text._ZN5hwlib19port_oc_from_pins_t7refreshEv
                0x0000000000001dc6       0x20 hwlib.o
                0x0000000000001dc6                hwlib::port_oc_from_pins_t::refresh()
 .text._ZN5hwlib19port_oc_from_pins_t5flushEv
                0x0000000000001de6       0x20 hwlib.o
                0x0000000000001de6                hwlib::port_oc_from_pins_t::flush()
 .text._ZN5hwlib21port_direct_from_in_t14number_of_pinsEv
                0x0000000000001e06        0x8 hwlib.o
                0x0000000000001e06                hwlib::port_direct_from_in_t::number_of_pins()
 .text._ZN5hwlib21port_direct_from_in_t4readEv
                0x0000000000001e0e       0x18 hwlib.o
                0x0000000000001e0e                hwlib::port_direct_from_in_t::read()
 .text._ZN5hwlib21port_direct_from_in_t7refreshEv
                0x0000000000001e26        0x2 hwlib.o
                0x0000000000001e26                hwlib::port_direct_from_in_t::refresh()
 .text._ZN5hwlib21port_direct_from_oc_t14number_of_pinsEv
                0x0000000000001e28        0x8 hwlib.o
                0x0000000000001e28                hwlib::port_direct_from_oc_t::number_of_pins()
 .text._ZN5hwlib21port_direct_from_oc_t5writeEj
                0x0000000000001e30       0x18 hwlib.o
                0x0000000000001e30                hwlib::port_direct_from_oc_t::write(unsigned int)
 .text._ZN5hwlib21port_direct_from_oc_t4readEv
                0x0000000000001e48       0x18 hwlib.o
                0x0000000000001e48                hwlib::port_direct_from_oc_t::read()
 .text._ZN5hwlib21port_direct_from_oc_t5flushEv
                0x0000000000001e60        0x2 hwlib.o
                0x0000000000001e60                hwlib::port_direct_from_oc_t::flush()
 .text._ZN5hwlib21port_direct_from_oc_t7refreshEv
                0x0000000000001e62        0x2 hwlib.o
                0x0000000000001e62                hwlib::port_direct_from_oc_t::refresh()
 .text._ZN5hwlib7istream11getc_nowaitEv
                0x0000000000001e64       0x1a hwlib.o
                0x0000000000001e64                hwlib::istream::getc_nowait()
 .text._ZN5hwlib20cout_using_uart_putc5flushEv
                0x0000000000001e7e        0x2 hwlib.o
                0x0000000000001e7e                hwlib::cout_using_uart_putc::flush()
 .text._ZNK5hwlib9image_8x819read_implementationENS_2xyE
                0x0000000000001e80       0x44 hwlib.o
                0x0000000000001e80                hwlib::image_8x8::read_implementation(hwlib::xy) const
 .text._ZN5hwlib13window_part_t5flushEv
                0x0000000000001ec4        0x8 hwlib.o
                0x0000000000001ec4                hwlib::window_part_t::flush()
 .text._ZN5hwlib6window20clear_implementationENS_5colorE
                0x0000000000001ecc       0x72 hwlib.o
                0x0000000000001ecc                hwlib::window::clear_implementation(hwlib::color)
 .text._ZN5hwlib5panicEPKcj
                0x0000000000001f3e        0x2 hwlib.o
                0x0000000000001f3e                hwlib::panic(char const*, unsigned int)
 .text._ZN5hwlib10background18do_background_workEv
                0x0000000000001f40       0x3c hwlib.o
                0x0000000000001f40                hwlib::background::do_background_work()
 .text._ZN5hwlib3allENS_2xyE
                0x0000000000001f7c       0x16 hwlib.o
                0x0000000000001f7c                hwlib::all(hwlib::xy)
 .text._ZNK5hwlib5colorngEv
                0x0000000000001f92       0x2e hwlib.o
                0x0000000000001f92                hwlib::color::operator-() const
 .text._ZNK5hwlib5image4readENS_2xyE
                0x0000000000001fc0       0x3a hwlib.o
                0x0000000000001fc0                hwlib::image::read(hwlib::xy) const
 .text._ZNK5hwlib14image_invert_t19read_implementationENS_2xyE
                0x0000000000001ffa       0x64 hwlib.o
                0x0000000000001ffa                hwlib::image_invert_t::read_implementation(hwlib::xy) const
 *fill*         0x000000000000205e        0x2 
 .text._ZN5hwlib6invertERKNS_5imageE
                0x0000000000002060       0x18 hwlib.o
                0x0000000000002060                hwlib::invert(hwlib::image const&)
 .text._ZN5hwlib6window5writeENS_2xyENS_5colorE
                0x0000000000002078       0x5c hwlib.o
                0x0000000000002078                hwlib::window::write(hwlib::xy, hwlib::color)
 .text._ZN5hwlib13window_part_t20write_implementationENS_2xyENS_5colorE
                0x00000000000020d4       0x2e hwlib.o
                0x00000000000020d4                hwlib::window_part_t::write_implementation(hwlib::xy, hwlib::color)
 *fill*         0x0000000000002102        0x2 
 .text._ZN3due9uart_initEv
                0x0000000000002104       0x60 hwlib.o
                0x0000000000002104                due::uart_init()
 .text._ZN3due9uart_putcEc
                0x0000000000002164       0x20 hwlib.o
                0x0000000000002164                due::uart_putc(char)
 .text._ZN5hwlib20cout_using_uart_putc4putcEc
                0x0000000000002184        0xa hwlib.o
                0x0000000000002184                hwlib::cout_using_uart_putc::putc(char)
 .text._ZN5hwlib6now_usEv
                0x000000000000218e       0x1c hwlib.o
                0x000000000000218e                hwlib::now_us()
 .text._ZN5hwlib12wait_us_busyEi
                0x00000000000021aa       0x1c hwlib.o
                0x00000000000021aa                hwlib::wait_us_busy(int)
 .text._ZN5hwlib8terminal10cursor_setENS_2xyE
                0x00000000000021c6       0x28 main.o
                0x00000000000021c6                hwlib::terminal::cursor_set(hwlib::xy)
 .text._ZN5hwlib14i2c_primitives8read_ackEv
                0x00000000000021ee       0x10 main.o
                0x00000000000021ee                hwlib::i2c_primitives::read_ack()
 .text._ZN5hwlib14i2c_primitives9write_ackEv
                0x00000000000021fe        0x8 main.o
                0x00000000000021fe                hwlib::i2c_primitives::write_ack()
 .text._ZN5hwlib14i2c_primitives10write_nackEv
                0x0000000000002206        0x8 main.o
                0x0000000000002206                hwlib::i2c_primitives::write_nack()
 .text._ZN5hwlib14i2c_primitives5writeEh
                0x000000000000220e       0x1c main.o
                0x000000000000220e                hwlib::i2c_primitives::write(unsigned char)
 .text._ZN5hwlib14i2c_primitives5writeEPKhj
                0x000000000000222a       0x24 main.o
                0x000000000000222a                hwlib::i2c_primitives::write(unsigned char const*, unsigned int)
 .text._ZN5hwlib14i2c_primitives9read_byteEv
                0x000000000000224e       0x20 main.o
                0x000000000000224e                hwlib::i2c_primitives::read_byte()
 .text._ZN5hwlib14i2c_primitives4readEbPhj
                0x000000000000226e       0x36 main.o
                0x000000000000226e                hwlib::i2c_primitives::read(bool, unsigned char*, unsigned int)
 .text._ZN5hwlib13terminal_from25cursor_set_implementationENS_2xyE
                0x00000000000022a4       0x28 main.o
                0x00000000000022a4                hwlib::terminal_from::cursor_set_implementation(hwlib::xy)
 .text._ZN5hwlib13terminal_from5clearEv
                0x00000000000022cc       0x30 main.o
                0x00000000000022cc                hwlib::terminal_from::clear()
 .text._ZN5hwlib13terminal_from5flushEv
                0x00000000000022fc        0x8 main.o
                0x00000000000022fc                hwlib::terminal_from::flush()
 .text._ZNK5hwlib16font_default_8x8ixEc
                0x0000000000002304       0x14 main.o
                0x0000000000002304                hwlib::font_default_8x8::operator[](char) const
 .text._ZN5hwlib29glcd_oled_i2c_128x64_buffered20write_implementationENS_2xyENS_5colorE
                0x0000000000002318       0x64 main.o
                0x0000000000002318                hwlib::glcd_oled_i2c_128x64_buffered::write_implementation(hwlib::xy, hwlib::color)
 .text._ZN3due6pin_in4readEv
                0x000000000000237c       0x10 main.o
                0x000000000000237c                due::pin_in::read()
 .text._ZN3due6pin_in7refreshEv
                0x000000000000238c        0x2 main.o
                0x000000000000238c                due::pin_in::refresh()
 .text._ZN3due7pin_out5writeEb
                0x000000000000238e        0xe main.o
                0x000000000000238e                due::pin_out::write(bool)
 .text._ZN3due7pin_out5flushEv
                0x000000000000239c        0x2 main.o
                0x000000000000239c                due::pin_out::flush()
 .text._ZN3due6pin_oc4readEv
                0x000000000000239e       0x10 main.o
                0x000000000000239e                due::pin_oc::read()
 .text._ZN3due6pin_oc5writeEb
                0x00000000000023ae       0x10 main.o
                0x00000000000023ae                due::pin_oc::write(bool)
 .text._ZN3due6pin_oc5flushEv
                0x00000000000023be        0x2 main.o
                0x00000000000023be                due::pin_oc::flush()
 .text._ZN3due6pin_oc7refreshEv
                0x00000000000023c0        0x2 main.o
                0x00000000000023c0                due::pin_oc::refresh()
 *fill*         0x00000000000023c2        0x2 
 .text._ZN8PinPWMD2ILi38000ELi2EE5writeEb
                0x00000000000023c4       0x18 main.o
                0x00000000000023c4                PinPWMD2<38000, 2>::write(bool)
 .text._ZN8PinPWMD2ILi38000ELi2EE5flushEv
                0x00000000000023dc        0x2 main.o
                0x00000000000023dc                PinPWMD2<38000, 2>::flush()
 .text._ZN5hwlib6keypadILi17EE4getcEv
                0x00000000000023de       0x24 main.o
                0x00000000000023de                hwlib::keypad<17>::getc()
 .text._ZN5hwlib8terminal4putcEc
                0x0000000000002402       0xde main.o
                0x0000000000002402                hwlib::terminal::putc(char)
 .text._ZN5hwlib26i2c_bus_bit_banged_scl_sda16wait_half_periodEv.isra.4
                0x00000000000024e0        0x6 main.o
 .text._ZN5hwlib26i2c_bus_bit_banged_scl_sda10write_stopEv
                0x00000000000024e6       0x60 main.o
                0x00000000000024e6                hwlib::i2c_bus_bit_banged_scl_sda::write_stop()
 .text._ZN5hwlib26i2c_bus_bit_banged_scl_sda11write_startEv
                0x0000000000002546       0x34 main.o
                0x0000000000002546                hwlib::i2c_bus_bit_banged_scl_sda::write_start()
 .text._ZN5hwlib26i2c_bus_bit_banged_scl_sda8read_bitEv
                0x000000000000257a       0x68 main.o
                0x000000000000257a                hwlib::i2c_bus_bit_banged_scl_sda::read_bit()
 .text._ZN5hwlib26i2c_bus_bit_banged_scl_sda9write_bitEb
                0x00000000000025e2       0x52 main.o
                0x00000000000025e2                hwlib::i2c_bus_bit_banged_scl_sda::write_bit(bool)
 .text._ZN5hwlib13xy_iterator_tppEv
                0x0000000000002634       0x18 main.o
                0x0000000000002634                hwlib::xy_iterator_t::operator++()
 .text._ZN5hwlib21i2c_write_transactionC2ERNS_14i2c_primitivesEj
                0x000000000000264c       0x24 main.o
                0x000000000000264c                hwlib::i2c_write_transaction::i2c_write_transaction(hwlib::i2c_primitives&, unsigned int)
                0x000000000000264c                hwlib::i2c_write_transaction::i2c_write_transaction(hwlib::i2c_primitives&, unsigned int)
 .text._ZN5hwlib21i2c_write_transaction5writeEPKhj
                0x0000000000002670        0x8 main.o
                0x0000000000002670                hwlib::i2c_write_transaction::write(unsigned char const*, unsigned int)
 .text._ZN5hwlib21i2c_write_transactionD2Ev
                0x0000000000002678       0x18 main.o
                0x0000000000002678                hwlib::i2c_write_transaction::~i2c_write_transaction()
                0x0000000000002678                hwlib::i2c_write_transaction::~i2c_write_transaction()
 .text._ZN5hwlib13terminal_from19putc_implementationEc
                0x0000000000002690       0xc0 main.o
                0x0000000000002690                hwlib::terminal_from::putc_implementation(char)
 .text._ZN5hwlib13terminal_fromC2ERNS_6windowERKNS_4fontE
                0x0000000000002750       0x58 main.o
                0x0000000000002750                hwlib::terminal_from::terminal_from(hwlib::window&, hwlib::font const&)
                0x0000000000002750                hwlib::terminal_from::terminal_from(hwlib::window&, hwlib::font const&)
 .text._ZN5hwlib11ssd1306_i2c7commandENS_16ssd1306_commandsEhh
                0x00000000000027a8       0x3c main.o
                0x00000000000027a8                hwlib::ssd1306_i2c::command(hwlib::ssd1306_commands, unsigned char, unsigned char)
 .text._ZN5hwlib29glcd_oled_i2c_128x64_buffered5flushEv
                0x00000000000027e4       0x58 main.o
                0x00000000000027e4                hwlib::glcd_oled_i2c_128x64_buffered::flush()
 .text._ZN3due6pin_inC2ENS_4pinsE
                0x000000000000283c       0x34 main.o
                0x000000000000283c                due::pin_in::pin_in(due::pins)
                0x000000000000283c                due::pin_in::pin_in(due::pins)
 .text._ZN3due6pin_ocC2ENS_4pinsE
                0x0000000000002870       0x34 main.o
                0x0000000000002870                due::pin_oc::pin_oc(due::pins)
                0x0000000000002870                due::pin_oc::pin_oc(due::pins)
 .text._ZN4rtos8callbackD2Ev
                0x00000000000028a4       0x30 main.o
                0x00000000000028a4                rtos::callback::~callback()
                0x00000000000028a4                rtos::callback::~callback()
 .text._ZN4rtos4taskILi4096EEC2EPKc
                0x00000000000028d4       0x58 main.o
                0x00000000000028d4                rtos::task<4096>::task(char const*)
                0x00000000000028d4                rtos::task<4096>::task(char const*)
 .text._ZN16WindowControllerC2ERN5hwlib6windowERKNS0_4fontE
                0x000000000000292c      0x218 main.o
                0x000000000000292c                WindowController::WindowController(hwlib::window&, hwlib::font const&)
                0x000000000000292c                WindowController::WindowController(hwlib::window&, hwlib::font const&)
 .text._ZN16IRSendControllerC2Ev
                0x0000000000002b44       0xf4 main.o
                0x0000000000002b44                IRSendController::IRSendController()
                0x0000000000002b44                IRSendController::IRSendController()
 .text.startup.main
                0x0000000000002c38      0x3d8 main.o
                0x0000000000002c38                main
 .text._ZN5hwlib6keypadILi17EE14char_availableEv
                0x0000000000003010       0x4a main.o
                0x0000000000003010                hwlib::keypad<17>::char_available()
 *fill*         0x000000000000305a        0x2 
 .text.__startup
                0x000000000000305c       0x48 bmptk_cortex.o
                0x000000000000305c                __startup
 .text.__cxa_pure_virtual
                0x00000000000030a4        0x2 bmptk_cortex.o
                0x00000000000030a4                __cxa_pure_virtual
 *fill*         0x00000000000030a6        0x2 
 .text.malloc   0x00000000000030a8       0x24 bmptk_heap_bmptk.o
                0x00000000000030a8                malloc
 .text          0x00000000000030cc       0xa0 /usr/lib/gcc/arm-none-eabi/7.3.1/thumb/v7-m/libgcc.a(_aeabi_ldivmod.o)
                0x00000000000030cc                __aeabi_ldivmod
 .text          0x000000000000316c       0x30 /usr/lib/gcc/arm-none-eabi/7.3.1/thumb/v7-m/libgcc.a(_aeabi_uldivmod.o)
                0x000000000000316c                __aeabi_uldivmod
 .text          0x000000000000319c      0x2d0 /usr/lib/gcc/arm-none-eabi/7.3.1/thumb/v7-m/libgcc.a(_udivmoddi4.o)
                0x000000000000319c                __udivmoddi4
 .text          0x000000000000346c        0x4 /usr/lib/gcc/arm-none-eabi/7.3.1/thumb/v7-m/libgcc.a(_dvmd_tls.o)
                0x000000000000346c                __aeabi_ldiv0
 .text          0x0000000000003470       0x94 /usr/lib/gcc/arm-none-eabi/7.3.1/../../../arm-none-eabi/lib/thumb/v7-m/libc.a(lib_a-memset.o)
                0x0000000000003470                memset
 .text          0x0000000000003504       0xbc /usr/lib/gcc/arm-none-eabi/7.3.1/../../../arm-none-eabi/lib/thumb/v7-m/libc.a(lib_a-strcpy.o)
                0x0000000000003504                strcpy
 .text          0x00000000000035c0       0x5c /usr/lib/gcc/arm-none-eabi/7.3.1/../../../arm-none-eabi/lib/thumb/v7-m/libc.a(lib_a-strncat.o)
                0x00000000000035c0                strncat
                0x000000000000361c                . = ALIGN (0x4)
 *(.glue_7t .glue_7)
 .glue_7        0x000000000000361c        0x0 linker stubs
 .glue_7t       0x000000000000361c        0x0 linker stubs
                0x000000000000361c                . = ALIGN (0x4)
 *(.rodata .rodata.* .gnu.linkonce.r.*)
 .rodata._ZN18KeyboardController4mainEv.str1.1
                0x000000000000361c        0xc KeyboardController.o
 .rodata._ZN3due8pin_infoENS_4pinsE.str1.1
                0x0000000000003628       0x33 KeyboardController.o
 *fill*         0x000000000000365b        0x1 
 .rodata._ZTV18KeyboardController
                0x000000000000365c       0x14 KeyboardController.o
                0x000000000000365c                vtable for KeyboardController
 .rodata._ZZN3due8pin_infoENS_4pinsEE14pin_info_array
                0x0000000000003670       0xa4 KeyboardController.o
 .rodata._ZN14MainController13verifyCommandEv.str1.1
                0x0000000000003714        0xe MainController.o
 *fill*         0x0000000000003722        0x2 
 .rodata._ZTV14MainController
                0x0000000000003724       0x14 MainController.o
                0x0000000000003724                vtable for MainController
 .rodata._ZN16WindowController4mainEv.str1.1
                0x0000000000003738       0xa2 WindowController.o
                                         0xaa (size before relaxing)
 .rodata._ZN5hwlibL11unspecifiedE
                0x00000000000037da        0x4 WindowController.o
 *fill*         0x00000000000037de        0x2 
 .rodata._ZTV16WindowController
                0x00000000000037e0       0x14 WindowController.o
                0x00000000000037e0                vtable for WindowController
 .rodata._ZN16IRSendController15generateMessageEv.str1.1
                0x00000000000037f4       0x59 IRSendController.o
 .rodata._ZN16IRSendController4mainEv.str1.1
                0x000000000000384d       0x46 IRSendController.o
 *fill*         0x0000000000003893        0x1 
 .rodata._ZTV16IRSendController
                0x0000000000003894       0x14 IRSendController.o
                0x0000000000003894                vtable for IRSendController
 .rodata._ZTVN4rtos8waitableE
                0x00000000000038a8        0xc rtos.o
                0x00000000000038a8                vtable for rtos::waitable
 .rodata._ZTVN4rtos4flagE
                0x00000000000038b4        0xc rtos.o
                0x00000000000038b4                vtable for rtos::flag
 .rodata._ZTVN4rtos8callbackE
                0x00000000000038c0       0x10 rtos.o
                0x00000000000038c0                vtable for rtos::callback
 .rodata._Z15task_trampolinev.str1.1
                0x00000000000038d0       0x2e rtos.o
 .rodata._ZN4rtos12waitable_set17waitable_allocateEv.str1.1
                0x00000000000038fe       0x1b rtos.o
 .rodata._ZN4rtos3addEPNS_9task_baseE.str1.1
                0x0000000000003919       0x2e rtos.o
 .rodata._ZN4rtos4beatEv.str1.1
                0x0000000000003947       0x3e rtos.o
 .rodata._ZN4rtos5printERN5hwlib7ostreamE.str1.1
                0x0000000000003985       0x83 rtos.o
 .rodata._ZN4rtos9task_base5blockEv.str1.1
                0x0000000000003a08       0x49 rtos.o
                                         0x4b (size before relaxing)
 .rodata._ZN4rtos9task_baseC2ER9coroutineILl0EEjPKc.str1.1
                0x0000000000003a51        0x8 rtos.o
 .rodata._ZNK4rtos12channel_base5printERN5hwlib7ostreamEb.str1.1
                0x0000000000003a59       0x23 rtos.o
 .rodata._ZNK4rtos12mailbox_base5printERN5hwlib7ostreamEb.str1.1
                0x0000000000003a7c       0x1b rtos.o
 .rodata._ZNK4rtos4flag5printERN5hwlib7ostreamEb.str1.1
                0x0000000000003a97       0x1e rtos.o
 .rodata._ZNK4rtos5clock5printERN5hwlib7ostreamEb.str1.1
                0x0000000000003ab5       0x1d rtos.o
 .rodata._ZNK4rtos5eventeqERKS0_.str1.1
                0x0000000000003ad2       0x21 rtos.o
 .rodata._ZNK4rtos5eventplERKS0_.str1.1
                0x0000000000003af3       0x1e rtos.o
 .rodata._ZNK4rtos5mutex5printERN5hwlib7ostreamEb.str1.1
                0x0000000000003b11       0x29 rtos.o
 .rodata._ZNK4rtos5timer5printERN5hwlib7ostreamEb.str1.1
                0x0000000000003b3a       0x13 rtos.o
 .rodata._ZNK4rtos9pool_base5printERN5hwlib7ostreamEb.str1.1
                0x0000000000003b4d       0x10 rtos.o
 .rodata._ZNK4rtos9task_base5printERN5hwlib7ostreamEb.str1.1
                0x0000000000003b5d       0x39 rtos.o
 *fill*         0x0000000000003b96        0x2 
 .rodata._ZTVN4rtos5clockE
                0x0000000000003b98       0x20 rtos.o
                0x0000000000003b98                vtable for rtos::clock
 .rodata._ZTVN4rtos5timerE
                0x0000000000003bb8       0x24 rtos.o
                0x0000000000003bb8                vtable for rtos::timer
 .rodata._ZTVN4rtos9task_baseE
                0x0000000000003bdc       0x14 rtos.o
                0x0000000000003bdc                vtable for rtos::task_base
 .rodata._ZTVN5hwlib14pin_in_dummy_tE
                0x0000000000003bf0       0x10 hwlib.o
                0x0000000000003bf0                vtable for hwlib::pin_in_dummy_t
 .rodata._ZTVN5hwlib14pin_oc_dummy_tE
                0x0000000000003c00       0x18 hwlib.o
                0x0000000000003c00                vtable for hwlib::pin_oc_dummy_t
 .rodata._ZTVN5hwlib19port_in_from_pins_tE
                0x0000000000003c18       0x14 hwlib.o
                0x0000000000003c18                vtable for hwlib::port_in_from_pins_t
 .rodata._ZTVN5hwlib19port_oc_from_pins_tE
                0x0000000000003c2c       0x1c hwlib.o
                0x0000000000003c2c                vtable for hwlib::port_oc_from_pins_t
 .rodata._ZTVN5hwlib21port_direct_from_in_tE
                0x0000000000003c48       0x14 hwlib.o
                0x0000000000003c48                vtable for hwlib::port_direct_from_in_t
 .rodata._ZTVN5hwlib21port_direct_from_oc_tE
                0x0000000000003c5c       0x1c hwlib.o
                0x0000000000003c5c                vtable for hwlib::port_direct_from_oc_t
 .rodata._ZTVN5hwlib20cout_using_uart_putcE
                0x0000000000003c78       0x10 hwlib.o
                0x0000000000003c78                vtable for hwlib::cout_using_uart_putc
 .rodata._ZTVN5hwlib9image_8x8E
                0x0000000000003c88        0xc hwlib.o
                0x0000000000003c88                vtable for hwlib::image_8x8
 .rodata._ZTVN5hwlib14image_invert_tE
                0x0000000000003c94        0xc hwlib.o
                0x0000000000003c94                vtable for hwlib::image_invert_t
 .rodata._ZTVN5hwlib13window_part_tE
                0x0000000000003ca0       0x18 hwlib.o
                0x0000000000003ca0                vtable for hwlib::window_part_t
 .rodata._ZN5hwlib16font_default_8x86imagesE
                0x0000000000003cb8      0xa00 hwlib.o
                0x0000000000003cb8                hwlib::font_default_8x8::images
 .rodata._ZN5hwlibL5blackE
                0x00000000000046b8        0x4 hwlib.o
 .rodata._ZN5hwlibL5whiteE
                0x00000000000046bc        0x4 hwlib.o
 .rodata._ZTVN5hwlib26i2c_bus_bit_banged_scl_sdaE
                0x00000000000046c0       0x34 main.o
                0x00000000000046c0                vtable for hwlib::i2c_bus_bit_banged_scl_sda
 .rodata._ZTVN5hwlib13terminal_fromE
                0x00000000000046f4       0x20 main.o
                0x00000000000046f4                vtable for hwlib::terminal_from
 .rodata._ZTVN5hwlib16font_default_8x8E
                0x0000000000004714        0xc main.o
                0x0000000000004714                vtable for hwlib::font_default_8x8
 .rodata._ZTVN5hwlib29glcd_oled_i2c_128x64_bufferedE
                0x0000000000004720       0x18 main.o
                0x0000000000004720                vtable for hwlib::glcd_oled_i2c_128x64_buffered
 .rodata._ZTVN3due6pin_inE
                0x0000000000004738       0x10 main.o
                0x0000000000004738                vtable for due::pin_in
 .rodata._ZTVN3due7pin_outE
                0x0000000000004748       0x10 main.o
                0x0000000000004748                vtable for due::pin_out
 .rodata._ZTVN3due6pin_ocE
                0x0000000000004758       0x18 main.o
                0x0000000000004758                vtable for due::pin_oc
 .rodata._ZTVN4rtos4taskILi4096EEE
                0x0000000000004770       0x14 main.o
                0x0000000000004770                vtable for rtos::task<4096>
 .rodata._ZTV8PinPWMD2ILi38000ELi2EE
                0x0000000000004784       0x10 main.o
                0x0000000000004784                vtable for PinPWMD2<38000, 2>
 .rodata._ZTVN5hwlib6keypadILi17EEE
                0x0000000000004794       0x14 main.o
                0x0000000000004794                vtable for hwlib::keypad<17>
 .rodata._ZN16IRSendControllerC2Ev.str1.1
                0x00000000000047a8       0x4c main.o
 .rodata._ZN16WindowControllerC2ERN5hwlib6windowERKNS0_4fontE.str1.1
                0x00000000000047f4       0x27 main.o
 .rodata._ZN4rtos8callbackD2Ev.str1.1
                0x000000000000481b       0x21 main.o
                                         0x35 (size before relaxing)
 .rodata._ZN5hwlibL11unspecifiedE
                0x000000000000483c        0x4 main.o
 .rodata._ZN5hwlibL22ssd1306_initializationE
                0x0000000000004840       0x29 main.o
 .rodata.main.str1.1
                0x0000000000004869       0x47 main.o
                                         0x48 (size before relaxing)
                0x00000000000048b0                . = ALIGN (0x4)
 *(.ARM.extab* .gnu.linkonce.armextab.*)
                0x00000000000048b0                . = ALIGN (0x4)
 *(.gcc_except_table)
                0x00000000000048b0                . = ALIGN (0x4)
 *(.eh_frame_hdr)
                0x00000000000048b0                . = ALIGN (0x4)
 *(.eh_frame)
                0x00000000000048b0                . = ALIGN (0x4)
                0x00000000000048b0                __text_end = .
                [!provide]                        PROVIDE (__text_end = __text_end)

.vfp11_veneer   0x00000000000048b0        0x0
 .vfp11_veneer  0x00000000000048b0        0x0 linker stubs

.v4_bx          0x00000000000048b0        0x0
 .v4_bx         0x00000000000048b0        0x0 linker stubs

.iplt           0x00000000000048b0        0x0
 .iplt          0x00000000000048b0        0x0 KeyboardController.o

.IF_YOU_SEE_THIS_YOU_HAVE_ONE_OR_MORE_GLOBAL_OBJECT_CONSTRUCTORS
 *(.init)
 *(.preinit_array)
 *(SORT_BY_NAME(.init_array.*))
 *(.init_array)
                0x00000000000048b0                . = ALIGN (0x4)
                0x00000000000048b0                __exidx_start = .
                [!provide]                        PROVIDE (__exidx_start = __exidx_start)

.ARM.exidx      0x00000000000048b0        0x8
 *(.ARM.exidx* .gnu.linkonce.armexidx.*)
 .ARM.exidx     0x00000000000048b0        0x8 /usr/lib/gcc/arm-none-eabi/7.3.1/thumb/v7-m/libgcc.a(_udivmoddi4.o)

.rel.dyn        0x00000000000048b8        0x0
 .rel.iplt      0x00000000000048b8        0x0 KeyboardController.o
                0x00000000000048b8                . = ALIGN (0x4)
                0x00000000000048b8                __exidx_end = .
                [!provide]                        PROVIDE (__exidx_end = __exidx_end)

.bss            0x0000000020000000    0x1405c
                0x0000000020000000                . = ALIGN (0x4)
                0x0000000020000000                __stack_start = .
                [!provide]                        PROVIDE (__stack_start = __stack_start)
                0x0000000020000000                . = ALIGN (0x4)
 *(.bmptk_stack)
 .bmptk_stack   0x0000000020000000    0x14000 bmptk_fixed_size_stack.o
                0x0000000020000000                bmptk_stack
                0x0000000020014000                . = ALIGN (0x8)
                0x0000000020014000                __main_stack_end = .
                [!provide]                        PROVIDE (__main_stack_end = __main_stack_end)
                0x0000000020014000                . = ALIGN (0x4)
                0x0000000020014000                __stack_end = .
                [!provide]                        PROVIDE (__stack_end = __stack_end)
                0x0000000020014000                . = ALIGN (0x4)
                0x0000000020014000                __bss_start = .
                [!provide]                        PROVIDE (__bss_start = __bss_start)
                0x0000000020014000                . = ALIGN (0x4)
 *(.bss .bss.* .gnu.linkonce.b.*)
 .bss._ZZN3due9now_ticksEvE4high
                0x0000000020014000        0x8 KeyboardController.o
 .bss._ZZN3due9now_ticksEvE8last_low
                0x0000000020014008        0x4 KeyboardController.o
 .bss._ZZN3due9now_ticksEvE9init_done
                0x000000002001400c        0x1 KeyboardController.o
 *fill*         0x000000002001400d        0x3 
 .bss._ZN17coroutine_context7main_spE
                0x0000000020014010        0x4 coroutine.o
                0x0000000020014010                coroutine_context::main_sp
 .bss._ZN4rtos10must_clearE
                0x0000000020014014        0x1 rtos.o
                0x0000000020014014                rtos::must_clear
 *fill*         0x0000000020014015        0x3 
 .bss._ZN4rtos17rtos_current_taskE
                0x0000000020014018        0x4 rtos.o
                0x0000000020014018                rtos::rtos_current_task
 .bss._ZN4rtos17scheduler_runningE
                0x000000002001401c        0x1 rtos.o
                0x000000002001401c                rtos::scheduler_running
 *fill*         0x000000002001401d        0x3 
 .bss._ZN4rtos5flagsE
                0x0000000020014020        0x4 rtos.o
                0x0000000020014020                rtos::flags
 .bss._ZN4rtos5poolsE
                0x0000000020014024        0x4 rtos.o
                0x0000000020014024                rtos::pools
 .bss._ZN4rtos6clocksE
                0x0000000020014028        0x4 rtos.o
                0x0000000020014028                rtos::clocks
 .bss._ZN4rtos6timersE
                0x000000002001402c        0x4 rtos.o
                0x000000002001402c                rtos::timers
 .bss._ZN4rtos7mutexesE
                0x0000000020014030        0x4 rtos.o
                0x0000000020014030                rtos::mutexes
 .bss._ZN4rtos8channelsE
                0x0000000020014034        0x4 rtos.o
                0x0000000020014034                rtos::channels
 .bss._ZN4rtos8taskListE
                0x0000000020014038        0x4 rtos.o
                0x0000000020014038                rtos::taskList
 .bss._ZN4rtos9mailboxesE
                0x000000002001403c        0x4 rtos.o
                0x000000002001403c                rtos::mailboxes
 .bss._ZN4rtos9timerListE
                0x0000000020014040        0x4 rtos.o
                0x0000000020014040                rtos::timerList
 *fill*         0x0000000020014044        0x4 
 .bss.last_run_time
                0x0000000020014048        0x8 rtos.o
                0x0000000020014048                last_run_time
 .bss._ZN5hwlib10background5firstE
                0x0000000020014050        0x4 hwlib.o
                0x0000000020014050                hwlib::background::first
 .bss._ZN5hwlib10background7currentE
                0x0000000020014054        0x4 hwlib.o
                0x0000000020014054                hwlib::background::current
 .bss._ZN5hwlib10background7runningE
                0x0000000020014058        0x1 hwlib.o
                0x0000000020014058                hwlib::background::running
 .bss._ZZN3due9uart_initEvE9init_done
                0x0000000020014059        0x1 hwlib.o
                0x000000002001405c                . = ALIGN (0x4)
 *fill*         0x000000002001405a        0x2 
 *(COMMON)
                0x000000002001405c                . = ALIGN (0x4)
                0x000000002001405c                __bss_end = .
                [!provide]                        PROVIDE (__bss_end = __bss_end)

.data           0x000000002001405c       0x30 load address 0x00000000000048b8
                0x000000002001405c                . = ALIGN (0x4)
                0x00000000000048b8                __data_init_start = LOADADDR (.data)
                [!provide]                        PROVIDE (__data_init_start = __data_init_start)
                0x000000002001405c                __data_start = .
                [!provide]                        PROVIDE (__data_start = __data_start)
                0x000000002001405c                . = ALIGN (0x4)
 *(.data .data.* .gnu.linkonce.d.*)
 .data._ZN6sam3xa15SystemCoreClockE
                0x000000002001405c        0x4 KeyboardController.o
                0x000000002001405c                sam3xa::SystemCoreClock
 .data._ZN17coroutine_context24current_coroutine_sp_ptrE
                0x0000000020014060        0x4 coroutine.o
                0x0000000020014060                coroutine_context::current_coroutine_sp_ptr
 .data._ZN3due7hw_uartE
                0x0000000020014064        0x4 hwlib.o
                0x0000000020014064                due::hw_uart
 .data._ZN5hwlib12pin_in_dummyE
                0x0000000020014068        0x4 hwlib.o
                0x0000000020014068                hwlib::pin_in_dummy
 .data._ZN5hwlib12pin_oc_dummyE
                0x000000002001406c        0x4 hwlib.o
                0x000000002001406c                hwlib::pin_oc_dummy
 .data._ZN5hwlib4coutE
                0x0000000020014070       0x14 hwlib.o
                0x0000000020014070                hwlib::cout
 .data._first_free
                0x0000000020014084        0x4 bmptk_heap_bmptk.o
                0x0000000020014084                _first_free
 .data._last_free
                0x0000000020014088        0x4 bmptk_heap_bmptk.o
                0x0000000020014088                _last_free
                0x000000002001408c                . = ALIGN (0x4)
                0x000000002001408c                __data_end = .
                [!provide]                        PROVIDE (__data_end = __data_end)
                0x00000000000048b8                __data_init_end = LOADADDR (.data)
                [!provide]                        PROVIDE (__data_init_end = __data_init_end)
                [!provide]                        PROVIDE (__data_size = (__data_end - __data_start))
                [!provide]                        PROVIDE (__data_init_size = __data_size)
                [!provide]                        PROVIDE (__data_init_end = (__data_init_start + __data_init_size))

.igot.plt       0x000000002001408c        0x0 load address 0x00000000000048e8
 .igot.plt      0x000000002001408c        0x0 KeyboardController.o
                0x000000002001408c                . = ALIGN (0x4)
                0x000000002001408c                __heap_start = .
                [!provide]                        PROVIDE (__heap_start = __heap_start)
                0x000000002001408c                . = ALIGN (0x4)
                0x0000000020018000                __heap_end = __ram_end
                [!provide]                        PROVIDE (__heap_end = __heap_end)

.stab
 *(.stab)

.stabstr
 *(.stabstr)

.debug
 *(.debug)

.line
 *(.line)

.debug_srcinfo
 *(.debug_srcinfo)

.debug_sfnames
 *(.debug_sfnames)

.debug_aranges  0x0000000000000000       0xe0
 *(.debug_aranges)
 .debug_aranges
                0x0000000000000000       0x20 /usr/lib/gcc/arm-none-eabi/7.3.1/thumb/v7-m/libgcc.a(_aeabi_ldivmod.o)
 .debug_aranges
                0x0000000000000020       0x20 /usr/lib/gcc/arm-none-eabi/7.3.1/thumb/v7-m/libgcc.a(_aeabi_uldivmod.o)
 .debug_aranges
                0x0000000000000040       0x20 /usr/lib/gcc/arm-none-eabi/7.3.1/thumb/v7-m/libgcc.a(_udivmoddi4.o)
 .debug_aranges
                0x0000000000000060       0x20 /usr/lib/gcc/arm-none-eabi/7.3.1/thumb/v7-m/libgcc.a(_dvmd_tls.o)
 .debug_aranges
                0x0000000000000080       0x20 /usr/lib/gcc/arm-none-eabi/7.3.1/../../../arm-none-eabi/lib/thumb/v7-m/libc.a(lib_a-memset.o)
 .debug_aranges
                0x00000000000000a0       0x20 /usr/lib/gcc/arm-none-eabi/7.3.1/../../../arm-none-eabi/lib/thumb/v7-m/libc.a(lib_a-strcpy.o)
 .debug_aranges
                0x00000000000000c0       0x20 /usr/lib/gcc/arm-none-eabi/7.3.1/../../../arm-none-eabi/lib/thumb/v7-m/libc.a(lib_a-strncat.o)

.debug_pubnames
 *(.debug_pubnames)

.debug_info     0x0000000000000000     0x2d67
 *(.debug_info .gnu.linkonce.wi.*)
 .debug_info    0x0000000000000000       0x26 /usr/lib/gcc/arm-none-eabi/7.3.1/thumb/v7-m/libgcc.a(_aeabi_ldivmod.o)
 .debug_info    0x0000000000000026       0x26 /usr/lib/gcc/arm-none-eabi/7.3.1/thumb/v7-m/libgcc.a(_aeabi_uldivmod.o)
 .debug_info    0x000000000000004c      0xd0b /usr/lib/gcc/arm-none-eabi/7.3.1/thumb/v7-m/libgcc.a(_udivmoddi4.o)
 .debug_info    0x0000000000000d57       0x26 /usr/lib/gcc/arm-none-eabi/7.3.1/thumb/v7-m/libgcc.a(_dvmd_tls.o)
 .debug_info    0x0000000000000d7d      0xe22 /usr/lib/gcc/arm-none-eabi/7.3.1/../../../arm-none-eabi/lib/thumb/v7-m/libc.a(lib_a-memset.o)
 .debug_info    0x0000000000001b9f      0x8bc /usr/lib/gcc/arm-none-eabi/7.3.1/../../../arm-none-eabi/lib/thumb/v7-m/libc.a(lib_a-strcpy.o)
 .debug_info    0x000000000000245b      0x90c /usr/lib/gcc/arm-none-eabi/7.3.1/../../../arm-none-eabi/lib/thumb/v7-m/libc.a(lib_a-strncat.o)

.debug_abbrev   0x0000000000000000      0x740
 *(.debug_abbrev)
 .debug_abbrev  0x0000000000000000       0x14 /usr/lib/gcc/arm-none-eabi/7.3.1/thumb/v7-m/libgcc.a(_aeabi_ldivmod.o)
 .debug_abbrev  0x0000000000000014       0x14 /usr/lib/gcc/arm-none-eabi/7.3.1/thumb/v7-m/libgcc.a(_aeabi_uldivmod.o)
 .debug_abbrev  0x0000000000000028      0x199 /usr/lib/gcc/arm-none-eabi/7.3.1/thumb/v7-m/libgcc.a(_udivmoddi4.o)
 .debug_abbrev  0x00000000000001c1       0x14 /usr/lib/gcc/arm-none-eabi/7.3.1/thumb/v7-m/libgcc.a(_dvmd_tls.o)
 .debug_abbrev  0x00000000000001d5      0x1de /usr/lib/gcc/arm-none-eabi/7.3.1/../../../arm-none-eabi/lib/thumb/v7-m/libc.a(lib_a-memset.o)
 .debug_abbrev  0x00000000000003b3      0x1b6 /usr/lib/gcc/arm-none-eabi/7.3.1/../../../arm-none-eabi/lib/thumb/v7-m/libc.a(lib_a-strcpy.o)
 .debug_abbrev  0x0000000000000569      0x1d7 /usr/lib/gcc/arm-none-eabi/7.3.1/../../../arm-none-eabi/lib/thumb/v7-m/libc.a(lib_a-strncat.o)

.debug_line     0x0000000000000000      0x811
 *(.debug_line)
 .debug_line    0x0000000000000000       0x7b /usr/lib/gcc/arm-none-eabi/7.3.1/thumb/v7-m/libgcc.a(_aeabi_ldivmod.o)
 .debug_line    0x000000000000007b       0x5d /usr/lib/gcc/arm-none-eabi/7.3.1/thumb/v7-m/libgcc.a(_aeabi_uldivmod.o)
 .debug_line    0x00000000000000d8      0x24f /usr/lib/gcc/arm-none-eabi/7.3.1/thumb/v7-m/libgcc.a(_udivmoddi4.o)
 .debug_line    0x0000000000000327       0x5d /usr/lib/gcc/arm-none-eabi/7.3.1/thumb/v7-m/libgcc.a(_dvmd_tls.o)
 .debug_line    0x0000000000000384      0x1e2 /usr/lib/gcc/arm-none-eabi/7.3.1/../../../arm-none-eabi/lib/thumb/v7-m/libc.a(lib_a-memset.o)
 .debug_line    0x0000000000000566      0x14d /usr/lib/gcc/arm-none-eabi/7.3.1/../../../arm-none-eabi/lib/thumb/v7-m/libc.a(lib_a-strcpy.o)
 .debug_line    0x00000000000006b3      0x15e /usr/lib/gcc/arm-none-eabi/7.3.1/../../../arm-none-eabi/lib/thumb/v7-m/libc.a(lib_a-strncat.o)

.debug_frame    0x0000000000000000      0x130
 *(.debug_frame)
 .debug_frame   0x0000000000000000       0x44 /usr/lib/gcc/arm-none-eabi/7.3.1/thumb/v7-m/libgcc.a(_aeabi_ldivmod.o)
 .debug_frame   0x0000000000000044       0x2c /usr/lib/gcc/arm-none-eabi/7.3.1/thumb/v7-m/libgcc.a(_aeabi_uldivmod.o)
 .debug_frame   0x0000000000000070       0x34 /usr/lib/gcc/arm-none-eabi/7.3.1/thumb/v7-m/libgcc.a(_udivmoddi4.o)
 .debug_frame   0x00000000000000a4       0x38 /usr/lib/gcc/arm-none-eabi/7.3.1/../../../arm-none-eabi/lib/thumb/v7-m/libc.a(lib_a-memset.o)
 .debug_frame   0x00000000000000dc       0x20 /usr/lib/gcc/arm-none-eabi/7.3.1/../../../arm-none-eabi/lib/thumb/v7-m/libc.a(lib_a-strcpy.o)
 .debug_frame   0x00000000000000fc       0x34 /usr/lib/gcc/arm-none-eabi/7.3.1/../../../arm-none-eabi/lib/thumb/v7-m/libc.a(lib_a-strncat.o)

.debug_str      0x0000000000000000     0x1c84
 *(.debug_str)
 .debug_str     0x0000000000000000       0x99 /usr/lib/gcc/arm-none-eabi/7.3.1/thumb/v7-m/libgcc.a(_aeabi_ldivmod.o)
 .debug_str     0x0000000000000099       0x99 /usr/lib/gcc/arm-none-eabi/7.3.1/thumb/v7-m/libgcc.a(_aeabi_uldivmod.o)
 .debug_str     0x0000000000000099     0x136f /usr/lib/gcc/arm-none-eabi/7.3.1/thumb/v7-m/libgcc.a(_udivmoddi4.o)
                                       0x140f (size before relaxing)
 .debug_str     0x0000000000001408       0x2d /usr/lib/gcc/arm-none-eabi/7.3.1/thumb/v7-m/libgcc.a(_dvmd_tls.o)
                                         0x9d (size before relaxing)
 .debug_str     0x0000000000001435      0x768 /usr/lib/gcc/arm-none-eabi/7.3.1/../../../arm-none-eabi/lib/thumb/v7-m/libc.a(lib_a-memset.o)
                                        0x8c4 (size before relaxing)
 .debug_str     0x0000000000001b9d       0xa2 /usr/lib/gcc/arm-none-eabi/7.3.1/../../../arm-none-eabi/lib/thumb/v7-m/libc.a(lib_a-strcpy.o)
                                        0x5a1 (size before relaxing)
 .debug_str     0x0000000000001c3f       0x45 /usr/lib/gcc/arm-none-eabi/7.3.1/../../../arm-none-eabi/lib/thumb/v7-m/libc.a(lib_a-strncat.o)
                                        0x5a8 (size before relaxing)

.debug_loc      0x0000000000000000     0x1104
 *(.debug_loc)
 .debug_loc     0x0000000000000000      0xe8b /usr/lib/gcc/arm-none-eabi/7.3.1/thumb/v7-m/libgcc.a(_udivmoddi4.o)
 .debug_loc     0x0000000000000e8b      0x175 /usr/lib/gcc/arm-none-eabi/7.3.1/../../../arm-none-eabi/lib/thumb/v7-m/libc.a(lib_a-memset.o)
 .debug_loc     0x0000000000001000       0x21 /usr/lib/gcc/arm-none-eabi/7.3.1/../../../arm-none-eabi/lib/thumb/v7-m/libc.a(lib_a-strcpy.o)
 .debug_loc     0x0000000000001021       0xe3 /usr/lib/gcc/arm-none-eabi/7.3.1/../../../arm-none-eabi/lib/thumb/v7-m/libc.a(lib_a-strncat.o)

.comment        0x0000000000000000       0xae
 .comment       0x0000000000000000       0x57 KeyboardController.o
                                         0x58 (size before relaxing)
 .comment       0x0000000000000057       0x58 MainController.o
 .comment       0x0000000000000057       0x58 WindowController.o
 .comment       0x0000000000000057       0x58 IRSendController.o
 .comment       0x0000000000000057       0x58 coroutine.o
 .comment       0x0000000000000057       0x58 rtos.o
 .comment       0x0000000000000057       0x58 hwlib.o
 .comment       0x0000000000000057       0x58 main.o
 .comment       0x0000000000000057       0x58 bmptk_cortex.o
 .comment       0x0000000000000057       0x58 bmptk_heap_bmptk.o
 .comment       0x0000000000000057       0x58 bmptk_fixed_size_stack.o
 .comment       0x0000000000000057       0x58 /usr/lib/gcc/arm-none-eabi/7.3.1/thumb/v7-m/libgcc.a(_udivmoddi4.o)
 .comment       0x0000000000000057       0x57 /usr/lib/gcc/arm-none-eabi/7.3.1/../../../arm-none-eabi/lib/thumb/v7-m/libc.a(lib_a-memset.o)
                                         0x58 (size before relaxing)
 .comment       0x00000000000000ae       0x58 /usr/lib/gcc/arm-none-eabi/7.3.1/../../../arm-none-eabi/lib/thumb/v7-m/libc.a(lib_a-strcpy.o)
 .comment       0x00000000000000ae       0x58 /usr/lib/gcc/arm-none-eabi/7.3.1/../../../arm-none-eabi/lib/thumb/v7-m/libc.a(lib_a-strncat.o)

.debug_macinfo
 *(.debug_macinfo)

.debug_weaknames
 *(.debug_weaknames)

.debug_funcnames
 *(.debug_funcnames)

.debug_typenames
 *(.debug_typenames)

.debug_varnames
 *(.debug_varnames)

.note.gnu.arm.ident
 *(.note.gnu.arm.ident)

.ARM.attributes
                0x0000000000000000       0x31
 *(.ARM.attributes)
 .ARM.attributes
                0x0000000000000000       0x33 KeyboardController.o
 .ARM.attributes
                0x0000000000000033       0x33 MainController.o
 .ARM.attributes
                0x0000000000000066       0x33 WindowController.o
 .ARM.attributes
                0x0000000000000099       0x33 IRSendController.o
 .ARM.attributes
                0x00000000000000cc       0x21 switch_to.o
 .ARM.attributes
                0x00000000000000ed       0x33 coroutine.o
 .ARM.attributes
                0x0000000000000120       0x33 rtos.o
 .ARM.attributes
                0x0000000000000153       0x33 hwlib.o
 .ARM.attributes
                0x0000000000000186       0x33 main.o
 .ARM.attributes
                0x00000000000001b9       0x33 bmptk_cortex.o
 .ARM.attributes
                0x00000000000001ec       0x33 bmptk_heap_bmptk.o
 .ARM.attributes
                0x000000000000021f       0x33 bmptk_fixed_size_stack.o
 .ARM.attributes
                0x0000000000000252       0x1d /usr/lib/gcc/arm-none-eabi/7.3.1/thumb/v7-m/libgcc.a(_aeabi_ldivmod.o)
 .ARM.attributes
                0x000000000000026f       0x1d /usr/lib/gcc/arm-none-eabi/7.3.1/thumb/v7-m/libgcc.a(_aeabi_uldivmod.o)
 .ARM.attributes
                0x000000000000028c       0x2d /usr/lib/gcc/arm-none-eabi/7.3.1/thumb/v7-m/libgcc.a(_udivmoddi4.o)
 .ARM.attributes
                0x00000000000002b9       0x1d /usr/lib/gcc/arm-none-eabi/7.3.1/thumb/v7-m/libgcc.a(_dvmd_tls.o)
 .ARM.attributes
                0x00000000000002d6       0x2d /usr/lib/gcc/arm-none-eabi/7.3.1/../../../arm-none-eabi/lib/thumb/v7-m/libc.a(lib_a-memset.o)
 .ARM.attributes
                0x0000000000000303       0x2d /usr/lib/gcc/arm-none-eabi/7.3.1/../../../arm-none-eabi/lib/thumb/v7-m/libc.a(lib_a-strcpy.o)
 .ARM.attributes
                0x0000000000000330       0x2d /usr/lib/gcc/arm-none-eabi/7.3.1/../../../arm-none-eabi/lib/thumb/v7-m/libc.a(lib_a-strncat.o)

/DISCARD/
 *(.note.GNU-stack)
                [!provide]                        PROVIDE (__text_size = (__text_end - __text_start))
                [!provide]                        PROVIDE (__exidx_size = (__exidx_end - __exidx_start))
                [!provide]                        PROVIDE (__bss_size = (__bss_end - __bss_start))
                [!provide]                        PROVIDE (__stack_size = (__stack_end - __stack_start))
                [!provide]                        PROVIDE (__heap_size = (__heap_end - __heap_start))
OUTPUT(main.elf elf32-littlearm)

.debug_ranges   0x0000000000000000      0x108
 .debug_ranges  0x0000000000000000       0xf8 /usr/lib/gcc/arm-none-eabi/7.3.1/thumb/v7-m/libgcc.a(_udivmoddi4.o)
 .debug_ranges  0x00000000000000f8       0x10 /usr/lib/gcc/arm-none-eabi/7.3.1/../../../arm-none-eabi/lib/thumb/v7-m/libc.a(lib_a-strcpy.o)
