Archive member included to satisfy reference by file (symbol)

/usr/lib/gcc/arm-none-eabi/7.3.1/thumb/v7-m/libgcc.a(_aeabi_ldivmod.o)
                              rtos.o (__aeabi_ldivmod)
/usr/lib/gcc/arm-none-eabi/7.3.1/thumb/v7-m/libgcc.a(_aeabi_uldivmod.o)
                              rtos.o (__aeabi_uldivmod)
/usr/lib/gcc/arm-none-eabi/7.3.1/thumb/v7-m/libgcc.a(_udivmoddi4.o)
                              /usr/lib/gcc/arm-none-eabi/7.3.1/thumb/v7-m/libgcc.a(_aeabi_ldivmod.o) (__udivmoddi4)
/usr/lib/gcc/arm-none-eabi/7.3.1/thumb/v7-m/libgcc.a(_dvmd_tls.o)
                              /usr/lib/gcc/arm-none-eabi/7.3.1/thumb/v7-m/libgcc.a(_aeabi_ldivmod.o) (__aeabi_ldiv0)
/usr/lib/gcc/arm-none-eabi/7.3.1/../../../arm-none-eabi/lib/thumb/v7-m/libc.a(lib_a-memcpy.o)
                              main.o (memcpy)

Allocating common symbols
Common symbol       size              file

__dso_handle        0x4               bmptk_cortex.o

Discarded input sections

 .group         0x0000000000000000        0x8 OLEDController.o
 .group         0x0000000000000000        0x8 OLEDController.o
 .group         0x0000000000000000        0xc OLEDController.o
 .group         0x0000000000000000        0x8 OLEDController.o
 .group         0x0000000000000000        0x8 OLEDController.o
 .group         0x0000000000000000        0xc OLEDController.o
 .group         0x0000000000000000        0xc OLEDController.o
 .text          0x0000000000000000        0x0 OLEDController.o
 .data          0x0000000000000000        0x0 OLEDController.o
 .bss           0x0000000000000000        0x0 OLEDController.o
 .text._ZN3due11ad_pin_infoENS_7ad_pinsE
                0x0000000000000000       0x1c OLEDController.o
 .text._ZN3due11ad_seq_infoEm
                0x0000000000000000       0x20 OLEDController.o
 .text._ZN5hwlib19uart_char_availableEv
                0x0000000000000000        0x4 OLEDController.o
 .text._ZN5hwlib9uart_getcEv
                0x0000000000000000        0x4 OLEDController.o
 .rodata._ZZN3due11ad_pin_infoENS_7ad_pinsEE17ad_pin_info_array
                0x0000000000000000        0xc OLEDController.o
 .rodata._ZZN3due11ad_seq_infoEmE12ad_seq_array
                0x0000000000000000       0x70 OLEDController.o
 .data          0x0000000000000000        0x0 switch_to.o
 .bss           0x0000000000000000        0x0 switch_to.o
 .group         0x0000000000000000        0xc coroutine.o
 .text          0x0000000000000000        0x0 coroutine.o
 .data          0x0000000000000000        0x0 coroutine.o
 .bss           0x0000000000000000        0x0 coroutine.o
 .text._ZN6sam3xa10SystemInitEv
                0x0000000000000000       0x7c coroutine.o
 .text._ZN3due8pin_infoENS_4pinsE
                0x0000000000000000       0x20 coroutine.o
 .text._ZN3due11ad_pin_infoENS_7ad_pinsE
                0x0000000000000000       0x1c coroutine.o
 .text._ZN3due11ad_seq_infoEm
                0x0000000000000000       0x20 coroutine.o
 .text._ZN3due14port_registersEm
                0x0000000000000000       0x54 coroutine.o
 .text._ZN3due12ticks_per_usEv
                0x0000000000000000        0x6 coroutine.o
 .text._ZN3due9now_ticksEv
                0x0000000000000000       0x80 coroutine.o
 .text._ZN5hwlib9uart_putcEc
                0x0000000000000000        0x4 coroutine.o
 .text._ZN5hwlib19uart_char_availableEv
                0x0000000000000000        0x4 coroutine.o
 .text._ZN5hwlib9uart_getcEv
                0x0000000000000000        0x4 coroutine.o
 .bss._ZZN3due9now_ticksEvE4high
                0x0000000000000000        0x8 coroutine.o
 .bss._ZZN3due9now_ticksEvE8last_low
                0x0000000000000000        0x4 coroutine.o
 .bss._ZZN3due9now_ticksEvE9init_done
                0x0000000000000000        0x1 coroutine.o
 .data._ZN6sam3xa15SystemCoreClockE
                0x0000000000000000        0x4 coroutine.o
 .rodata._ZN3due8pin_infoENS_4pinsE.str1.1
                0x0000000000000000       0x33 coroutine.o
 .rodata._ZZN3due11ad_pin_infoENS_7ad_pinsEE17ad_pin_info_array
                0x0000000000000000        0xc coroutine.o
 .rodata._ZZN3due11ad_seq_infoEmE12ad_seq_array
                0x0000000000000000       0x70 coroutine.o
 .rodata._ZZN3due8pin_infoENS_4pinsEE14pin_info_array
                0x0000000000000000       0xa4 coroutine.o
 .group         0x0000000000000000        0x8 rtos.o
 .group         0x0000000000000000        0x8 rtos.o
 .group         0x0000000000000000        0xc rtos.o
 .group         0x0000000000000000        0xc rtos.o
 .group         0x0000000000000000        0xc rtos.o
 .group         0x0000000000000000        0xc rtos.o
 .group         0x0000000000000000        0xc rtos.o
 .group         0x0000000000000000        0xc rtos.o
 .group         0x0000000000000000        0xc rtos.o
 .group         0x0000000000000000        0xc rtos.o
 .group         0x0000000000000000        0xc rtos.o
 .group         0x0000000000000000        0xc rtos.o
 .group         0x0000000000000000        0xc rtos.o
[...]
Memory Configuration

Name             Origin             Length             Attributes
rom              0x0000000000000000 0x0000000000080000 xr
ram              0x0000000020000000 0x0000000000018000 xrw
nul              0x0000000020018000 0x0000000000000000 xrw
*default*        0x0000000000000000 0xffffffffffffffff

Linker script and memory map

LOAD /usr/lib/gcc/arm-none-eabi/7.3.1/thumb/v7-m/libgcc.a
LOAD OLEDController.o
LOAD switch_to.o
LOAD coroutine.o
LOAD rtos.o
LOAD hwlib.o
LOAD main.o
LOAD bmptk_cortex.o
LOAD bmptk_heap_bmptk.o
LOAD bmptk_fixed_size_stack.o
LOAD /usr/lib/gcc/arm-none-eabi/7.3.1/../../../arm-none-eabi/lib/thumb/v7-m/libm.a
LOAD /usr/lib/gcc/arm-none-eabi/7.3.1/thumb/v7-m/libgcc.a
LOAD /usr/lib/gcc/arm-none-eabi/7.3.1/../../../arm-none-eabi/lib/thumb/v7-m/libc.a
                0x0000000000000000                __rom_start = ORIGIN (rom)
                0x0000000000080000                __rom_size = LENGTH (rom)
                0x0000000000080000                __rom_end = (__rom_start + __rom_size)
                0x0000000020000000                __ram_start = ORIGIN (ram)
                0x0000000000018000                __ram_size = LENGTH (ram)
                0x0000000020018000                __ram_end = (__ram_start + __ram_size)
                [!provide]                        PROVIDE (__rom_start = __rom_start)
                [!provide]                        PROVIDE (__rom_size = __rom_size)
                [!provide]                        PROVIDE (__rom_end = __rom_end)
                [!provide]                        PROVIDE (__ram_start = __ram_start)
                [!provide]                        PROVIDE (__ram_size = __ram_size)
                [!provide]                        PROVIDE (__ram_end = __ram_end)

.text           0x0000000000000000     0x5688
                0x0000000000000000                . = ALIGN (0x4)
                0x0000000000000000                __text_start = .
                [!provide]                        PROVIDE (__text_start = __text_start)
                0x0000000000000000                . = ALIGN (0x4)
 *(.vectors)
 .vectors       0x0000000000000000       0x20 bmptk_cortex.o
                0x0000000000000000                __vectors
                0x0000000000000020                . = ALIGN (0x4)
 *(.text .text.* .gnu.linkonce.t.*)
 .text._ZN5hwlib4line4drawERNS_6windowE
                0x0000000000000020      0x102 OLEDController.o
                0x0000000000000020                hwlib::line::draw(hwlib::window&)
 .text._ZN5hwlib7ostreamlsEc
                0x0000000000000122        0xe OLEDController.o
                0x0000000000000122                hwlib::ostream::operator<<(char)
 .text._ZN5hwliblsERNS_7ostreamEPKc
                0x0000000000000130       0x66 OLEDController.o
                0x0000000000000130                hwlib::operator<<(hwlib::ostream&, char const*)
 .text._ZN5hwlib6window5clearENS_5colorE
                0x0000000000000196       0x56 OLEDController.o
                0x0000000000000196                hwlib::window::clear(hwlib::color)
 .text._ZN5hwlib13window_part_t5flushEv
                0x00000000000001ec        0x8 OLEDController.o
                0x00000000000001ec                hwlib::window_part_t::flush()
 .text._ZN6sam3xa10SystemInitEv
                0x00000000000001f4       0x7c OLEDController.o
                0x00000000000001f4                sam3xa::SystemInit()
 .text._ZN3due8pin_infoENS_4pinsE
                0x0000000000000270       0x20 OLEDController.o
                0x0000000000000270                due::pin_info(due::pins)
 .text._ZN3due14port_registersEm
                0x0000000000000290       0x54 OLEDController.o
                0x0000000000000290                due::port_registers(unsigned long)
 .text._ZN3due12ticks_per_usEv
                0x00000000000002e4        0x6 OLEDController.o
                0x00000000000002e4                due::ticks_per_us()
 *fill*         0x00000000000002ea        0x2 
 .text._ZN3due9now_ticksEv
                0x00000000000002ec       0x80 OLEDController.o
                0x00000000000002ec                due::now_ticks()
 .text._ZN5hwlib9uart_putcEc
                0x000000000000036c        0x4 OLEDController.o
                0x000000000000036c                hwlib::uart_putc(char)
 .text._ZN14OLEDController7drawBoxERN5hwlib13window_part_tEii
                0x0000000000000370       0xa8 OLEDController.o
                0x0000000000000370                OLEDController::drawBox(hwlib::window_part_t&, int, int)
 .text.startup._ZN14OLEDController4mainEv
                0x0000000000000418      0x31c OLEDController.o
                0x0000000000000418                OLEDController::main()
 .text._ZN14OLEDController10updateTimeEi
                0x0000000000000734       0x16 OLEDController.o
                0x0000000000000734                OLEDController::updateTime(int)
 .text._ZN14OLEDController12updateHealthEi
                0x000000000000074a       0x16 OLEDController.o
                0x000000000000074a                OLEDController::updateHealth(int)
 .text._ZN14OLEDController18updatePlayerNumberEi
                0x0000000000000760        0x4 OLEDController.o
                0x0000000000000760                OLEDController::updatePlayerNumber(int)
 .text._ZN14OLEDController12updateWeaponEi
                0x0000000000000764       0x16 OLEDController.o
                0x0000000000000764                OLEDController::updateWeapon(int)
 *fill*         0x000000000000077a        0x2 
 .text          0x000000000000077c       0x24 switch_to.o
                0x000000000000077c                switch_from_to
 .text._ZN4rtos8callback6cancelEv
                0x00000000000007a0        0xa rtos.o
                0x00000000000007a0                rtos::callback::cancel()
 .text._ZN5hwlib7ostream7reverse10add_prefixERKS0_.part.2
                0x00000000000007aa       0x4c rtos.o
 .text._ZN5hwliblsERNS_7ostreamEi
                0x00000000000007f6       0x92 rtos.o
                0x00000000000007f6                hwlib::operator<<(hwlib::ostream&, int)
 .text._ZN5hwliblsERNS_7ostreamEx
                0x0000000000000888       0xc4 rtos.o
                0x0000000000000888                hwlib::operator<<(hwlib::ostream&, long long)
 .text._ZN5hwliblsERNS_7ostreamEj
                0x000000000000094c        0xc rtos.o
                0x000000000000094c                hwlib::operator<<(hwlib::ostream&, unsigned int)
 .text._Z6strlenPKc
                0x0000000000000958       0x10 rtos.o
                0x0000000000000958                strlen(char const*)
 .text._Z6strcpyPcPKc
                0x0000000000000968       0x14 rtos.o
                0x0000000000000968                strcpy(char*, char const*)
 .text._Z15string_allocatePKc
                0x000000000000097c       0x26 rtos.o
                0x000000000000097c                string_allocate(char const*)
 .text._Z12nr_from_maskj
                0x00000000000009a2       0x1a rtos.o
                0x00000000000009a2                nr_from_mask(unsigned int)
 .text._Z15task_trampolinev
                0x00000000000009bc       0x34 rtos.o
                0x00000000000009bc                task_trampoline()
 .text._ZN4rtos9task_base7releaseEv
                0x00000000000009f0       0x24 rtos.o
                0x00000000000009f0                rtos::task_base::release()
 .text._ZN4rtos9task_base7suspendEv
                0x0000000000000a14        0x8 rtos.o
                0x0000000000000a14                rtos::task_base::suspend()
 .text._ZN4rtos9task_base6resumeEv
                0x0000000000000a1c        0x8 rtos.o
                0x0000000000000a1c                rtos::task_base::resume()
 .text._ZN4rtos9task_base7unblockEv
                0x0000000000000a24       0x14 rtos.o
                0x0000000000000a24                rtos::task_base::unblock()
 .text._ZN4rtos9task_base5blockEv
                0x0000000000000a38       0x70 rtos.o
                0x0000000000000a38                rtos::task_base::block()
 .text._ZNK4rtos9task_base5printERN5hwlib7ostreamEb
                0x0000000000000aa8      0x154 rtos.o
                0x0000000000000aa8                rtos::task_base::print(hwlib::ostream&, bool) const
 .text._ZNK4rtos5eventeqERKS0_
                0x0000000000000bfc       0x3c rtos.o
                0x0000000000000bfc                rtos::event::operator==(rtos::event const&) const
 .text._ZNK4rtos5eventeqERKNS_8waitableE
                0x0000000000000c38       0x1c rtos.o
                0x0000000000000c38                rtos::event::operator==(rtos::waitable const&) const
 .text._ZNK4rtos5eventplERKS0_
                0x0000000000000c54       0x3c rtos.o
                0x0000000000000c54                rtos::event::operator+(rtos::event const&) const
 .text._ZNK4rtos4flag5printERN5hwlib7ostreamEb
                0x0000000000000c90       0xcc rtos.o
                0x0000000000000c90                rtos::flag::print(hwlib::ostream&, bool) const
 .text._ZNK4rtos5timer5printERN5hwlib7ostreamEb
                0x0000000000000d5c       0xd0 rtos.o
                0x0000000000000d5c                rtos::timer::print(hwlib::ostream&, bool) const
 .text._ZNK4rtos5clock5printERN5hwlib7ostreamEb
                0x0000000000000e2c       0xd4 rtos.o
                0x0000000000000e2c                rtos::clock::print(hwlib::ostream&, bool) const
 .text._ZN4rtos12waitable_set17waitable_allocateEv
                0x0000000000000f00       0x38 rtos.o
                0x0000000000000f00                rtos::waitable_set::waitable_allocate()
 .text._ZN4rtos8waitableC2EPNS_9task_baseEPKc
                0x0000000000000f38       0x2c rtos.o
                0x0000000000000f38                rtos::waitable::waitable(rtos::task_base*, char const*)
                0x0000000000000f38                rtos::waitable::waitable(rtos::task_base*, char const*)
 .text._ZN4rtos12waitable_set3setERKNS_8waitableE
                0x0000000000000f64       0x14 rtos.o
                0x0000000000000f64                rtos::waitable_set::set(rtos::waitable const&)
 .text._ZN4rtos5timer7time_upEv
                0x0000000000000f78       0x10 rtos.o
                0x0000000000000f78                rtos::timer::time_up()
                0x0000000000000f82                non-virtual thunk to rtos::timer::time_up()
 .text._ZN4rtos4flag3setEv
                0x0000000000000f88       0x10 rtos.o
                0x0000000000000f88                rtos::flag::set()
 .text._ZN4rtos12waitable_set5clearERKNS_8waitableE
                0x0000000000000f98        0xc rtos.o
                0x0000000000000f98                rtos::waitable_set::clear(rtos::waitable const&)
 .text._ZN4rtos8waitable5clearEv
                0x0000000000000fa4        0xa rtos.o
                0x0000000000000fa4                rtos::waitable::clear()
 .text._ZN4rtos5timer6cancelEv
                0x0000000000000fae       0x16 rtos.o
                0x0000000000000fae                rtos::timer::cancel()
 .text._ZThn16_N4rtos5timer6cancelEv
                0x0000000000000fc4        0x8 rtos.o
                0x0000000000000fc4                non-virtual thunk to rtos::timer::cancel()
 .text._ZN4rtos12waitable_set4waitEj
                0x0000000000000fcc       0x64 rtos.o
                0x0000000000000fcc                rtos::waitable_set::wait(unsigned int)
 .text._ZNK4rtos5mutex5printERN5hwlib7ostreamEb
                0x0000000000001030       0xec rtos.o
                0x0000000000001030                rtos::mutex::print(hwlib::ostream&, bool) const
 .text._ZNK4rtos12channel_base5printERN5hwlib7ostreamEb
                0x000000000000111c       0xe0 rtos.o
                0x000000000000111c                rtos::channel_base::print(hwlib::ostream&, bool) const
 .text._ZNK4rtos9pool_base5printERN5hwlib7ostreamEb
                0x00000000000011fc       0x78 rtos.o
                0x00000000000011fc                rtos::pool_base::print(hwlib::ostream&, bool) const
 .text._ZNK4rtos12mailbox_base5printERN5hwlib7ostreamEb
                0x0000000000001274       0xc4 rtos.o
                0x0000000000001274                rtos::mailbox_base::print(hwlib::ostream&, bool) const
 .text._ZN4rtos3addEPNS_4flagE
                0x0000000000001338       0x10 rtos.o
                0x0000000000001338                rtos::add(rtos::flag*)
 .text._ZN4rtos4flagC2EPNS_9task_baseEPKc
                0x0000000000001348       0x20 rtos.o
                0x0000000000001348                rtos::flag::flag(rtos::task_base*, char const*)
                0x0000000000001348                rtos::flag::flag(rtos::task_base*, char const*)
 .text._ZN4rtos3addEPNS_5timerE
                0x0000000000001368       0x10 rtos.o
                0x0000000000001368                rtos::add(rtos::timer*)
 .text._ZN4rtos3addEPNS_9pool_baseE
                0x0000000000001378       0x10 rtos.o
                0x0000000000001378                rtos::add(rtos::pool_base*)
 .text._ZN4rtos9pool_baseC2EPKc
                0x0000000000001388       0x1a rtos.o
                0x0000000000001388                rtos::pool_base::pool_base(char const*)
                0x0000000000001388                rtos::pool_base::pool_base(char const*)
 *fill*         0x00000000000013a2        0x2 
 .text._ZN4rtos5printERN5hwlib7ostreamE
                0x00000000000013a4      0x1b4 rtos.o
                0x00000000000013a4                rtos::print(hwlib::ostream&)
 .text._ZN4rtos4beatEv
                0x0000000000001558      0x148 rtos.o
                0x0000000000001558                rtos::beat()
 .text._ZN4rtos3runEv
                0x00000000000016a0       0x20 rtos.o
                0x00000000000016a0                rtos::run()
 .text._ZN4rtos3addEPNS_8callbackE
                0x00000000000016c0       0x10 rtos.o
                0x00000000000016c0                rtos::add(rtos::callback*)
 .text._ZN4rtos8callbackC2EPKc
                0x00000000000016d0       0x28 rtos.o
                0x00000000000016d0                rtos::callback::callback(char const*)
                0x00000000000016d0                rtos::callback::callback(char const*)
 .text._ZN4rtos5timerC2EPNS_9task_baseEPKc
                0x00000000000016f8       0x34 rtos.o
                0x00000000000016f8                rtos::timer::timer(rtos::task_base*, char const*)
                0x00000000000016f8                rtos::timer::timer(rtos::task_base*, char const*)
 .text._ZN4rtos3addEPNS_9task_baseE
                0x000000000000172c       0x74 rtos.o
                0x000000000000172c                rtos::add(rtos::task_base*)
 .text._ZN4rtos9task_baseC2ER9coroutineILl0EEjPKc
                0x00000000000017a0       0x4c rtos.o
                0x00000000000017a0                rtos::task_base::task_base(coroutine<0l>&, unsigned int, char const*)
                0x00000000000017a0                rtos::task_base::task_base(coroutine<0l>&, unsigned int, char const*)
 .text._ZN5hwlib7wait_usEi
                0x00000000000017ec       0x3c rtos.o
                0x00000000000017ec                hwlib::wait_us(int)
 .text._ZN5hwlib7wait_msEi
                0x0000000000001828       0x16 rtos.o
                0x0000000000001828                hwlib::wait_ms(int)
 .text._ZN5hwlib20cout_using_uart_putc5flushEv
                0x000000000000183e        0x2 hwlib.o
                0x000000000000183e                hwlib::cout_using_uart_putc::flush()
 .text._ZNK5hwlib9image_8x819read_implementationENS_2xyE
                0x0000000000001840       0x44 hwlib.o
                0x0000000000001840                hwlib::image_8x8::read_implementation(hwlib::xy) const
 .text._ZN5hwlib6window20clear_implementationENS_5colorE
                0x0000000000001884       0x72 hwlib.o
                0x0000000000001884                hwlib::window::clear_implementation(hwlib::color)
 .text._ZN5hwlib5panicEPKcj
                0x00000000000018f6        0x2 hwlib.o
                0x00000000000018f6                hwlib::panic(char const*, unsigned int)
 .text._ZN5hwlib10background18do_background_workEv
                0x00000000000018f8       0x3c hwlib.o
                0x00000000000018f8                hwlib::background::do_background_work()
 .text._ZN5hwlib3allENS_2xyE
                0x0000000000001934       0x16 hwlib.o
                0x0000000000001934                hwlib::all(hwlib::xy)
 .text._ZNK5hwlib5colorngEv
                0x000000000000194a       0x2e hwlib.o
                0x000000000000194a                hwlib::color::operator-() const
 .text._ZNK5hwlib5image4readENS_2xyE
                0x0000000000001978       0x3a hwlib.o
                0x0000000000001978                hwlib::image::read(hwlib::xy) const
 .text._ZNK5hwlib14image_invert_t19read_implementationENS_2xyE
                0x00000000000019b2       0x64 hwlib.o
                0x00000000000019b2                hwlib::image_invert_t::read_implementation(hwlib::xy) const
 *fill*         0x0000000000001a16        0x2 
 .text._ZN5hwlib6invertERKNS_5imageE
                0x0000000000001a18       0x18 hwlib.o
                0x0000000000001a18                hwlib::invert(hwlib::image const&)
 .text._ZN5hwlib6window5writeENS_2xyENS_5colorE
                0x0000000000001a30       0x5c hwlib.o
                0x0000000000001a30                hwlib::window::write(hwlib::xy, hwlib::color)
 .text._ZN5hwlib13window_part_t20write_implementationENS_2xyENS_5colorE
                0x0000000000001a8c       0x2e hwlib.o
                0x0000000000001a8c                hwlib::window_part_t::write_implementation(hwlib::xy, hwlib::color)
 *fill*         0x0000000000001aba        0x2 
 .text._ZN3due9uart_initEv
                0x0000000000001abc       0x60 hwlib.o
                0x0000000000001abc                due::uart_init()
 .text._ZN3due9uart_putcEc
                0x0000000000001b1c       0x20 hwlib.o
                0x0000000000001b1c                due::uart_putc(char)
 .text._ZN5hwlib20cout_using_uart_putc4putcEc
                0x0000000000001b3c        0xa hwlib.o
                0x0000000000001b3c                hwlib::cout_using_uart_putc::putc(char)
 .text._ZN5hwlib6now_usEv
                0x0000000000001b46       0x1c hwlib.o
                0x0000000000001b46                hwlib::now_us()
 .text._ZN5hwlib12wait_us_busyEi
                0x0000000000001b62       0x1c hwlib.o
                0x0000000000001b62                hwlib::wait_us_busy(int)
 .text._ZN5hwlib8terminal10cursor_setENS_2xyE
                0x0000000000001b7e       0x28 main.o
                0x0000000000001b7e                hwlib::terminal::cursor_set(hwlib::xy)
 .text._ZN5hwlib14i2c_primitives8read_ackEv
                0x0000000000001ba6       0x10 main.o
                0x0000000000001ba6                hwlib::i2c_primitives::read_ack()
 .text._ZN5hwlib14i2c_primitives9write_ackEv
                0x0000000000001bb6        0x8 main.o
                0x0000000000001bb6                hwlib::i2c_primitives::write_ack()
 .text._ZN5hwlib14i2c_primitives10write_nackEv
                0x0000000000001bbe        0x8 main.o
                0x0000000000001bbe                hwlib::i2c_primitives::write_nack()
 .text._ZN5hwlib14i2c_primitives5writeEh
                0x0000000000001bc6       0x1c main.o
                0x0000000000001bc6                hwlib::i2c_primitives::write(unsigned char)
 .text._ZN5hwlib14i2c_primitives5writeEPKhj
                0x0000000000001be2       0x24 main.o
                0x0000000000001be2                hwlib::i2c_primitives::write(unsigned char const*, unsigned int)
 .text._ZN5hwlib14i2c_primitives9read_byteEv
                0x0000000000001c06       0x20 main.o
                0x0000000000001c06                hwlib::i2c_primitives::read_byte()
 .text._ZN5hwlib14i2c_primitives4readEbPhj
                0x0000000000001c26       0x36 main.o
                0x0000000000001c26                hwlib::i2c_primitives::read(bool, unsigned char*, unsigned int)
 .text._ZN5hwlib13terminal_from25cursor_set_implementationENS_2xyE
                0x0000000000001c5c       0x28 main.o
                0x0000000000001c5c                hwlib::terminal_from::cursor_set_implementation(hwlib::xy)
 .text._ZN5hwlib13terminal_from5clearEv
                0x0000000000001c84       0x30 main.o
                0x0000000000001c84                hwlib::terminal_from::clear()
 .text._ZN5hwlib13terminal_from5flushEv
                0x0000000000001cb4        0x8 main.o
                0x0000000000001cb4                hwlib::terminal_from::flush()
 .text._ZNK5hwlib16font_default_8x8ixEc
                0x0000000000001cbc       0x14 main.o
                0x0000000000001cbc                hwlib::font_default_8x8::operator[](char) const
 .text._ZNK5hwlib11image_16x1619read_implementationENS_2xyE
                0x0000000000001cd0       0x68 main.o
                0x0000000000001cd0                hwlib::image_16x16::read_implementation(hwlib::xy) const
 .text._ZNK5hwlib18font_default_16x16ixEc
                0x0000000000001d38       0x10 main.o
                0x0000000000001d38                hwlib::font_default_16x16::operator[](char) const
 .text._ZN5hwlib29glcd_oled_i2c_128x64_buffered20write_implementationENS_2xyENS_5colorE
                0x0000000000001d48       0x64 main.o
                0x0000000000001d48                hwlib::glcd_oled_i2c_128x64_buffered::write_implementation(hwlib::xy, hwlib::color)
 .text._ZN3due6pin_oc4readEv
                0x0000000000001dac       0x10 main.o
                0x0000000000001dac                due::pin_oc::read()
 .text._ZN3due6pin_oc5writeEb
                0x0000000000001dbc       0x10 main.o
                0x0000000000001dbc                due::pin_oc::write(bool)
 .text._ZN3due6pin_oc5flushEv
                0x0000000000001dcc        0x2 main.o
                0x0000000000001dcc                due::pin_oc::flush()
 .text._ZN3due6pin_oc7refreshEv
                0x0000000000001dce        0x2 main.o
                0x0000000000001dce                due::pin_oc::refresh()
 .text._ZN5hwlib8terminal4putcEc
                0x0000000000001dd0       0xde main.o
                0x0000000000001dd0                hwlib::terminal::putc(char)
 .text._ZN5hwlib26i2c_bus_bit_banged_scl_sda16wait_half_periodEv.isra.4
                0x0000000000001eae        0x6 main.o
 .text._ZN5hwlib26i2c_bus_bit_banged_scl_sda10write_stopEv
                0x0000000000001eb4       0x60 main.o
                0x0000000000001eb4                hwlib::i2c_bus_bit_banged_scl_sda::write_stop()
 .text._ZN5hwlib26i2c_bus_bit_banged_scl_sda11write_startEv
                0x0000000000001f14       0x34 main.o
                0x0000000000001f14                hwlib::i2c_bus_bit_banged_scl_sda::write_start()
 .text._ZN5hwlib26i2c_bus_bit_banged_scl_sda8read_bitEv
                0x0000000000001f48       0x68 main.o
                0x0000000000001f48                hwlib::i2c_bus_bit_banged_scl_sda::read_bit()
 .text._ZN5hwlib26i2c_bus_bit_banged_scl_sda9write_bitEb
                0x0000000000001fb0       0x52 main.o
                0x0000000000001fb0                hwlib::i2c_bus_bit_banged_scl_sda::write_bit(bool)
 *fill*         0x0000000000002002        0x2 
 .text.startup._ZN8testMain4mainEv
                0x0000000000002004       0x84 main.o
                0x0000000000002004                testMain::main()
 .text._ZN5hwlib21i2c_write_transactionC2ERNS_14i2c_primitivesEj
                0x0000000000002088       0x24 main.o
                0x0000000000002088                hwlib::i2c_write_transaction::i2c_write_transaction(hwlib::i2c_primitives&, unsigned int)
                0x0000000000002088                hwlib::i2c_write_transaction::i2c_write_transaction(hwlib::i2c_primitives&, unsigned int)
 .text._ZN5hwlib21i2c_write_transaction5writeEPKhj
                0x00000000000020ac        0x8 main.o
                0x00000000000020ac                hwlib::i2c_write_transaction::write(unsigned char const*, unsigned int)
 .text._ZN5hwlib21i2c_write_transactionD2Ev
                0x00000000000020b4       0x18 main.o
                0x00000000000020b4                hwlib::i2c_write_transaction::~i2c_write_transaction()
                0x00000000000020b4                hwlib::i2c_write_transaction::~i2c_write_transaction()
 .text._ZN5hwlib6window5writeENS_2xyERKNS_5imageE
                0x00000000000020cc       0x98 main.o
                0x00000000000020cc                hwlib::window::write(hwlib::xy, hwlib::image const&)
 .text._ZN5hwlib13terminal_from19putc_implementationEc
                0x0000000000002164       0x2e main.o
                0x0000000000002164                hwlib::terminal_from::putc_implementation(char)
 *fill*         0x0000000000002192        0x2 
 .text._ZN5hwlib13terminal_fromC2ERNS_6windowERKNS_4fontE
                0x0000000000002194       0x58 main.o
                0x0000000000002194                hwlib::terminal_from::terminal_from(hwlib::window&, hwlib::font const&)
                0x0000000000002194                hwlib::terminal_from::terminal_from(hwlib::window&, hwlib::font const&)
 .text._ZN5hwlib11ssd1306_i2c7commandENS_16ssd1306_commandsEhh
                0x00000000000021ec       0x3c main.o
                0x00000000000021ec                hwlib::ssd1306_i2c::command(hwlib::ssd1306_commands, unsigned char, unsigned char)
 .text._ZN5hwlib29glcd_oled_i2c_128x64_buffered5flushEv
                0x0000000000002228       0x58 main.o
                0x0000000000002228                hwlib::glcd_oled_i2c_128x64_buffered::flush()
 .text._ZN3due6pin_ocC2ENS_4pinsE
                0x0000000000002280       0x34 main.o
                0x0000000000002280                due::pin_oc::pin_oc(due::pins)
                0x0000000000002280                due::pin_oc::pin_oc(due::pins)
 .text._ZN4rtos9pool_baseD2Ev
                0x00000000000022b4       0x28 main.o
                0x00000000000022b4                rtos::pool_base::~pool_base()
                0x00000000000022b4                rtos::pool_base::~pool_base()
 .text._ZN5hwlib13window_part_tC2ERKS0_
                0x00000000000022dc       0x38 main.o
                0x00000000000022dc                hwlib::window_part_t::window_part_t(hwlib::window_part_t const&)
                0x00000000000022dc                hwlib::window_part_t::window_part_t(hwlib::window_part_t const&)
 .text._ZN4rtos4flagC2ERKS0_
                0x0000000000002314       0x2c main.o
                0x0000000000002314                rtos::flag::flag(rtos::flag const&)
                0x0000000000002314                rtos::flag::flag(rtos::flag const&)
 .text._ZN5hwlib13terminal_fromC2ERKS0_
                0x0000000000002340       0x6c main.o
                0x0000000000002340                hwlib::terminal_from::terminal_from(hwlib::terminal_from const&)
                0x0000000000002340                hwlib::terminal_from::terminal_from(hwlib::terminal_from const&)
 .text._ZN14OLEDControllerC2ERKS_
                0x00000000000023ac      0x1bc main.o
                0x00000000000023ac                OLEDController::OLEDController(OLEDController const&)
                0x00000000000023ac                OLEDController::OLEDController(OLEDController const&)
 .text._ZN4rtos4taskILi4096EEC2EjPKc
                0x0000000000002568       0x54 main.o
                0x0000000000002568                rtos::task<4096>::task(unsigned int, char const*)
                0x0000000000002568                rtos::task<4096>::task(unsigned int, char const*)
 .text._ZN14OLEDControllerC2ERN5hwlib29glcd_oled_i2c_128x64_bufferedE
                0x00000000000025bc      0x34c main.o
                0x00000000000025bc                OLEDController::OLEDController(hwlib::glcd_oled_i2c_128x64_buffered&)
                0x00000000000025bc                OLEDController::OLEDController(hwlib::glcd_oled_i2c_128x64_buffered&)
 .text.startup.main
                0x0000000000002908       0xfc main.o
                0x0000000000002908                main
 .text.__startup
                0x0000000000002a04       0x48 bmptk_cortex.o
                0x0000000000002a04                __startup
 .text.__cxa_pure_virtual
                0x0000000000002a4c        0x2 bmptk_cortex.o
                0x0000000000002a4c                __cxa_pure_virtual
 *fill*         0x0000000000002a4e        0x2 
 .text.malloc   0x0000000000002a50       0x24 bmptk_heap_bmptk.o
                0x0000000000002a50                malloc
 .text          0x0000000000002a74       0xa0 /usr/lib/gcc/arm-none-eabi/7.3.1/thumb/v7-m/libgcc.a(_aeabi_ldivmod.o)
                0x0000000000002a74                __aeabi_ldivmod
 .text          0x0000000000002b14       0x30 /usr/lib/gcc/arm-none-eabi/7.3.1/thumb/v7-m/libgcc.a(_aeabi_uldivmod.o)
                0x0000000000002b14                __aeabi_uldivmod
 .text          0x0000000000002b44      0x2d0 /usr/lib/gcc/arm-none-eabi/7.3.1/thumb/v7-m/libgcc.a(_udivmoddi4.o)
                0x0000000000002b44                __udivmoddi4
 .text          0x0000000000002e14        0x4 /usr/lib/gcc/arm-none-eabi/7.3.1/thumb/v7-m/libgcc.a(_dvmd_tls.o)
                0x0000000000002e14                __aeabi_ldiv0
 .text          0x0000000000002e18       0xec /usr/lib/gcc/arm-none-eabi/7.3.1/../../../arm-none-eabi/lib/thumb/v7-m/libc.a(lib_a-memcpy.o)
                0x0000000000002e18                memcpy
                0x0000000000002f04                . = ALIGN (0x4)
 *(.glue_7t .glue_7)
 .glue_7        0x0000000000002f04        0x0 linker stubs
 .glue_7t       0x0000000000002f04        0x0 linker stubs
                0x0000000000002f04                . = ALIGN (0x4)
 *(.rodata .rodata.* .gnu.linkonce.r.*)
 .rodata._ZTVN5hwlib4lineE
                0x0000000000002f04        0xc OLEDController.o
                0x0000000000002f04                vtable for hwlib::line
 .rodata._ZL16top_heart_values
                0x0000000000002f10      0x150 OLEDController.o
 .rodata._ZL19bottom_heart_values
                0x0000000000003060      0x150 OLEDController.o
 .rodata._ZN14OLEDController4mainEv.str1.1
                0x00000000000031b0       0x97 OLEDController.o
 .rodata._ZN3due8pin_infoENS_4pinsE.str1.1
                0x0000000000003247       0x33 OLEDController.o
 .rodata._ZN5hwlibL11unspecifiedE
                0x000000000000327a        0x4 OLEDController.o
 *fill*         0x000000000000327e        0x2 
 .rodata._ZTV14OLEDController
                0x0000000000003280       0x14 OLEDController.o
                0x0000000000003280                vtable for OLEDController
 .rodata._ZZN3due8pin_infoENS_4pinsEE14pin_info_array
                0x0000000000003294       0xa4 OLEDController.o
 .rodata._ZTVN4rtos8waitableE
                0x0000000000003338        0xc rtos.o
                0x0000000000003338                vtable for rtos::waitable
 .rodata._ZTVN4rtos4flagE
                0x0000000000003344        0xc rtos.o
                0x0000000000003344                vtable for rtos::flag
 .rodata._ZTVN4rtos8callbackE
                0x0000000000003350       0x10 rtos.o
                0x0000000000003350                vtable for rtos::callback
 .rodata._Z15task_trampolinev.str1.1
                0x0000000000003360       0x2e rtos.o
 .rodata._ZN4rtos12waitable_set17waitable_allocateEv.str1.1
                0x000000000000338e       0x1b rtos.o
 .rodata._ZN4rtos3addEPNS_9task_baseE.str1.1
                0x00000000000033a9       0x2e rtos.o
 .rodata._ZN4rtos4beatEv.str1.1
                0x00000000000033d7       0x3e rtos.o
 .rodata._ZN4rtos5printERN5hwlib7ostreamE.str1.1
                0x0000000000003415       0x83 rtos.o
 .rodata._ZN4rtos9task_base5blockEv.str1.1
                0x0000000000003498       0x49 rtos.o
                                         0x4b (size before relaxing)
 .rodata._ZN4rtos9task_baseC2ER9coroutineILl0EEjPKc.str1.1
                0x00000000000034e1        0x8 rtos.o
 .rodata._ZNK4rtos12channel_base5printERN5hwlib7ostreamEb.str1.1
                0x00000000000034e9       0x23 rtos.o
 .rodata._ZNK4rtos12mailbox_base5printERN5hwlib7ostreamEb.str1.1
                0x000000000000350c       0x1b rtos.o
 .rodata._ZNK4rtos4flag5printERN5hwlib7ostreamEb.str1.1
                0x0000000000003527       0x1e rtos.o
 .rodata._ZNK4rtos5clock5printERN5hwlib7ostreamEb.str1.1
                0x0000000000003545       0x1d rtos.o
 .rodata._ZNK4rtos5eventeqERKS0_.str1.1
                0x0000000000003562       0x21 rtos.o
 .rodata._ZNK4rtos5eventplERKS0_.str1.1
                0x0000000000003583       0x1e rtos.o
 .rodata._ZNK4rtos5mutex5printERN5hwlib7ostreamEb.str1.1
                0x00000000000035a1       0x29 rtos.o
 .rodata._ZNK4rtos5timer5printERN5hwlib7ostreamEb.str1.1
                0x00000000000035ca       0x13 rtos.o
 .rodata._ZNK4rtos9pool_base5printERN5hwlib7ostreamEb.str1.1
                0x00000000000035dd       0x10 rtos.o
 .rodata._ZNK4rtos9task_base5printERN5hwlib7ostreamEb.str1.1
                0x00000000000035ed       0x39 rtos.o
 *fill*         0x0000000000003626        0x2 
 .rodata._ZTVN4rtos5timerE
                0x0000000000003628       0x24 rtos.o
                0x0000000000003628                vtable for rtos::timer
 .rodata._ZTVN4rtos9task_baseE
                0x000000000000364c       0x14 rtos.o
                0x000000000000364c                vtable for rtos::task_base
 .rodata._ZTVN5hwlib20cout_using_uart_putcE
                0x0000000000003660       0x10 hwlib.o
                0x0000000000003660                vtable for hwlib::cout_using_uart_putc
 .rodata._ZTVN5hwlib9image_8x8E
                0x0000000000003670        0xc hwlib.o
                0x0000000000003670                vtable for hwlib::image_8x8
 .rodata._ZTVN5hwlib14image_invert_tE
                0x000000000000367c        0xc hwlib.o
                0x000000000000367c                vtable for hwlib::image_invert_t
 .rodata._ZTVN5hwlib13window_part_tE
                0x0000000000003688       0x18 hwlib.o
                0x0000000000003688                vtable for hwlib::window_part_t
 .rodata._ZN5hwlib15font_16x16_dataE
                0x00000000000036a0      0xbe4 hwlib.o
                0x00000000000036a0                hwlib::font_16x16_data
 .rodata._ZN5hwlib16font_default_8x86imagesE
                0x0000000000004284      0xa00 hwlib.o
                0x0000000000004284                hwlib::font_default_8x8::images
 .rodata._ZN5hwlibL5blackE
                0x0000000000004c84        0x4 hwlib.o
 .rodata._ZN5hwlibL5whiteE
                0x0000000000004c88        0x4 hwlib.o
 .rodata._ZTVN5hwlib26i2c_bus_bit_banged_scl_sdaE
                0x0000000000004c8c       0x34 main.o
                0x0000000000004c8c                vtable for hwlib::i2c_bus_bit_banged_scl_sda
 .rodata._ZTVN5hwlib13terminal_fromE
                0x0000000000004cc0       0x20 main.o
                0x0000000000004cc0                vtable for hwlib::terminal_from
 .rodata._ZTVN5hwlib16font_default_8x8E
                0x0000000000004ce0        0xc main.o
                0x0000000000004ce0                vtable for hwlib::font_default_8x8
 .rodata._ZTVN5hwlib11image_16x16E
                0x0000000000004cec        0xc main.o
                0x0000000000004cec                vtable for hwlib::image_16x16
 .rodata._ZTVN5hwlib18font_default_16x16E
                0x0000000000004cf8        0xc main.o
                0x0000000000004cf8                vtable for hwlib::font_default_16x16
 .rodata._ZTVN5hwlib29glcd_oled_i2c_128x64_bufferedE
                0x0000000000004d04       0x18 main.o
                0x0000000000004d04                vtable for hwlib::glcd_oled_i2c_128x64_buffered
 .rodata._ZTVN3due6pin_ocE
                0x0000000000004d1c       0x18 main.o
                0x0000000000004d1c                vtable for due::pin_oc
 .rodata._ZTVN4rtos4taskILi4096EEE
                0x0000000000004d34       0x14 main.o
                0x0000000000004d34                vtable for rtos::task<4096>
 .rodata._ZTV8testMain
                0x0000000000004d48       0x14 main.o
                0x0000000000004d48                vtable for testMain
 .rodata        0x0000000000004d5c        0xa main.o
 .rodata._ZN14OLEDControllerC2ERN5hwlib29glcd_oled_i2c_128x64_bufferedE.str1.1
                0x0000000000004d66       0x4b main.o
                                         0x4c (size before relaxing)
 .rodata._ZN4rtos9pool_baseD2Ev.str1.1
                0x0000000000004db1       0x17 main.o
                                         0x2b (size before relaxing)
 .rodata._ZN5hwlibL11unspecifiedE
                0x0000000000004dc8        0x4 main.o
 .rodata._ZN5hwlibL13_images_16x16E
                0x0000000000004dcc      0x800 main.o
 .rodata._ZN5hwlibL22ssd1306_initializationE
                0x00000000000055cc       0x29 main.o
 .rodata._ZN5hwlibL5blackE
                0x00000000000055f5        0x4 main.o
 .rodata._ZN5hwlibL5whiteE
                0x00000000000055f9        0x4 main.o
 .rodata._ZN8testMain4mainEv.str1.1
                0x00000000000055fd       0x88 main.o
                0x0000000000005688                . = ALIGN (0x4)
 *fill*         0x0000000000005685        0x3 
 *(.ARM.extab* .gnu.linkonce.armextab.*)
                0x0000000000005688                . = ALIGN (0x4)
 *(.gcc_except_table)
                0x0000000000005688                . = ALIGN (0x4)
 *(.eh_frame_hdr)
                0x0000000000005688                . = ALIGN (0x4)
 *(.eh_frame)
                0x0000000000005688                . = ALIGN (0x4)
                0x0000000000005688                __text_end = .
                [!provide]                        PROVIDE (__text_end = __text_end)

.vfp11_veneer   0x0000000000005688        0x0
 .vfp11_veneer  0x0000000000005688        0x0 linker stubs

.v4_bx          0x0000000000005688        0x0
 .v4_bx         0x0000000000005688        0x0 linker stubs

.iplt           0x0000000000005688        0x0
 .iplt          0x0000000000005688        0x0 OLEDController.o

.IF_YOU_SEE_THIS_YOU_HAVE_ONE_OR_MORE_GLOBAL_OBJECT_CONSTRUCTORS
 *(.init)
 *(.preinit_array)
 *(SORT_BY_NAME(.init_array.*))
 *(.init_array)
                0x0000000000005688                . = ALIGN (0x4)
                0x0000000000005688                __exidx_start = .
                [!provide]                        PROVIDE (__exidx_start = __exidx_start)

.ARM.exidx      0x0000000000005688        0x8
 *(.ARM.exidx* .gnu.linkonce.armexidx.*)
 .ARM.exidx     0x0000000000005688        0x8 /usr/lib/gcc/arm-none-eabi/7.3.1/thumb/v7-m/libgcc.a(_udivmoddi4.o)

.rel.dyn        0x0000000000005690        0x0
 .rel.iplt      0x0000000000005690        0x0 OLEDController.o
                0x0000000000005690                . = ALIGN (0x4)
                0x0000000000005690                __exidx_end = .
                [!provide]                        PROVIDE (__exidx_end = __exidx_end)

.bss            0x0000000020000000    0x1405c
                0x0000000020000000                . = ALIGN (0x4)
                0x0000000020000000                __stack_start = .
                [!provide]                        PROVIDE (__stack_start = __stack_start)
                0x0000000020000000                . = ALIGN (0x4)
 *(.bmptk_stack)
 .bmptk_stack   0x0000000020000000    0x14000 bmptk_fixed_size_stack.o
                0x0000000020000000                bmptk_stack
                0x0000000020014000                . = ALIGN (0x8)
                0x0000000020014000                __main_stack_end = .
                [!provide]                        PROVIDE (__main_stack_end = __main_stack_end)
                0x0000000020014000                . = ALIGN (0x4)
                0x0000000020014000                __stack_end = .
                [!provide]                        PROVIDE (__stack_end = __stack_end)
                0x0000000020014000                . = ALIGN (0x4)
                0x0000000020014000                __bss_start = .
                [!provide]                        PROVIDE (__bss_start = __bss_start)
                0x0000000020014000                . = ALIGN (0x4)
 *(.bss .bss.* .gnu.linkonce.b.*)
 .bss._ZZN3due9now_ticksEvE4high
                0x0000000020014000        0x8 OLEDController.o
 .bss._ZZN3due9now_ticksEvE8last_low
                0x0000000020014008        0x4 OLEDController.o
 .bss._ZZN3due9now_ticksEvE9init_done
                0x000000002001400c        0x1 OLEDController.o
 *fill*         0x000000002001400d        0x3 
 .bss._ZN17coroutine_context7main_spE
                0x0000000020014010        0x4 coroutine.o
                0x0000000020014010                coroutine_context::main_sp
 .bss._ZN4rtos10must_clearE
                0x0000000020014014        0x1 rtos.o
                0x0000000020014014                rtos::must_clear
 *fill*         0x0000000020014015        0x3 
 .bss._ZN4rtos17rtos_current_taskE
                0x0000000020014018        0x4 rtos.o
                0x0000000020014018                rtos::rtos_current_task
 .bss._ZN4rtos17scheduler_runningE
                0x000000002001401c        0x1 rtos.o
                0x000000002001401c                rtos::scheduler_running
 *fill*         0x000000002001401d        0x3 
 .bss._ZN4rtos5flagsE
                0x0000000020014020        0x4 rtos.o
                0x0000000020014020                rtos::flags
 .bss._ZN4rtos5poolsE
                0x0000000020014024        0x4 rtos.o
                0x0000000020014024                rtos::pools
 .bss._ZN4rtos6clocksE
                0x0000000020014028        0x4 rtos.o
                0x0000000020014028                rtos::clocks
 .bss._ZN4rtos6timersE
                0x000000002001402c        0x4 rtos.o
                0x000000002001402c                rtos::timers
 .bss._ZN4rtos7mutexesE
                0x0000000020014030        0x4 rtos.o
                0x0000000020014030                rtos::mutexes
 .bss._ZN4rtos8channelsE
                0x0000000020014034        0x4 rtos.o
                0x0000000020014034                rtos::channels
 .bss._ZN4rtos8taskListE
                0x0000000020014038        0x4 rtos.o
                0x0000000020014038                rtos::taskList
 .bss._ZN4rtos9mailboxesE
                0x000000002001403c        0x4 rtos.o
                0x000000002001403c                rtos::mailboxes
 .bss._ZN4rtos9timerListE
                0x0000000020014040        0x4 rtos.o
                0x0000000020014040                rtos::timerList
 *fill*         0x0000000020014044        0x4 
 .bss.last_run_time
                0x0000000020014048        0x8 rtos.o
                0x0000000020014048                last_run_time
 .bss._ZN5hwlib10background5firstE
                0x0000000020014050        0x4 hwlib.o
                0x0000000020014050                hwlib::background::first
 .bss._ZN5hwlib10background7currentE
                0x0000000020014054        0x4 hwlib.o
                0x0000000020014054                hwlib::background::current
 .bss._ZN5hwlib10background7runningE
                0x0000000020014058        0x1 hwlib.o
                0x0000000020014058                hwlib::background::running
 .bss._ZZN3due9uart_initEvE9init_done
                0x0000000020014059        0x1 hwlib.o
                0x000000002001405c                . = ALIGN (0x4)
 *fill*         0x000000002001405a        0x2 
 *(COMMON)
                0x000000002001405c                . = ALIGN (0x4)
                0x000000002001405c                __bss_end = .
                [!provide]                        PROVIDE (__bss_end = __bss_end)

.data           0x000000002001405c       0x28 load address 0x0000000000005690
                0x000000002001405c                . = ALIGN (0x4)
                0x0000000000005690                __data_init_start = LOADADDR (.data)
                [!provide]                        PROVIDE (__data_init_start = __data_init_start)
                0x000000002001405c                __data_start = .
                [!provide]                        PROVIDE (__data_start = __data_start)
                0x000000002001405c                . = ALIGN (0x4)
 *(.data .data.* .gnu.linkonce.d.*)
 .data._ZN6sam3xa15SystemCoreClockE
                0x000000002001405c        0x4 OLEDController.o
                0x000000002001405c                sam3xa::SystemCoreClock
 .data._ZN17coroutine_context24current_coroutine_sp_ptrE
                0x0000000020014060        0x4 coroutine.o
                0x0000000020014060                coroutine_context::current_coroutine_sp_ptr
 .data._ZN3due7hw_uartE
                0x0000000020014064        0x4 hwlib.o
                0x0000000020014064                due::hw_uart
 .data._ZN5hwlib4coutE
                0x0000000020014068       0x14 hwlib.o
                0x0000000020014068                hwlib::cout
 .data._first_free
                0x000000002001407c        0x4 bmptk_heap_bmptk.o
                0x000000002001407c                _first_free
 .data._last_free
                0x0000000020014080        0x4 bmptk_heap_bmptk.o
                0x0000000020014080                _last_free
                0x0000000020014084                . = ALIGN (0x4)
                0x0000000020014084                __data_end = .
                [!provide]                        PROVIDE (__data_end = __data_end)
                0x0000000000005690                __data_init_end = LOADADDR (.data)
                [!provide]                        PROVIDE (__data_init_end = __data_init_end)
                [!provide]                        PROVIDE (__data_size = (__data_end - __data_start))
                [!provide]                        PROVIDE (__data_init_size = __data_size)
                [!provide]                        PROVIDE (__data_init_end = (__data_init_start + __data_init_size))

.igot.plt       0x0000000020014084        0x0 load address 0x00000000000056b8
 .igot.plt      0x0000000020014084        0x0 OLEDController.o
                0x0000000020014084                . = ALIGN (0x4)
                0x0000000020014084                __heap_start = .
                [!provide]                        PROVIDE (__heap_start = __heap_start)
                0x0000000020014084                . = ALIGN (0x4)
                0x0000000020018000                __heap_end = __ram_end
                [!provide]                        PROVIDE (__heap_end = __heap_end)

.stab
 *(.stab)

.stabstr
 *(.stabstr)

.debug
 *(.debug)

.line
 *(.line)

.debug_srcinfo
 *(.debug_srcinfo)

.debug_sfnames
 *(.debug_sfnames)

.debug_aranges  0x0000000000000000       0xa0
 *(.debug_aranges)
 .debug_aranges
                0x0000000000000000       0x20 /usr/lib/gcc/arm-none-eabi/7.3.1/thumb/v7-m/libgcc.a(_aeabi_ldivmod.o)
 .debug_aranges
                0x0000000000000020       0x20 /usr/lib/gcc/arm-none-eabi/7.3.1/thumb/v7-m/libgcc.a(_aeabi_uldivmod.o)
 .debug_aranges
                0x0000000000000040       0x20 /usr/lib/gcc/arm-none-eabi/7.3.1/thumb/v7-m/libgcc.a(_udivmoddi4.o)
 .debug_aranges
                0x0000000000000060       0x20 /usr/lib/gcc/arm-none-eabi/7.3.1/thumb/v7-m/libgcc.a(_dvmd_tls.o)
 .debug_aranges
                0x0000000000000080       0x20 /usr/lib/gcc/arm-none-eabi/7.3.1/../../../arm-none-eabi/lib/thumb/v7-m/libc.a(lib_a-memcpy.o)

.debug_pubnames
 *(.debug_pubnames)

.debug_info     0x0000000000000000      0xda3
 *(.debug_info .gnu.linkonce.wi.*)
 .debug_info    0x0000000000000000       0x26 /usr/lib/gcc/arm-none-eabi/7.3.1/thumb/v7-m/libgcc.a(_aeabi_ldivmod.o)
 .debug_info    0x0000000000000026       0x26 /usr/lib/gcc/arm-none-eabi/7.3.1/thumb/v7-m/libgcc.a(_aeabi_uldivmod.o)
 .debug_info    0x000000000000004c      0xd0b /usr/lib/gcc/arm-none-eabi/7.3.1/thumb/v7-m/libgcc.a(_udivmoddi4.o)
 .debug_info    0x0000000000000d57       0x26 /usr/lib/gcc/arm-none-eabi/7.3.1/thumb/v7-m/libgcc.a(_dvmd_tls.o)
 .debug_info    0x0000000000000d7d       0x26 /usr/lib/gcc/arm-none-eabi/7.3.1/../../../arm-none-eabi/lib/thumb/v7-m/libc.a(lib_a-memcpy.o)

.debug_abbrev   0x0000000000000000      0x1e9
 *(.debug_abbrev)
 .debug_abbrev  0x0000000000000000       0x14 /usr/lib/gcc/arm-none-eabi/7.3.1/thumb/v7-m/libgcc.a(_aeabi_ldivmod.o)
 .debug_abbrev  0x0000000000000014       0x14 /usr/lib/gcc/arm-none-eabi/7.3.1/thumb/v7-m/libgcc.a(_aeabi_uldivmod.o)
 .debug_abbrev  0x0000000000000028      0x199 /usr/lib/gcc/arm-none-eabi/7.3.1/thumb/v7-m/libgcc.a(_udivmoddi4.o)
 .debug_abbrev  0x00000000000001c1       0x14 /usr/lib/gcc/arm-none-eabi/7.3.1/thumb/v7-m/libgcc.a(_dvmd_tls.o)
 .debug_abbrev  0x00000000000001d5       0x14 /usr/lib/gcc/arm-none-eabi/7.3.1/../../../arm-none-eabi/lib/thumb/v7-m/libc.a(lib_a-memcpy.o)

.debug_line     0x0000000000000000      0x442
 *(.debug_line)
 .debug_line    0x0000000000000000       0x7b /usr/lib/gcc/arm-none-eabi/7.3.1/thumb/v7-m/libgcc.a(_aeabi_ldivmod.o)
 .debug_line    0x000000000000007b       0x5d /usr/lib/gcc/arm-none-eabi/7.3.1/thumb/v7-m/libgcc.a(_aeabi_uldivmod.o)
 .debug_line    0x00000000000000d8      0x24f /usr/lib/gcc/arm-none-eabi/7.3.1/thumb/v7-m/libgcc.a(_udivmoddi4.o)
 .debug_line    0x0000000000000327       0x5d /usr/lib/gcc/arm-none-eabi/7.3.1/thumb/v7-m/libgcc.a(_dvmd_tls.o)
 .debug_line    0x0000000000000384       0xbe /usr/lib/gcc/arm-none-eabi/7.3.1/../../../arm-none-eabi/lib/thumb/v7-m/libc.a(lib_a-memcpy.o)

.debug_frame    0x0000000000000000       0xa4
 *(.debug_frame)
 .debug_frame   0x0000000000000000       0x44 /usr/lib/gcc/arm-none-eabi/7.3.1/thumb/v7-m/libgcc.a(_aeabi_ldivmod.o)
 .debug_frame   0x0000000000000044       0x2c /usr/lib/gcc/arm-none-eabi/7.3.1/thumb/v7-m/libgcc.a(_aeabi_uldivmod.o)
 .debug_frame   0x0000000000000070       0x34 /usr/lib/gcc/arm-none-eabi/7.3.1/thumb/v7-m/libgcc.a(_udivmoddi4.o)

.debug_str      0x0000000000000000     0x14d7
 *(.debug_str)
 .debug_str     0x0000000000000000       0x99 /usr/lib/gcc/arm-none-eabi/7.3.1/thumb/v7-m/libgcc.a(_aeabi_ldivmod.o)
 .debug_str     0x0000000000000099       0x99 /usr/lib/gcc/arm-none-eabi/7.3.1/thumb/v7-m/libgcc.a(_aeabi_uldivmod.o)
 .debug_str     0x0000000000000099     0x136f /usr/lib/gcc/arm-none-eabi/7.3.1/thumb/v7-m/libgcc.a(_udivmoddi4.o)
                                       0x140f (size before relaxing)
 .debug_str     0x0000000000001408       0x2d /usr/lib/gcc/arm-none-eabi/7.3.1/thumb/v7-m/libgcc.a(_dvmd_tls.o)
                                         0x9d (size before relaxing)
 .debug_str     0x0000000000001435       0xa2 /usr/lib/gcc/arm-none-eabi/7.3.1/../../../arm-none-eabi/lib/thumb/v7-m/libc.a(lib_a-memcpy.o)
                                         0xb0 (size before relaxing)

.debug_loc      0x0000000000000000      0xe8b
 *(.debug_loc)
 .debug_loc     0x0000000000000000      0xe8b /usr/lib/gcc/arm-none-eabi/7.3.1/thumb/v7-m/libgcc.a(_udivmoddi4.o)

.comment        0x0000000000000000       0x57
 .comment       0x0000000000000000       0x57 OLEDController.o
                                         0x58 (size before relaxing)
 .comment       0x0000000000000057       0x58 coroutine.o
 .comment       0x0000000000000057       0x58 rtos.o
 .comment       0x0000000000000057       0x58 hwlib.o
 .comment       0x0000000000000057       0x58 main.o
 .comment       0x0000000000000057       0x58 bmptk_cortex.o
 .comment       0x0000000000000057       0x58 bmptk_heap_bmptk.o
 .comment       0x0000000000000057       0x58 bmptk_fixed_size_stack.o
 .comment       0x0000000000000057       0x58 /usr/lib/gcc/arm-none-eabi/7.3.1/thumb/v7-m/libgcc.a(_udivmoddi4.o)

.debug_macinfo
 *(.debug_macinfo)

.debug_weaknames
 *(.debug_weaknames)

.debug_funcnames
 *(.debug_funcnames)

.debug_typenames
 *(.debug_typenames)

.debug_varnames
 *(.debug_varnames)

.note.gnu.arm.ident
 *(.note.gnu.arm.ident)

.ARM.attributes
                0x0000000000000000       0x31
 *(.ARM.attributes)
 .ARM.attributes
                0x0000000000000000       0x33 OLEDController.o
 .ARM.attributes
                0x0000000000000033       0x21 switch_to.o
 .ARM.attributes
                0x0000000000000054       0x33 coroutine.o
 .ARM.attributes
                0x0000000000000087       0x33 rtos.o
 .ARM.attributes
                0x00000000000000ba       0x33 hwlib.o
 .ARM.attributes
                0x00000000000000ed       0x33 main.o
 .ARM.attributes
                0x0000000000000120       0x33 bmptk_cortex.o
 .ARM.attributes
                0x0000000000000153       0x33 bmptk_heap_bmptk.o
 .ARM.attributes
                0x0000000000000186       0x33 bmptk_fixed_size_stack.o
 .ARM.attributes
                0x00000000000001b9       0x1d /usr/lib/gcc/arm-none-eabi/7.3.1/thumb/v7-m/libgcc.a(_aeabi_ldivmod.o)
 .ARM.attributes
                0x00000000000001d6       0x1d /usr/lib/gcc/arm-none-eabi/7.3.1/thumb/v7-m/libgcc.a(_aeabi_uldivmod.o)
 .ARM.attributes
                0x00000000000001f3       0x2d /usr/lib/gcc/arm-none-eabi/7.3.1/thumb/v7-m/libgcc.a(_udivmoddi4.o)
 .ARM.attributes
                0x0000000000000220       0x1d /usr/lib/gcc/arm-none-eabi/7.3.1/thumb/v7-m/libgcc.a(_dvmd_tls.o)
 .ARM.attributes
                0x000000000000023d       0x1b /usr/lib/gcc/arm-none-eabi/7.3.1/../../../arm-none-eabi/lib/thumb/v7-m/libc.a(lib_a-memcpy.o)

/DISCARD/
 *(.note.GNU-stack)
                [!provide]                        PROVIDE (__text_size = (__text_end - __text_start))
                [!provide]                        PROVIDE (__exidx_size = (__exidx_end - __exidx_start))
                [!provide]                        PROVIDE (__bss_size = (__bss_end - __bss_start))
                [!provide]                        PROVIDE (__stack_size = (__stack_end - __stack_start))
                [!provide]                        PROVIDE (__heap_size = (__heap_end - __heap_start))
OUTPUT(main.elf elf32-littlearm)

.debug_ranges   0x0000000000000000       0xf8
 .debug_ranges  0x0000000000000000       0xf8 /usr/lib/gcc/arm-none-eabi/7.3.1/thumb/v7-m/libgcc.a(_udivmoddi4.o)
