Archive member included to satisfy reference by file (symbol)

/usr/lib/gcc/arm-none-eabi/7.3.1/thumb/v7-m/libgcc.a(_aeabi_ldivmod.o)
                              MainController.o (__aeabi_ldivmod)
/usr/lib/gcc/arm-none-eabi/7.3.1/thumb/v7-m/libgcc.a(_aeabi_uldivmod.o)
                              MainController.o (__aeabi_uldivmod)
/usr/lib/gcc/arm-none-eabi/7.3.1/thumb/v7-m/libgcc.a(_udivmoddi4.o)
                              /usr/lib/gcc/arm-none-eabi/7.3.1/thumb/v7-m/libgcc.a(_aeabi_ldivmod.o) (__udivmoddi4)
/usr/lib/gcc/arm-none-eabi/7.3.1/thumb/v7-m/libgcc.a(_dvmd_tls.o)
                              /usr/lib/gcc/arm-none-eabi/7.3.1/thumb/v7-m/libgcc.a(_aeabi_ldivmod.o) (__aeabi_ldiv0)
/usr/lib/gcc/arm-none-eabi/7.3.1/../../../arm-none-eabi/lib/thumb/v7-m/libc.a(lib_a-memset.o)
                              MainController.o (memset)

Allocating common symbols
Common symbol       size              file

__dso_handle        0x4               bmptk_cortex.o

Discarded input sections

 .group         0x0000000000000000        0xc Button.o
 .text          0x0000000000000000        0x0 Button.o
 .data          0x0000000000000000        0x0 Button.o
 .bss           0x0000000000000000        0x0 Button.o
 .text._ZN3due11ad_pin_infoENS_7ad_pinsE
                0x0000000000000000       0x1c Button.o
 .text._ZN3due11ad_seq_infoEm
                0x0000000000000000       0x20 Button.o
 .text._ZN5hwlib19uart_char_availableEv
                0x0000000000000000        0x4 Button.o
 .rodata._ZZN3due11ad_pin_infoENS_7ad_pinsEE17ad_pin_info_array
                0x0000000000000000        0xc Button.o
 .rodata._ZZN3due11ad_seq_infoEmE12ad_seq_array
                0x0000000000000000       0x70 Button.o
 .group         0x0000000000000000        0xc InputHandler.o
 .text          0x0000000000000000        0x0 InputHandler.o
 .data          0x0000000000000000        0x0 InputHandler.o
 .bss           0x0000000000000000        0x0 InputHandler.o
 .text._ZN6sam3xa10SystemInitEv
                0x0000000000000000       0x7c InputHandler.o
 .text._ZN3due8pin_infoENS_4pinsE
                0x0000000000000000       0x20 InputHandler.o
 .text._ZN3due11ad_pin_infoENS_7ad_pinsE
                0x0000000000000000       0x1c InputHandler.o
 .text._ZN3due11ad_seq_infoEm
                0x0000000000000000       0x20 InputHandler.o
 .text._ZN3due14port_registersEm
                0x0000000000000000       0x54 InputHandler.o
 .text._ZN3due12ticks_per_usEv
                0x0000000000000000        0x6 InputHandler.o
 .text._ZN3due9now_ticksEv
                0x0000000000000000       0x80 InputHandler.o
 .text._ZN5hwlib9uart_putcEc
                0x0000000000000000        0x4 InputHandler.o
 .text._ZN5hwlib19uart_char_availableEv
                0x0000000000000000        0x4 InputHandler.o
 .text._ZN5hwlib9uart_getcEv
                0x0000000000000000        0x4 InputHandler.o
 .bss._ZZN3due9now_ticksEvE4high
                0x0000000000000000        0x8 InputHandler.o
 .bss._ZZN3due9now_ticksEvE8last_low
                0x0000000000000000        0x4 InputHandler.o
 .bss._ZZN3due9now_ticksEvE9init_done
                0x0000000000000000        0x1 InputHandler.o
 .data._ZN6sam3xa15SystemCoreClockE
                0x0000000000000000        0x4 InputHandler.o
 .rodata._ZN3due8pin_infoENS_4pinsE.str1.1
                0x0000000000000000       0x33 InputHandler.o
 .rodata._ZZN3due11ad_pin_infoENS_7ad_pinsEE17ad_pin_info_array
                0x0000000000000000        0xc InputHandler.o
 .rodata._ZZN3due11ad_seq_infoEmE12ad_seq_array
                0x0000000000000000       0x70 InputHandler.o
 .rodata._ZZN3due8pin_infoENS_4pinsEE14pin_info_array
                0x0000000000000000       0xa4 InputHandler.o
 .group         0x0000000000000000        0x8 IRSendController.o
 .group         0x0000000000000000        0xc IRSendController.o
 .group         0x0000000000000000        0xc IRSendController.o
 .text          0x0000000000000000        0x0 IRSendController.o
 .data          0x0000000000000000        0x0 IRSendController.o
 .bss           0x0000000000000000        0x0 IRSendController.o
 .text._ZN6sam3xa10SystemInitEv
                0x0000000000000000       0x7c IRSendController.o
 .text._ZN3due8pin_infoENS_4pinsE
                0x0000000000000000       0x20 IRSendController.o
 .text._ZN3due11ad_pin_infoENS_7ad_pinsE
                0x0000000000000000       0x1c IRSendController.o
 .text._ZN3due11ad_seq_infoEm
                0x0000000000000000       0x20 IRSendController.o
 .text._ZN3due14port_registersEm
                0x0000000000000000       0x54 IRSendController.o
 .text._ZN3due12ticks_per_usEv
                0x0000000000000000        0x6 IRSendController.o
 .text._ZN3due9now_ticksEv
                0x0000000000000000       0x80 IRSendController.o
 .text._ZN5hwlib9uart_putcEc
                0x0000000000000000        0x4 IRSendController.o
 .text._ZN5hwlib19uart_char_availableEv
[...]
Memory Configuration

Name             Origin             Length             Attributes
rom              0x0000000000000000 0x0000000000080000 xr
ram              0x0000000020000000 0x0000000000018000 xrw
nul              0x0000000020018000 0x0000000000000000 xrw
*default*        0x0000000000000000 0xffffffffffffffff

Linker script and memory map

LOAD /usr/lib/gcc/arm-none-eabi/7.3.1/thumb/v7-m/libgcc.a
LOAD Button.o
LOAD InputHandler.o
LOAD IRSendController.o
LOAD KeyboardController.o
LOAD MainController.o
LOAD IRReceiveController.o
LOAD WindowController.o
LOAD switch_to.o
LOAD coroutine.o
LOAD rtos.o
LOAD hwlib.o
LOAD main.o
LOAD bmptk_cortex.o
LOAD bmptk_heap_bmptk.o
LOAD bmptk_fixed_size_stack.o
LOAD /usr/lib/gcc/arm-none-eabi/7.3.1/../../../arm-none-eabi/lib/thumb/v7-m/libm.a
LOAD /usr/lib/gcc/arm-none-eabi/7.3.1/thumb/v7-m/libgcc.a
LOAD /usr/lib/gcc/arm-none-eabi/7.3.1/../../../arm-none-eabi/lib/thumb/v7-m/libc.a
                0x0000000000000000                __rom_start = ORIGIN (rom)
                0x0000000000080000                __rom_size = LENGTH (rom)
                0x0000000000080000                __rom_end = (__rom_start + __rom_size)
                0x0000000020000000                __ram_start = ORIGIN (ram)
                0x0000000000018000                __ram_size = LENGTH (ram)
                0x0000000020018000                __ram_end = (__ram_start + __ram_size)
                [!provide]                        PROVIDE (__rom_start = __rom_start)
                [!provide]                        PROVIDE (__rom_size = __rom_size)
                [!provide]                        PROVIDE (__rom_end = __rom_end)
                [!provide]                        PROVIDE (__ram_start = __ram_start)
                [!provide]                        PROVIDE (__ram_size = __ram_size)
                [!provide]                        PROVIDE (__ram_end = __ram_end)

.text           0x0000000000000000     0x7934
                0x0000000000000000                . = ALIGN (0x4)
                0x0000000000000000                __text_start = .
                [!provide]                        PROVIDE (__text_start = __text_start)
                0x0000000000000000                . = ALIGN (0x4)
 *(.vectors)
 .vectors       0x0000000000000000       0x20 bmptk_cortex.o
                0x0000000000000000                __vectors
                0x0000000000000020                . = ALIGN (0x4)
 *(.text .text.* .gnu.linkonce.t.*)
 .text._ZN6sam3xa10SystemInitEv
                0x0000000000000020       0x7c Button.o
                0x0000000000000020                sam3xa::SystemInit()
 .text._ZN3due8pin_infoENS_4pinsE
                0x000000000000009c       0x20 Button.o
                0x000000000000009c                due::pin_info(due::pins)
 .text._ZN3due14port_registersEm
                0x00000000000000bc       0x54 Button.o
                0x00000000000000bc                due::port_registers(unsigned long)
 .text._ZN3due12ticks_per_usEv
                0x0000000000000110        0x6 Button.o
                0x0000000000000110                due::ticks_per_us()
 *fill*         0x0000000000000116        0x2 
 .text._ZN3due9now_ticksEv
                0x0000000000000118       0x80 Button.o
                0x0000000000000118                due::now_ticks()
 .text._ZN5hwlib9uart_putcEc
                0x0000000000000198        0x4 Button.o
                0x0000000000000198                hwlib::uart_putc(char)
 .text._ZN5hwlib9uart_getcEv
                0x000000000000019c        0x4 Button.o
                0x000000000000019c                hwlib::uart_getc()
 .text._ZN6Button17addButtonListenerEP14ButtonListener
                0x00000000000001a0        0xe Button.o
                0x00000000000001a0                Button::addButtonListener(ButtonListener*)
 .text._ZN6Button6updateEv
                0x00000000000001ae       0x2a Button.o
                0x00000000000001ae                Button::update()
 .text.startup._ZN12InputHandler4mainEv
                0x00000000000001d8       0x5a InputHandler.o
                0x00000000000001d8                InputHandler::main()
 .text._ZN12InputHandler9addButtonEP6Button
                0x0000000000000232       0x16 InputHandler.o
                0x0000000000000232                InputHandler::addButton(Button*)
 .text._ZN12InputHandler11addKeyboardEP18KeyboardController
                0x0000000000000248       0x16 InputHandler.o
                0x0000000000000248                InputHandler::addKeyboard(KeyboardController*)
 .text._ZN5hwlib7ostreamlsEc
                0x000000000000025e        0xe IRSendController.o
                0x000000000000025e                hwlib::ostream::operator<<(char)
 .text._ZN5hwliblsERNS_7ostreamEPKc
                0x000000000000026c       0x66 IRSendController.o
                0x000000000000026c                hwlib::operator<<(hwlib::ostream&, char const*)
 *fill*         0x00000000000002d2        0x2 
 .text._ZN16IRSendController15generateMessageEv
                0x00000000000002d4       0x64 IRSendController.o
                0x00000000000002d4                IRSendController::generateMessage()
 .text.startup._ZN16IRSendController4mainEv
                0x0000000000000338      0x18c IRSendController.o
                0x0000000000000338                IRSendController::main()
 .text._ZN16IRSendController11sendMessageEhh
                0x00000000000004c4       0x24 IRSendController.o
                0x00000000000004c4                IRSendController::sendMessage(unsigned char, unsigned char)
 .text._ZN18KeyboardController19addKeyboardListenerEP16KeyboardListener
                0x00000000000004e8       0x14 KeyboardController.o
                0x00000000000004e8                KeyboardController::addKeyboardListener(KeyboardListener*)
 .text._ZN5hwlib6keypadILi16EE7pressedEv
                0x00000000000004fc       0x80 KeyboardController.o
                0x00000000000004fc                hwlib::keypad<16>::pressed()
 .text._ZN18KeyboardController6updateEv
                0x000000000000057c       0xe8 KeyboardController.o
                0x000000000000057c                KeyboardController::update()
 .text._ZN14MainController13buttonPressedEi
                0x0000000000000664       0x16 MainController.o
                0x0000000000000664                MainController::buttonPressed(int)
 .text._ZThn4232_N14MainController13buttonPressedEi
                0x000000000000067a        0xc MainController.o
                0x000000000000067a                non-virtual thunk to MainController::buttonPressed(int)
 .text._ZN5hwlib7ostream7reverse10add_prefixERKS0_.part.2
                0x0000000000000686       0x4c MainController.o
 .text._ZN14MainController12translateCmdE10StructDatai
                0x00000000000006d2       0x5a MainController.o
                0x00000000000006d2                MainController::translateCmd(StructData, int)
 .text._ZThn4228_N14MainController12translateCmdE10StructDatai
                0x000000000000072c        0xc MainController.o
                0x000000000000072c                non-virtual thunk to MainController::translateCmd(StructData, int)
 .text._ZN5hwliblsERNS_7ostreamEi
                0x0000000000000738       0x92 MainController.o
                0x0000000000000738                hwlib::operator<<(hwlib::ostream&, int)
 *fill*         0x00000000000007ca        0x2 
 .text._ZN14MainController10runCommandE10StructData
                0x00000000000007cc       0xfc MainController.o
                0x00000000000007cc                MainController::runCommand(StructData)
 .text._ZN4rtos7channelI10StructDataLi4EE4readEv
                0x00000000000008c8       0x78 MainController.o
                0x00000000000008c8                rtos::channel<StructData, 4>::read()
 .text._ZN14MainController9startGameEv
                0x0000000000000940       0x76 MainController.o
                0x0000000000000940                MainController::startGame()
 *fill*         0x00000000000009b6        0x2 
 .text._ZlsRN5hwlib7ostreamERK17PlayerInformationILj100EE
                0x00000000000009b8      0x188 MainController.o
                0x00000000000009b8                operator<<(hwlib::ostream&, PlayerInformation<100u> const&)
 .text.startup._ZN14MainController4mainEv
                0x0000000000000b40      0x254 MainController.o
                0x0000000000000b40                MainController::main()
 .text._ZN19IRReceiveController11sendCommandEv
                0x0000000000000d94       0x34 IRReceiveController.o
                0x0000000000000d94                IRReceiveController::sendCommand()
 .text._ZN19IRReceiveController13messageDecodeERt
                0x0000000000000dc8       0x18 IRReceiveController.o
                0x0000000000000dc8                IRReceiveController::messageDecode(unsigned short&)
 .text._ZN19IRReceiveController15checkingMessageEv
                0x0000000000000de0       0xa8 IRReceiveController.o
                0x0000000000000de0                IRReceiveController::checkingMessage()
 .text.startup._ZN19IRReceiveController4mainEv
                0x0000000000000e88      0x210 IRReceiveController.o
                0x0000000000000e88                IRReceiveController::main()
 .text._ZN5hwlib4line4drawERNS_6windowE
                0x0000000000001098      0x102 WindowController.o
                0x0000000000001098                hwlib::line::draw(hwlib::window&)
 .text._ZN5hwlib6window5clearENS_5colorE
                0x000000000000119a       0x56 WindowController.o
                0x000000000000119a                hwlib::window::clear(hwlib::color)
 .text._ZN5hwlib13window_part_t5flushEv
                0x00000000000011f0        0x8 WindowController.o
                0x00000000000011f0                hwlib::window_part_t::flush()
 .text._ZN16WindowController7drawBoxERN5hwlib13window_part_tEii
                0x00000000000011f8       0xa8 WindowController.o
                0x00000000000011f8                WindowController::drawBox(hwlib::window_part_t&, int, int)
 .text.startup._ZN16WindowController4mainEv
                0x00000000000012a0     0x1074 WindowController.o
                0x00000000000012a0                WindowController::main()
 .text._ZN16WindowController6updateEi
                0x0000000000002314       0x40 WindowController.o
                0x0000000000002314                WindowController::update(int)
 .text          0x0000000000002354       0x24 switch_to.o
                0x0000000000002354                switch_from_to
 .text._ZN4rtos8callback6cancelEv
                0x0000000000002378        0xa rtos.o
                0x0000000000002378                rtos::callback::cancel()
 .text._ZN5hwlib7ostream7reverse10add_prefixERKS0_.part.2
                0x0000000000002382       0x4c rtos.o
 .text._ZN5hwliblsERNS_7ostreamEx
                0x00000000000023ce       0xc4 rtos.o
                0x00000000000023ce                hwlib::operator<<(hwlib::ostream&, long long)
 .text._ZN5hwliblsERNS_7ostreamEj
                0x0000000000002492        0xc rtos.o
                0x0000000000002492                hwlib::operator<<(hwlib::ostream&, unsigned int)
 .text._Z6strlenPKc
                0x000000000000249e       0x10 rtos.o
                0x000000000000249e                strlen(char const*)
 .text._Z6strcpyPcPKc
                0x00000000000024ae       0x14 rtos.o
                0x00000000000024ae                strcpy(char*, char const*)
 .text._Z15string_allocatePKc
                0x00000000000024c2       0x26 rtos.o
                0x00000000000024c2                string_allocate(char const*)
 .text._Z12nr_from_maskj
                0x00000000000024e8       0x1a rtos.o
                0x00000000000024e8                nr_from_mask(unsigned int)
 *fill*         0x0000000000002502        0x2 
 .text._Z15task_trampolinev
                0x0000000000002504       0x34 rtos.o
                0x0000000000002504                task_trampoline()
 .text._ZN4rtos9task_base7releaseEv
                0x0000000000002538       0x24 rtos.o
                0x0000000000002538                rtos::task_base::release()
 .text._ZN4rtos9task_base7suspendEv
                0x000000000000255c        0x8 rtos.o
                0x000000000000255c                rtos::task_base::suspend()
 .text._ZN4rtos9task_base6resumeEv
                0x0000000000002564        0x8 rtos.o
                0x0000000000002564                rtos::task_base::resume()
 .text._ZN4rtos9task_base7unblockEv
                0x000000000000256c       0x14 rtos.o
                0x000000000000256c                rtos::task_base::unblock()
 .text._ZN4rtos9task_base5blockEv
                0x0000000000002580       0x70 rtos.o
                0x0000000000002580                rtos::task_base::block()
 .text._ZNK4rtos9task_base5printERN5hwlib7ostreamEb
                0x00000000000025f0      0x154 rtos.o
                0x00000000000025f0                rtos::task_base::print(hwlib::ostream&, bool) const
 .text._ZNK4rtos5eventeqERKS0_
                0x0000000000002744       0x3c rtos.o
                0x0000000000002744                rtos::event::operator==(rtos::event const&) const
 .text._ZNK4rtos5eventeqERKNS_8waitableE
                0x0000000000002780       0x1c rtos.o
                0x0000000000002780                rtos::event::operator==(rtos::waitable const&) const
 .text._ZNK4rtos5eventplERKS0_
                0x000000000000279c       0x3c rtos.o
                0x000000000000279c                rtos::event::operator+(rtos::event const&) const
 .text._ZNK4rtos4flag5printERN5hwlib7ostreamEb
                0x00000000000027d8       0xcc rtos.o
                0x00000000000027d8                rtos::flag::print(hwlib::ostream&, bool) const
 .text._ZN4rtos5timer3setEm
                0x00000000000028a4        0xe rtos.o
                0x00000000000028a4                rtos::timer::set(unsigned long)
 *fill*         0x00000000000028b2        0x2 
 .text._ZNK4rtos5timer5printERN5hwlib7ostreamEb
                0x00000000000028b4       0xd0 rtos.o
                0x00000000000028b4                rtos::timer::print(hwlib::ostream&, bool) const
 .text._ZNK4rtos5clock5printERN5hwlib7ostreamEb
                0x0000000000002984       0xd4 rtos.o
                0x0000000000002984                rtos::clock::print(hwlib::ostream&, bool) const
 .text._ZN4rtos12waitable_set17waitable_allocateEv
                0x0000000000002a58       0x38 rtos.o
                0x0000000000002a58                rtos::waitable_set::waitable_allocate()
 .text._ZN4rtos8waitableC2EPNS_9task_baseEPKc
                0x0000000000002a90       0x2c rtos.o
                0x0000000000002a90                rtos::waitable::waitable(rtos::task_base*, char const*)
                0x0000000000002a90                rtos::waitable::waitable(rtos::task_base*, char const*)
 .text._ZN4rtos12waitable_set3setERKNS_8waitableE
                0x0000000000002abc       0x14 rtos.o
                0x0000000000002abc                rtos::waitable_set::set(rtos::waitable const&)
 .text._ZN4rtos5clock7time_upEv
                0x0000000000002ad0       0x38 rtos.o
                0x0000000000002ad0                rtos::clock::time_up()
 .text._ZThn16_N4rtos5clock7time_upEv
                0x0000000000002b08        0x8 rtos.o
                0x0000000000002b08                non-virtual thunk to rtos::clock::time_up()
 .text._ZN4rtos5timer7time_upEv
                0x0000000000002b10       0x10 rtos.o
                0x0000000000002b10                rtos::timer::time_up()
                0x0000000000002b1a                non-virtual thunk to rtos::timer::time_up()
 .text._ZN4rtos4flag3setEv
                0x0000000000002b20       0x10 rtos.o
                0x0000000000002b20                rtos::flag::set()
 .text._ZN4rtos12waitable_set5clearERKNS_8waitableE
                0x0000000000002b30        0xc rtos.o
                0x0000000000002b30                rtos::waitable_set::clear(rtos::waitable const&)
 .text._ZN4rtos8waitable5clearEv
                0x0000000000002b3c        0xa rtos.o
                0x0000000000002b3c                rtos::waitable::clear()
 .text._ZN4rtos5timer6cancelEv
                0x0000000000002b46       0x16 rtos.o
                0x0000000000002b46                rtos::timer::cancel()
 .text._ZThn16_N4rtos5timer6cancelEv
                0x0000000000002b5c        0x8 rtos.o
                0x0000000000002b5c                non-virtual thunk to rtos::timer::cancel()
 .text._ZN4rtos5clock5clearEv
                0x0000000000002b64        0x8 rtos.o
                0x0000000000002b64                rtos::clock::clear()
 .text._ZN4rtos12waitable_set4waitEj
                0x0000000000002b6c       0x64 rtos.o
                0x0000000000002b6c                rtos::waitable_set::wait(unsigned int)
 .text._ZNK4rtos5mutex5printERN5hwlib7ostreamEb
                0x0000000000002bd0       0xec rtos.o
                0x0000000000002bd0                rtos::mutex::print(hwlib::ostream&, bool) const
 .text._ZNK4rtos12channel_base5printERN5hwlib7ostreamEb
                0x0000000000002cbc       0xe0 rtos.o
                0x0000000000002cbc                rtos::channel_base::print(hwlib::ostream&, bool) const
 .text._ZNK4rtos9pool_base5printERN5hwlib7ostreamEb
                0x0000000000002d9c       0x78 rtos.o
                0x0000000000002d9c                rtos::pool_base::print(hwlib::ostream&, bool) const
 .text._ZNK4rtos12mailbox_base5printERN5hwlib7ostreamEb
                0x0000000000002e14       0xc4 rtos.o
                0x0000000000002e14                rtos::mailbox_base::print(hwlib::ostream&, bool) const
 .text._ZN4rtos3addEPNS_4flagE
                0x0000000000002ed8       0x10 rtos.o
                0x0000000000002ed8                rtos::add(rtos::flag*)
 .text._ZN4rtos4flagC2EPNS_9task_baseEPKc
                0x0000000000002ee8       0x20 rtos.o
                0x0000000000002ee8                rtos::flag::flag(rtos::task_base*, char const*)
                0x0000000000002ee8                rtos::flag::flag(rtos::task_base*, char const*)
 .text._ZN4rtos3addEPNS_5timerE
                0x0000000000002f08       0x10 rtos.o
                0x0000000000002f08                rtos::add(rtos::timer*)
 .text._ZN4rtos3addEPNS_5clockE
                0x0000000000002f18       0x10 rtos.o
                0x0000000000002f18                rtos::add(rtos::clock*)
 .text._ZN4rtos3addEPNS_12channel_baseE
                0x0000000000002f28       0x10 rtos.o
                0x0000000000002f28                rtos::add(rtos::channel_base*)
 .text._ZN4rtos12channel_baseC2EPNS_9task_baseEPKc
                0x0000000000002f38       0x30 rtos.o
                0x0000000000002f38                rtos::channel_base::channel_base(rtos::task_base*, char const*)
                0x0000000000002f38                rtos::channel_base::channel_base(rtos::task_base*, char const*)
 .text._ZN4rtos3addEPNS_9pool_baseE
                0x0000000000002f68       0x10 rtos.o
                0x0000000000002f68                rtos::add(rtos::pool_base*)
 .text._ZN4rtos9pool_baseC2EPKc
                0x0000000000002f78       0x1a rtos.o
                0x0000000000002f78                rtos::pool_base::pool_base(char const*)
                0x0000000000002f78                rtos::pool_base::pool_base(char const*)
 *fill*         0x0000000000002f92        0x2 
 .text._ZN4rtos5printERN5hwlib7ostreamE
                0x0000000000002f94      0x1b4 rtos.o
                0x0000000000002f94                rtos::print(hwlib::ostream&)
 .text._ZN4rtos4beatEv
                0x0000000000003148      0x148 rtos.o
                0x0000000000003148                rtos::beat()
 .text._ZN4rtos3runEv
                0x0000000000003290       0x20 rtos.o
                0x0000000000003290                rtos::run()
 .text._ZN4rtos3addEPNS_8callbackE
                0x00000000000032b0       0x10 rtos.o
                0x00000000000032b0                rtos::add(rtos::callback*)
 .text._ZN4rtos8callbackC2EPKc
                0x00000000000032c0       0x28 rtos.o
                0x00000000000032c0                rtos::callback::callback(char const*)
                0x00000000000032c0                rtos::callback::callback(char const*)
 .text._ZN4rtos5timerC2EPNS_9task_baseEPKc
                0x00000000000032e8       0x34 rtos.o
                0x00000000000032e8                rtos::timer::timer(rtos::task_base*, char const*)
                0x00000000000032e8                rtos::timer::timer(rtos::task_base*, char const*)
 .text._ZN4rtos5clockC2EPNS_9task_baseEmPKc
                0x000000000000331c       0x3c rtos.o
                0x000000000000331c                rtos::clock::clock(rtos::task_base*, unsigned long, char const*)
                0x000000000000331c                rtos::clock::clock(rtos::task_base*, unsigned long, char const*)
 .text._ZN4rtos3addEPNS_9task_baseE
                0x0000000000003358       0x74 rtos.o
                0x0000000000003358                rtos::add(rtos::task_base*)
 .text._ZN4rtos9task_baseC2ER9coroutineILl0EEjPKc
                0x00000000000033cc       0x4c rtos.o
                0x00000000000033cc                rtos::task_base::task_base(coroutine<0l>&, unsigned int, char const*)
                0x00000000000033cc                rtos::task_base::task_base(coroutine<0l>&, unsigned int, char const*)
 .text._ZN5hwlib7wait_usEi
                0x0000000000003418       0x3c rtos.o
                0x0000000000003418                hwlib::wait_us(int)
 .text._ZN5hwlib7wait_msEi
                0x0000000000003454       0x16 rtos.o
                0x0000000000003454                hwlib::wait_ms(int)
 .text._ZN5hwlib14pin_in_dummy_t4readEv
                0x000000000000346a        0x4 hwlib.o
                0x000000000000346a                hwlib::pin_in_dummy_t::read()
 .text._ZN5hwlib14pin_in_dummy_t7refreshEv
                0x000000000000346e        0x2 hwlib.o
                0x000000000000346e                hwlib::pin_in_dummy_t::refresh()
 .text._ZN5hwlib14pin_oc_dummy_t5writeEb
                0x0000000000003470        0x2 hwlib.o
                0x0000000000003470                hwlib::pin_oc_dummy_t::write(bool)
 .text._ZN5hwlib14pin_oc_dummy_t4readEv
                0x0000000000003472        0x4 hwlib.o
                0x0000000000003472                hwlib::pin_oc_dummy_t::read()
 .text._ZN5hwlib14pin_oc_dummy_t5flushEv
                0x0000000000003476        0x2 hwlib.o
                0x0000000000003476                hwlib::pin_oc_dummy_t::flush()
 .text._ZN5hwlib14pin_oc_dummy_t7refreshEv
                0x0000000000003478        0x2 hwlib.o
                0x0000000000003478                hwlib::pin_oc_dummy_t::refresh()
 .text._ZN5hwlib19port_in_from_pins_t14number_of_pinsEv
                0x000000000000347a        0x4 hwlib.o
                0x000000000000347a                hwlib::port_in_from_pins_t::number_of_pins()
 .text._ZN5hwlib19port_in_from_pins_t4readEv
                0x000000000000347e       0x2a hwlib.o
                0x000000000000347e                hwlib::port_in_from_pins_t::read()
 .text._ZN5hwlib19port_in_from_pins_t7refreshEv
                0x00000000000034a8       0x20 hwlib.o
                0x00000000000034a8                hwlib::port_in_from_pins_t::refresh()
 .text._ZN5hwlib19port_oc_from_pins_t14number_of_pinsEv
                0x00000000000034c8        0x4 hwlib.o
                0x00000000000034c8                hwlib::port_oc_from_pins_t::number_of_pins()
 .text._ZN5hwlib19port_oc_from_pins_t4readEv
                0x00000000000034cc       0x2a hwlib.o
                0x00000000000034cc                hwlib::port_oc_from_pins_t::read()
 .text._ZN5hwlib19port_oc_from_pins_t5writeEj
                0x00000000000034f6       0x28 hwlib.o
                0x00000000000034f6                hwlib::port_oc_from_pins_t::write(unsigned int)
 .text._ZN5hwlib19port_oc_from_pins_t7refreshEv
                0x000000000000351e       0x20 hwlib.o
                0x000000000000351e                hwlib::port_oc_from_pins_t::refresh()
 .text._ZN5hwlib19port_oc_from_pins_t5flushEv
                0x000000000000353e       0x20 hwlib.o
                0x000000000000353e                hwlib::port_oc_from_pins_t::flush()
 .text._ZN5hwlib21port_direct_from_in_t14number_of_pinsEv
                0x000000000000355e        0x8 hwlib.o
                0x000000000000355e                hwlib::port_direct_from_in_t::number_of_pins()
 .text._ZN5hwlib21port_direct_from_in_t4readEv
                0x0000000000003566       0x18 hwlib.o
                0x0000000000003566                hwlib::port_direct_from_in_t::read()
 .text._ZN5hwlib21port_direct_from_in_t7refreshEv
                0x000000000000357e        0x2 hwlib.o
                0x000000000000357e                hwlib::port_direct_from_in_t::refresh()
 .text._ZN5hwlib21port_direct_from_oc_t14number_of_pinsEv
                0x0000000000003580        0x8 hwlib.o
                0x0000000000003580                hwlib::port_direct_from_oc_t::number_of_pins()
 .text._ZN5hwlib21port_direct_from_oc_t5writeEj
                0x0000000000003588       0x18 hwlib.o
                0x0000000000003588                hwlib::port_direct_from_oc_t::write(unsigned int)
 .text._ZN5hwlib21port_direct_from_oc_t4readEv
                0x00000000000035a0       0x18 hwlib.o
                0x00000000000035a0                hwlib::port_direct_from_oc_t::read()
 .text._ZN5hwlib21port_direct_from_oc_t5flushEv
                0x00000000000035b8        0x2 hwlib.o
                0x00000000000035b8                hwlib::port_direct_from_oc_t::flush()
 .text._ZN5hwlib21port_direct_from_oc_t7refreshEv
                0x00000000000035ba        0x2 hwlib.o
                0x00000000000035ba                hwlib::port_direct_from_oc_t::refresh()
 .text._ZN5hwlib7istream11getc_nowaitEv
                0x00000000000035bc       0x1a hwlib.o
                0x00000000000035bc                hwlib::istream::getc_nowait()
 .text._ZN5hwlib20cout_using_uart_putc5flushEv
                0x00000000000035d6        0x2 hwlib.o
                0x00000000000035d6                hwlib::cout_using_uart_putc::flush()
 .text._ZNK5hwlib9image_8x819read_implementationENS_2xyE
                0x00000000000035d8       0x44 hwlib.o
                0x00000000000035d8                hwlib::image_8x8::read_implementation(hwlib::xy) const
 .text._ZN5hwlib6window20clear_implementationENS_5colorE
                0x000000000000361c       0x72 hwlib.o
                0x000000000000361c                hwlib::window::clear_implementation(hwlib::color)
 .text._ZN5hwlib5panicEPKcj
                0x000000000000368e        0x2 hwlib.o
                0x000000000000368e                hwlib::panic(char const*, unsigned int)
 .text._ZN5hwlib10background18do_background_workEv
                0x0000000000003690       0x3c hwlib.o
                0x0000000000003690                hwlib::background::do_background_work()
 .text._ZN5hwlib3allENS_2xyE
                0x00000000000036cc       0x16 hwlib.o
                0x00000000000036cc                hwlib::all(hwlib::xy)
 .text._ZNK5hwlib5colorngEv
                0x00000000000036e2       0x2e hwlib.o
                0x00000000000036e2                hwlib::color::operator-() const
 .text._ZNK5hwlib5image4readENS_2xyE
                0x0000000000003710       0x3a hwlib.o
                0x0000000000003710                hwlib::image::read(hwlib::xy) const
 .text._ZNK5hwlib14image_invert_t19read_implementationENS_2xyE
                0x000000000000374a       0x64 hwlib.o
                0x000000000000374a                hwlib::image_invert_t::read_implementation(hwlib::xy) const
 *fill*         0x00000000000037ae        0x2 
 .text._ZN5hwlib6invertERKNS_5imageE
                0x00000000000037b0       0x18 hwlib.o
                0x00000000000037b0                hwlib::invert(hwlib::image const&)
 .text._ZN5hwlib6window5writeENS_2xyENS_5colorE
                0x00000000000037c8       0x5c hwlib.o
                0x00000000000037c8                hwlib::window::write(hwlib::xy, hwlib::color)
 .text._ZN5hwlib13window_part_t20write_implementationENS_2xyENS_5colorE
                0x0000000000003824       0x2e hwlib.o
                0x0000000000003824                hwlib::window_part_t::write_implementation(hwlib::xy, hwlib::color)
 *fill*         0x0000000000003852        0x2 
 .text._ZN3due9uart_initEv
                0x0000000000003854       0x60 hwlib.o
                0x0000000000003854                due::uart_init()
 .text._ZN3due19uart_char_availableEv
                0x00000000000038b4       0x18 hwlib.o
                0x00000000000038b4                due::uart_char_available()
 .text._ZN3due9uart_getcEv
                0x00000000000038cc       0x1c hwlib.o
                0x00000000000038cc                due::uart_getc()
 .text._ZN3due9uart_putcEc
                0x00000000000038e8       0x20 hwlib.o
                0x00000000000038e8                due::uart_putc(char)
 .text._ZN5hwlib20cout_using_uart_putc4putcEc
                0x0000000000003908        0xa hwlib.o
                0x0000000000003908                hwlib::cout_using_uart_putc::putc(char)
 .text._ZN5hwlib6now_usEv
                0x0000000000003912       0x1c hwlib.o
                0x0000000000003912                hwlib::now_us()
 .text._ZN5hwlib12wait_us_busyEi
                0x000000000000392e       0x1c hwlib.o
                0x000000000000392e                hwlib::wait_us_busy(int)
 .text._ZN5hwlib8terminal10cursor_setENS_2xyE
                0x000000000000394a       0x28 main.o
                0x000000000000394a                hwlib::terminal::cursor_set(hwlib::xy)
 .text._ZN5hwlib14i2c_primitives8read_ackEv
                0x0000000000003972       0x10 main.o
                0x0000000000003972                hwlib::i2c_primitives::read_ack()
 .text._ZN5hwlib14i2c_primitives9write_ackEv
                0x0000000000003982        0x8 main.o
                0x0000000000003982                hwlib::i2c_primitives::write_ack()
 .text._ZN5hwlib14i2c_primitives10write_nackEv
                0x000000000000398a        0x8 main.o
                0x000000000000398a                hwlib::i2c_primitives::write_nack()
 .text._ZN5hwlib14i2c_primitives5writeEh
                0x0000000000003992       0x1c main.o
                0x0000000000003992                hwlib::i2c_primitives::write(unsigned char)
 .text._ZN5hwlib14i2c_primitives5writeEPKhj
                0x00000000000039ae       0x24 main.o
                0x00000000000039ae                hwlib::i2c_primitives::write(unsigned char const*, unsigned int)
 .text._ZN5hwlib14i2c_primitives9read_byteEv
                0x00000000000039d2       0x20 main.o
                0x00000000000039d2                hwlib::i2c_primitives::read_byte()
 .text._ZN5hwlib14i2c_primitives4readEbPhj
                0x00000000000039f2       0x36 main.o
                0x00000000000039f2                hwlib::i2c_primitives::read(bool, unsigned char*, unsigned int)
 .text._ZN5hwlib13terminal_from25cursor_set_implementationENS_2xyE
                0x0000000000003a28       0x28 main.o
                0x0000000000003a28                hwlib::terminal_from::cursor_set_implementation(hwlib::xy)
 .text._ZN5hwlib13terminal_from5clearEv
                0x0000000000003a50       0x30 main.o
                0x0000000000003a50                hwlib::terminal_from::clear()
 .text._ZN5hwlib13terminal_from5flushEv
                0x0000000000003a80        0x8 main.o
                0x0000000000003a80                hwlib::terminal_from::flush()
 .text._ZNK5hwlib16font_default_8x8ixEc
                0x0000000000003a88       0x14 main.o
                0x0000000000003a88                hwlib::font_default_8x8::operator[](char) const
 .text._ZNK5hwlib11image_16x1619read_implementationENS_2xyE
                0x0000000000003a9c       0x68 main.o
                0x0000000000003a9c                hwlib::image_16x16::read_implementation(hwlib::xy) const
 .text._ZNK5hwlib18font_default_16x16ixEc
                0x0000000000003b04       0x10 main.o
                0x0000000000003b04                hwlib::font_default_16x16::operator[](char) const
 .text._ZN5hwlib29glcd_oled_i2c_128x64_buffered20write_implementationENS_2xyENS_5colorE
                0x0000000000003b14       0x64 main.o
                0x0000000000003b14                hwlib::glcd_oled_i2c_128x64_buffered::write_implementation(hwlib::xy, hwlib::color)
 .text._ZN3due6pin_in4readEv
                0x0000000000003b78       0x10 main.o
                0x0000000000003b78                due::pin_in::read()
 .text._ZN3due6pin_in7refreshEv
                0x0000000000003b88        0x2 main.o
                0x0000000000003b88                due::pin_in::refresh()
 .text._ZN3due7pin_out5writeEb
                0x0000000000003b8a        0xe main.o
                0x0000000000003b8a                due::pin_out::write(bool)
 .text._ZN3due7pin_out5flushEv
                0x0000000000003b98        0x2 main.o
                0x0000000000003b98                due::pin_out::flush()
 .text._ZN3due6pin_oc4readEv
                0x0000000000003b9a       0x10 main.o
                0x0000000000003b9a                due::pin_oc::read()
 .text._ZN3due6pin_oc5writeEb
                0x0000000000003baa       0x10 main.o
                0x0000000000003baa                due::pin_oc::write(bool)
 .text._ZN3due6pin_oc5flushEv
                0x0000000000003bba        0x2 main.o
                0x0000000000003bba                due::pin_oc::flush()
 .text._ZN3due6pin_oc7refreshEv
                0x0000000000003bbc        0x2 main.o
                0x0000000000003bbc                due::pin_oc::refresh()
 *fill*         0x0000000000003bbe        0x2 
 .text._ZN8PinPWMD2ILi38000ELi2EE5writeEb
                0x0000000000003bc0       0x18 main.o
                0x0000000000003bc0                PinPWMD2<38000, 2>::write(bool)
 .text._ZN8PinPWMD2ILi38000ELi2EE5flushEv
                0x0000000000003bd8        0x2 main.o
                0x0000000000003bd8                PinPWMD2<38000, 2>::flush()
 .text._ZN5hwlib6keypadILi16EE4getcEv
                0x0000000000003bda       0x24 main.o
                0x0000000000003bda                hwlib::keypad<16>::getc()
 .text._ZN4rtos7channelI10StructDataLi4EE5clearEv
                0x0000000000003bfe       0x10 main.o
                0x0000000000003bfe                rtos::channel<StructData, 4>::clear()
 .text._ZN4rtos7channelIiLi4EE5clearEv
                0x0000000000003c0e       0x10 main.o
                0x0000000000003c0e                rtos::channel<int, 4>::clear()
 .text._ZN5hwlib8terminal4putcEc
                0x0000000000003c1e       0xde main.o
                0x0000000000003c1e                hwlib::terminal::putc(char)
 .text._ZN5hwlib26i2c_bus_bit_banged_scl_sda16wait_half_periodEv.isra.4
                0x0000000000003cfc        0x6 main.o
 .text._ZN5hwlib26i2c_bus_bit_banged_scl_sda10write_stopEv
                0x0000000000003d02       0x60 main.o
                0x0000000000003d02                hwlib::i2c_bus_bit_banged_scl_sda::write_stop()
 .text._ZN5hwlib26i2c_bus_bit_banged_scl_sda11write_startEv
                0x0000000000003d62       0x34 main.o
                0x0000000000003d62                hwlib::i2c_bus_bit_banged_scl_sda::write_start()
 .text._ZN5hwlib26i2c_bus_bit_banged_scl_sda8read_bitEv
                0x0000000000003d96       0x68 main.o
                0x0000000000003d96                hwlib::i2c_bus_bit_banged_scl_sda::read_bit()
 .text._ZN5hwlib26i2c_bus_bit_banged_scl_sda9write_bitEb
                0x0000000000003dfe       0x52 main.o
                0x0000000000003dfe                hwlib::i2c_bus_bit_banged_scl_sda::write_bit(bool)
 .text._ZN5hwlib13xy_iterator_tppEv
                0x0000000000003e50       0x18 main.o
                0x0000000000003e50                hwlib::xy_iterator_t::operator++()
 .text._ZN5hwlib21i2c_write_transactionC2ERNS_14i2c_primitivesEj
                0x0000000000003e68       0x24 main.o
                0x0000000000003e68                hwlib::i2c_write_transaction::i2c_write_transaction(hwlib::i2c_primitives&, unsigned int)
                0x0000000000003e68                hwlib::i2c_write_transaction::i2c_write_transaction(hwlib::i2c_primitives&, unsigned int)
 .text._ZN5hwlib21i2c_write_transaction5writeEPKhj
                0x0000000000003e8c        0x8 main.o
                0x0000000000003e8c                hwlib::i2c_write_transaction::write(unsigned char const*, unsigned int)
 .text._ZN5hwlib21i2c_write_transactionD2Ev
                0x0000000000003e94       0x18 main.o
                0x0000000000003e94                hwlib::i2c_write_transaction::~i2c_write_transaction()
                0x0000000000003e94                hwlib::i2c_write_transaction::~i2c_write_transaction()
 .text._ZN5hwlib13terminal_from19putc_implementationEc
                0x0000000000003eac       0xc0 main.o
                0x0000000000003eac                hwlib::terminal_from::putc_implementation(char)
 .text._ZN5hwlib13terminal_fromC2ERNS_6windowERKNS_4fontE
                0x0000000000003f6c       0x58 main.o
                0x0000000000003f6c                hwlib::terminal_from::terminal_from(hwlib::window&, hwlib::font const&)
                0x0000000000003f6c                hwlib::terminal_from::terminal_from(hwlib::window&, hwlib::font const&)
 .text._ZN5hwlib11ssd1306_i2c7commandENS_16ssd1306_commandsEhh
                0x0000000000003fc4       0x3c main.o
                0x0000000000003fc4                hwlib::ssd1306_i2c::command(hwlib::ssd1306_commands, unsigned char, unsigned char)
 .text._ZN5hwlib29glcd_oled_i2c_128x64_buffered5flushEv
                0x0000000000004000       0x58 main.o
                0x0000000000004000                hwlib::glcd_oled_i2c_128x64_buffered::flush()
 .text._ZN3due6pin_inC2ENS_4pinsE
                0x0000000000004058       0x34 main.o
                0x0000000000004058                due::pin_in::pin_in(due::pins)
                0x0000000000004058                due::pin_in::pin_in(due::pins)
 .text._ZN3due6pin_ocC2ENS_4pinsE
                0x000000000000408c       0x34 main.o
                0x000000000000408c                due::pin_oc::pin_oc(due::pins)
                0x000000000000408c                due::pin_oc::pin_oc(due::pins)
 .text._ZN4rtos9task_baseD2Ev
                0x00000000000040c0       0x30 main.o
                0x00000000000040c0                rtos::task_base::~task_base()
                0x00000000000040c0                rtos::task_base::~task_base()
 .text._ZN16WindowControllerC2ERN5hwlib6windowER17PlayerInformationILj100EE
                0x00000000000040f0      0x33c main.o
                0x00000000000040f0                WindowController::WindowController(hwlib::window&, PlayerInformation<100u>&)
                0x00000000000040f0                WindowController::WindowController(hwlib::window&, PlayerInformation<100u>&)
 .text._ZN4rtos4taskILi4096EEC2EPKc
                0x000000000000442c       0x58 main.o
                0x000000000000442c                rtos::task<4096>::task(char const*)
                0x000000000000442c                rtos::task<4096>::task(char const*)
 .text._ZN12InputHandlerC2Ev
                0x0000000000004484       0x40 main.o
                0x0000000000004484                InputHandler::InputHandler()
                0x0000000000004484                InputHandler::InputHandler()
 .text._ZN16IRSendControllerC2Ev
                0x00000000000044c4       0xf4 main.o
                0x00000000000044c4                IRSendController::IRSendController()
                0x00000000000044c4                IRSendController::IRSendController()
 .text._ZN14MainControllerC2ER12InputHandlerRN5hwlib6windowE
                0x00000000000045b8      0x32c main.o
                0x00000000000045b8                MainController::MainController(InputHandler&, hwlib::window&)
                0x00000000000045b8                MainController::MainController(InputHandler&, hwlib::window&)
 .text.startup.main
                0x00000000000048e4      0x140 main.o
                0x00000000000048e4                main
 .text._ZN5hwlib6keypadILi16EE14char_availableEv
                0x0000000000004a24       0x4a main.o
                0x0000000000004a24                hwlib::keypad<16>::char_available()
 *fill*         0x0000000000004a6e        0x2 
 .text.__startup
                0x0000000000004a70       0x48 bmptk_cortex.o
                0x0000000000004a70                __startup
 .text.__cxa_pure_virtual
                0x0000000000004ab8        0x2 bmptk_cortex.o
                0x0000000000004ab8                __cxa_pure_virtual
 *fill*         0x0000000000004aba        0x2 
 .text.malloc   0x0000000000004abc       0x24 bmptk_heap_bmptk.o
                0x0000000000004abc                malloc
 .text          0x0000000000004ae0       0xa0 /usr/lib/gcc/arm-none-eabi/7.3.1/thumb/v7-m/libgcc.a(_aeabi_ldivmod.o)
                0x0000000000004ae0                __aeabi_ldivmod
 .text          0x0000000000004b80       0x30 /usr/lib/gcc/arm-none-eabi/7.3.1/thumb/v7-m/libgcc.a(_aeabi_uldivmod.o)
                0x0000000000004b80                __aeabi_uldivmod
 .text          0x0000000000004bb0      0x2d0 /usr/lib/gcc/arm-none-eabi/7.3.1/thumb/v7-m/libgcc.a(_udivmoddi4.o)
                0x0000000000004bb0                __udivmoddi4
 .text          0x0000000000004e80        0x4 /usr/lib/gcc/arm-none-eabi/7.3.1/thumb/v7-m/libgcc.a(_dvmd_tls.o)
                0x0000000000004e80                __aeabi_ldiv0
 .text          0x0000000000004e84       0x94 /usr/lib/gcc/arm-none-eabi/7.3.1/../../../arm-none-eabi/lib/thumb/v7-m/libc.a(lib_a-memset.o)
                0x0000000000004e84                memset
                0x0000000000004f18                . = ALIGN (0x4)
 *(.glue_7t .glue_7)
 .glue_7        0x0000000000004f18        0x0 linker stubs
 .glue_7t       0x0000000000004f18        0x0 linker stubs
                0x0000000000004f18                . = ALIGN (0x4)
 *(.rodata .rodata.* .gnu.linkonce.r.*)
 .rodata._ZN3due8pin_infoENS_4pinsE.str1.1
                0x0000000000004f18       0x33 Button.o
 .rodata._ZZN3due8pin_infoENS_4pinsEE14pin_info_array
                0x0000000000004f4b       0xa4 Button.o
 *fill*         0x0000000000004fef        0x1 
 .rodata._ZTV12InputHandler
                0x0000000000004ff0       0x14 InputHandler.o
                0x0000000000004ff0                vtable for InputHandler
 .rodata._ZN16IRSendController15generateMessageEv.str1.1
                0x0000000000005004       0x59 IRSendController.o
 .rodata._ZN16IRSendController4mainEv.str1.1
                0x000000000000505d       0x46 IRSendController.o
 *fill*         0x00000000000050a3        0x1 
 .rodata._ZTV16IRSendController
                0x00000000000050a4       0x14 IRSendController.o
                0x00000000000050a4                vtable for IRSendController
 .rodata._ZN14MainController10runCommandE10StructData.str1.1
                0x00000000000050b8       0x42 MainController.o
 .rodata._ZN4rtos7channelI10StructDataLi4EE4readEv.str1.1
                0x00000000000050fa       0x32 MainController.o
                                         0x34 (size before relaxing)
 .rodata._ZTV14MainController
                0x000000000000512c       0x34 MainController.o
                0x000000000000512c                vtable for MainController
 .rodata._ZlsRN5hwlib7ostreamERK17PlayerInformationILj100EE.str1.1
                0x0000000000005160       0x79 MainController.o
 *fill*         0x00000000000051d9        0x3 
 .rodata._ZTV19IRReceiveController
                0x00000000000051dc       0x14 IRReceiveController.o
                0x00000000000051dc                vtable for IRReceiveController
 .rodata._ZTVN5hwlib4lineE
                0x00000000000051f0        0xc WindowController.o
                0x00000000000051f0                vtable for hwlib::line
 .rodata._ZL16top_heart_values
                0x00000000000051fc      0x150 WindowController.o
 .rodata._ZL19bottom_heart_values
                0x000000000000534c      0x150 WindowController.o
 .rodata._ZN16WindowController4mainEv.str1.1
                0x000000000000549c       0x17 WindowController.o
                                         0x4b (size before relaxing)
 .rodata._ZN5hwlibL11unspecifiedE
                0x00000000000054b3        0x4 WindowController.o
 *fill*         0x00000000000054b7        0x1 
 .rodata._ZTV16WindowController
                0x00000000000054b8       0x14 WindowController.o
                0x00000000000054b8                vtable for WindowController
 .rodata._ZTVN4rtos8waitableE
                0x00000000000054cc        0xc rtos.o
                0x00000000000054cc                vtable for rtos::waitable
 .rodata._ZTVN4rtos4flagE
                0x00000000000054d8        0xc rtos.o
                0x00000000000054d8                vtable for rtos::flag
 .rodata._ZTVN4rtos8callbackE
                0x00000000000054e4       0x10 rtos.o
                0x00000000000054e4                vtable for rtos::callback
 .rodata._ZTVN4rtos12channel_baseE
                0x00000000000054f4        0xc rtos.o
                0x00000000000054f4                vtable for rtos::channel_base
 .rodata._Z15task_trampolinev.str1.1
                0x0000000000005500       0x2e rtos.o
 .rodata._ZN4rtos12waitable_set17waitable_allocateEv.str1.1
                0x000000000000552e       0x1b rtos.o
 .rodata._ZN4rtos3addEPNS_9task_baseE.str1.1
                0x0000000000005549       0x2e rtos.o
 .rodata._ZN4rtos4beatEv.str1.1
                0x0000000000005577       0x3e rtos.o
 .rodata._ZN4rtos5printERN5hwlib7ostreamE.str1.1
                0x00000000000055b5       0x83 rtos.o
 .rodata._ZN4rtos9task_base5blockEv.str1.1
                0x0000000000005638       0x37 rtos.o
                                         0x4b (size before relaxing)
 .rodata._ZN4rtos9task_baseC2ER9coroutineILl0EEjPKc.str1.1
                0x000000000000566f        0x8 rtos.o
 .rodata._ZNK4rtos12channel_base5printERN5hwlib7ostreamEb.str1.1
                0x0000000000005677       0x23 rtos.o
 .rodata._ZNK4rtos12mailbox_base5printERN5hwlib7ostreamEb.str1.1
                0x000000000000569a       0x1b rtos.o
 .rodata._ZNK4rtos4flag5printERN5hwlib7ostreamEb.str1.1
                0x00000000000056b5       0x1e rtos.o
 .rodata._ZNK4rtos5clock5printERN5hwlib7ostreamEb.str1.1
                0x00000000000056d3       0x1d rtos.o
 .rodata._ZNK4rtos5eventeqERKS0_.str1.1
                0x00000000000056f0       0x21 rtos.o
 .rodata._ZNK4rtos5eventplERKS0_.str1.1
                0x0000000000005711       0x1e rtos.o
 .rodata._ZNK4rtos5mutex5printERN5hwlib7ostreamEb.str1.1
                0x000000000000572f       0x29 rtos.o
 .rodata._ZNK4rtos5timer5printERN5hwlib7ostreamEb.str1.1
                0x0000000000005758       0x13 rtos.o
 .rodata._ZNK4rtos9pool_base5printERN5hwlib7ostreamEb.str1.1
                0x000000000000576b       0x10 rtos.o
 .rodata._ZNK4rtos9task_base5printERN5hwlib7ostreamEb.str1.1
                0x000000000000577b       0x39 rtos.o
 .rodata._ZTVN4rtos5clockE
                0x00000000000057b4       0x20 rtos.o
                0x00000000000057b4                vtable for rtos::clock
 .rodata._ZTVN4rtos5timerE
                0x00000000000057d4       0x24 rtos.o
                0x00000000000057d4                vtable for rtos::timer
 .rodata._ZTVN4rtos9task_baseE
                0x00000000000057f8       0x14 rtos.o
                0x00000000000057f8                vtable for rtos::task_base
 .rodata._ZTVN5hwlib14pin_in_dummy_tE
                0x000000000000580c       0x10 hwlib.o
                0x000000000000580c                vtable for hwlib::pin_in_dummy_t
 .rodata._ZTVN5hwlib14pin_oc_dummy_tE
                0x000000000000581c       0x18 hwlib.o
                0x000000000000581c                vtable for hwlib::pin_oc_dummy_t
 .rodata._ZTVN5hwlib19port_in_from_pins_tE
                0x0000000000005834       0x14 hwlib.o
                0x0000000000005834                vtable for hwlib::port_in_from_pins_t
 .rodata._ZTVN5hwlib19port_oc_from_pins_tE
                0x0000000000005848       0x1c hwlib.o
                0x0000000000005848                vtable for hwlib::port_oc_from_pins_t
 .rodata._ZTVN5hwlib21port_direct_from_in_tE
                0x0000000000005864       0x14 hwlib.o
                0x0000000000005864                vtable for hwlib::port_direct_from_in_t
 .rodata._ZTVN5hwlib21port_direct_from_oc_tE
                0x0000000000005878       0x1c hwlib.o
                0x0000000000005878                vtable for hwlib::port_direct_from_oc_t
 .rodata._ZTVN5hwlib20cout_using_uart_putcE
                0x0000000000005894       0x10 hwlib.o
                0x0000000000005894                vtable for hwlib::cout_using_uart_putc
 .rodata._ZTVN5hwlib9image_8x8E
                0x00000000000058a4        0xc hwlib.o
                0x00000000000058a4                vtable for hwlib::image_8x8
 .rodata._ZTVN5hwlib14image_invert_tE
                0x00000000000058b0        0xc hwlib.o
                0x00000000000058b0                vtable for hwlib::image_invert_t
 .rodata._ZTVN5hwlib13window_part_tE
                0x00000000000058bc       0x18 hwlib.o
                0x00000000000058bc                vtable for hwlib::window_part_t
 .rodata._ZN5hwlib15font_16x16_dataE
                0x00000000000058d4      0xbe4 hwlib.o
                0x00000000000058d4                hwlib::font_16x16_data
 .rodata._ZN5hwlib16font_default_8x86imagesE
                0x00000000000064b8      0xa00 hwlib.o
                0x00000000000064b8                hwlib::font_default_8x8::images
 .rodata._ZN5hwlibL5blackE
                0x0000000000006eb8        0x4 hwlib.o
 .rodata._ZN5hwlibL5whiteE
                0x0000000000006ebc        0x4 hwlib.o
 .rodata._ZTVN5hwlib26i2c_bus_bit_banged_scl_sdaE
                0x0000000000006ec0       0x34 main.o
                0x0000000000006ec0                vtable for hwlib::i2c_bus_bit_banged_scl_sda
 .rodata._ZTVN5hwlib13terminal_fromE
                0x0000000000006ef4       0x20 main.o
                0x0000000000006ef4                vtable for hwlib::terminal_from
 .rodata._ZTVN5hwlib16font_default_8x8E
                0x0000000000006f14        0xc main.o
                0x0000000000006f14                vtable for hwlib::font_default_8x8
 .rodata._ZTVN5hwlib11image_16x16E
                0x0000000000006f20        0xc main.o
                0x0000000000006f20                vtable for hwlib::image_16x16
 .rodata._ZTVN5hwlib18font_default_16x16E
                0x0000000000006f2c        0xc main.o
                0x0000000000006f2c                vtable for hwlib::font_default_16x16
 .rodata._ZTVN5hwlib29glcd_oled_i2c_128x64_bufferedE
                0x0000000000006f38       0x18 main.o
                0x0000000000006f38                vtable for hwlib::glcd_oled_i2c_128x64_buffered
 .rodata._ZTVN3due6pin_inE
                0x0000000000006f50       0x10 main.o
                0x0000000000006f50                vtable for due::pin_in
 .rodata._ZTVN3due7pin_outE
                0x0000000000006f60       0x10 main.o
                0x0000000000006f60                vtable for due::pin_out
 .rodata._ZTVN3due6pin_ocE
                0x0000000000006f70       0x18 main.o
                0x0000000000006f70                vtable for due::pin_oc
 .rodata._ZTVN4rtos4taskILi4096EEE
                0x0000000000006f88       0x14 main.o
                0x0000000000006f88                vtable for rtos::task<4096>
 .rodata._ZTV8PinPWMD2ILi38000ELi2EE
                0x0000000000006f9c       0x10 main.o
                0x0000000000006f9c                vtable for PinPWMD2<38000, 2>
 .rodata._ZTVN5hwlib6keypadILi16EEE
                0x0000000000006fac       0x14 main.o
                0x0000000000006fac                vtable for hwlib::keypad<16>
 .rodata._ZTVN4rtos7channelIiLi4EEE
                0x0000000000006fc0        0xc main.o
                0x0000000000006fc0                vtable for rtos::channel<int, 4>
 .rodata._ZTVN4rtos7channelI10StructDataLi4EEE
                0x0000000000006fcc        0xc main.o
                0x0000000000006fcc                vtable for rtos::channel<StructData, 4>
 .rodata        0x0000000000006fd8        0xa main.o
 .rodata._ZN12InputHandlerC2Ev.str1.1
                0x0000000000006fe2       0x18 main.o
 .rodata._ZN14MainControllerC2ER12InputHandlerRN5hwlib6windowE.str1.1
                0x0000000000006ffa       0x68 main.o
                                         0x72 (size before relaxing)
 .rodata._ZN16IRSendControllerC2Ev.str1.1
                0x0000000000007062       0x4c main.o
 .rodata._ZN16WindowControllerC2ERN5hwlib6windowER17PlayerInformationILj100EE.str1.1
                0x00000000000070ae        0xe main.o
                                          0xf (size before relaxing)
 .rodata._ZN4rtos8callbackD2Ev.str1.1
                0x00000000000070bc       0x21 main.o
                                         0x35 (size before relaxing)
 .rodata._ZN4rtos9task_baseD2Ev.str1.1
                0x00000000000070dd       0x17 main.o
 .rodata._ZN5hwlibL11unspecifiedE
                0x00000000000070f4        0x4 main.o
 .rodata._ZN5hwlibL13_images_16x16E
                0x00000000000070f8      0x800 main.o
 .rodata._ZN5hwlibL22ssd1306_initializationE
                0x00000000000078f8       0x29 main.o
 .rodata._ZN5hwlibL5blackE
                0x0000000000007921        0x4 main.o
 .rodata._ZN5hwlibL5whiteE
                0x0000000000007925        0x4 main.o
 .rodata.main.str1.1
                0x0000000000007929        0x9 main.o
                0x0000000000007934                . = ALIGN (0x4)
 *fill*         0x0000000000007932        0x2 
 *(.ARM.extab* .gnu.linkonce.armextab.*)
                0x0000000000007934                . = ALIGN (0x4)
 *(.gcc_except_table)
                0x0000000000007934                . = ALIGN (0x4)
 *(.eh_frame_hdr)
                0x0000000000007934                . = ALIGN (0x4)
 *(.eh_frame)
                0x0000000000007934                . = ALIGN (0x4)
                0x0000000000007934                __text_end = .
                [!provide]                        PROVIDE (__text_end = __text_end)

.vfp11_veneer   0x0000000000007934        0x0
 .vfp11_veneer  0x0000000000007934        0x0 linker stubs

.v4_bx          0x0000000000007934        0x0
 .v4_bx         0x0000000000007934        0x0 linker stubs

.iplt           0x0000000000007934        0x0
 .iplt          0x0000000000007934        0x0 Button.o

.IF_YOU_SEE_THIS_YOU_HAVE_ONE_OR_MORE_GLOBAL_OBJECT_CONSTRUCTORS
 *(.init)
 *(.preinit_array)
 *(SORT_BY_NAME(.init_array.*))
 *(.init_array)
                0x0000000000007934                . = ALIGN (0x4)
                0x0000000000007934                __exidx_start = .
                [!provide]                        PROVIDE (__exidx_start = __exidx_start)

.ARM.exidx      0x0000000000007934        0x8
 *(.ARM.exidx* .gnu.linkonce.armexidx.*)
 .ARM.exidx     0x0000000000007934        0x8 /usr/lib/gcc/arm-none-eabi/7.3.1/thumb/v7-m/libgcc.a(_udivmoddi4.o)

.rel.dyn        0x000000000000793c        0x0
 .rel.iplt      0x000000000000793c        0x0 Button.o
                0x000000000000793c                . = ALIGN (0x4)
                0x000000000000793c                __exidx_end = .
                [!provide]                        PROVIDE (__exidx_end = __exidx_end)

.bss            0x0000000020000000    0x1405c
                0x0000000020000000                . = ALIGN (0x4)
                0x0000000020000000                __stack_start = .
                [!provide]                        PROVIDE (__stack_start = __stack_start)
                0x0000000020000000                . = ALIGN (0x4)
 *(.bmptk_stack)
 .bmptk_stack   0x0000000020000000    0x14000 bmptk_fixed_size_stack.o
                0x0000000020000000                bmptk_stack
                0x0000000020014000                . = ALIGN (0x8)
                0x0000000020014000                __main_stack_end = .
                [!provide]                        PROVIDE (__main_stack_end = __main_stack_end)
                0x0000000020014000                . = ALIGN (0x4)
                0x0000000020014000                __stack_end = .
                [!provide]                        PROVIDE (__stack_end = __stack_end)
                0x0000000020014000                . = ALIGN (0x4)
                0x0000000020014000                __bss_start = .
                [!provide]                        PROVIDE (__bss_start = __bss_start)
                0x0000000020014000                . = ALIGN (0x4)
 *(.bss .bss.* .gnu.linkonce.b.*)
 .bss._ZZN3due9now_ticksEvE4high
                0x0000000020014000        0x8 Button.o
 .bss._ZZN3due9now_ticksEvE8last_low
                0x0000000020014008        0x4 Button.o
 .bss._ZZN3due9now_ticksEvE9init_done
                0x000000002001400c        0x1 Button.o
 *fill*         0x000000002001400d        0x3 
 .bss._ZN17coroutine_context7main_spE
                0x0000000020014010        0x4 coroutine.o
                0x0000000020014010                coroutine_context::main_sp
 .bss._ZN4rtos10must_clearE
                0x0000000020014014        0x1 rtos.o
                0x0000000020014014                rtos::must_clear
 *fill*         0x0000000020014015        0x3 
 .bss._ZN4rtos17rtos_current_taskE
                0x0000000020014018        0x4 rtos.o
                0x0000000020014018                rtos::rtos_current_task
 .bss._ZN4rtos17scheduler_runningE
                0x000000002001401c        0x1 rtos.o
                0x000000002001401c                rtos::scheduler_running
 *fill*         0x000000002001401d        0x3 
 .bss._ZN4rtos5flagsE
                0x0000000020014020        0x4 rtos.o
                0x0000000020014020                rtos::flags
 .bss._ZN4rtos5poolsE
                0x0000000020014024        0x4 rtos.o
                0x0000000020014024                rtos::pools
 .bss._ZN4rtos6clocksE
                0x0000000020014028        0x4 rtos.o
                0x0000000020014028                rtos::clocks
 .bss._ZN4rtos6timersE
                0x000000002001402c        0x4 rtos.o
                0x000000002001402c                rtos::timers
 .bss._ZN4rtos7mutexesE
                0x0000000020014030        0x4 rtos.o
                0x0000000020014030                rtos::mutexes
 .bss._ZN4rtos8channelsE
                0x0000000020014034        0x4 rtos.o
                0x0000000020014034                rtos::channels
 .bss._ZN4rtos8taskListE
                0x0000000020014038        0x4 rtos.o
                0x0000000020014038                rtos::taskList
 .bss._ZN4rtos9mailboxesE
                0x000000002001403c        0x4 rtos.o
                0x000000002001403c                rtos::mailboxes
 .bss._ZN4rtos9timerListE
                0x0000000020014040        0x4 rtos.o
                0x0000000020014040                rtos::timerList
 *fill*         0x0000000020014044        0x4 
 .bss.last_run_time
                0x0000000020014048        0x8 rtos.o
                0x0000000020014048                last_run_time
 .bss._ZN5hwlib10background5firstE
                0x0000000020014050        0x4 hwlib.o
                0x0000000020014050                hwlib::background::first
 .bss._ZN5hwlib10background7currentE
                0x0000000020014054        0x4 hwlib.o
                0x0000000020014054                hwlib::background::current
 .bss._ZN5hwlib10background7runningE
                0x0000000020014058        0x1 hwlib.o
                0x0000000020014058                hwlib::background::running
 .bss._ZZN3due9uart_initEvE9init_done
                0x0000000020014059        0x1 hwlib.o
                0x000000002001405c                . = ALIGN (0x4)
 *fill*         0x000000002001405a        0x2 
 *(COMMON)
                0x000000002001405c                . = ALIGN (0x4)
                0x000000002001405c                __bss_end = .
                [!provide]                        PROVIDE (__bss_end = __bss_end)

.data           0x000000002001405c       0x30 load address 0x000000000000793c
                0x000000002001405c                . = ALIGN (0x4)
                0x000000000000793c                __data_init_start = LOADADDR (.data)
                [!provide]                        PROVIDE (__data_init_start = __data_init_start)
                0x000000002001405c                __data_start = .
                [!provide]                        PROVIDE (__data_start = __data_start)
                0x000000002001405c                . = ALIGN (0x4)
 *(.data .data.* .gnu.linkonce.d.*)
 .data._ZN6sam3xa15SystemCoreClockE
                0x000000002001405c        0x4 Button.o
                0x000000002001405c                sam3xa::SystemCoreClock
 .data._ZN17coroutine_context24current_coroutine_sp_ptrE
                0x0000000020014060        0x4 coroutine.o
                0x0000000020014060                coroutine_context::current_coroutine_sp_ptr
 .data._ZN3due7hw_uartE
                0x0000000020014064        0x4 hwlib.o
                0x0000000020014064                due::hw_uart
 .data._ZN5hwlib12pin_in_dummyE
                0x0000000020014068        0x4 hwlib.o
                0x0000000020014068                hwlib::pin_in_dummy
 .data._ZN5hwlib12pin_oc_dummyE
                0x000000002001406c        0x4 hwlib.o
                0x000000002001406c                hwlib::pin_oc_dummy
 .data._ZN5hwlib4coutE
                0x0000000020014070       0x14 hwlib.o
                0x0000000020014070                hwlib::cout
 .data._first_free
                0x0000000020014084        0x4 bmptk_heap_bmptk.o
                0x0000000020014084                _first_free
 .data._last_free
                0x0000000020014088        0x4 bmptk_heap_bmptk.o
                0x0000000020014088                _last_free
                0x000000002001408c                . = ALIGN (0x4)
                0x000000002001408c                __data_end = .
                [!provide]                        PROVIDE (__data_end = __data_end)
                0x000000000000793c                __data_init_end = LOADADDR (.data)
                [!provide]                        PROVIDE (__data_init_end = __data_init_end)
                [!provide]                        PROVIDE (__data_size = (__data_end - __data_start))
                [!provide]                        PROVIDE (__data_init_size = __data_size)
                [!provide]                        PROVIDE (__data_init_end = (__data_init_start + __data_init_size))

.igot.plt       0x000000002001408c        0x0 load address 0x000000000000796c
 .igot.plt      0x000000002001408c        0x0 Button.o
                0x000000002001408c                . = ALIGN (0x4)
                0x000000002001408c                __heap_start = .
                [!provide]                        PROVIDE (__heap_start = __heap_start)
                0x000000002001408c                . = ALIGN (0x4)
                0x0000000020018000                __heap_end = __ram_end
                [!provide]                        PROVIDE (__heap_end = __heap_end)

.stab
 *(.stab)

.stabstr
 *(.stabstr)

.debug
 *(.debug)

.line
 *(.line)

.debug_srcinfo
 *(.debug_srcinfo)

.debug_sfnames
 *(.debug_sfnames)

.debug_aranges  0x0000000000000000       0xa0
 *(.debug_aranges)
 .debug_aranges
                0x0000000000000000       0x20 /usr/lib/gcc/arm-none-eabi/7.3.1/thumb/v7-m/libgcc.a(_aeabi_ldivmod.o)
 .debug_aranges
                0x0000000000000020       0x20 /usr/lib/gcc/arm-none-eabi/7.3.1/thumb/v7-m/libgcc.a(_aeabi_uldivmod.o)
 .debug_aranges
                0x0000000000000040       0x20 /usr/lib/gcc/arm-none-eabi/7.3.1/thumb/v7-m/libgcc.a(_udivmoddi4.o)
 .debug_aranges
                0x0000000000000060       0x20 /usr/lib/gcc/arm-none-eabi/7.3.1/thumb/v7-m/libgcc.a(_dvmd_tls.o)
 .debug_aranges
                0x0000000000000080       0x20 /usr/lib/gcc/arm-none-eabi/7.3.1/../../../arm-none-eabi/lib/thumb/v7-m/libc.a(lib_a-memset.o)

.debug_pubnames
 *(.debug_pubnames)

.debug_info     0x0000000000000000     0x1b9f
 *(.debug_info .gnu.linkonce.wi.*)
 .debug_info    0x0000000000000000       0x26 /usr/lib/gcc/arm-none-eabi/7.3.1/thumb/v7-m/libgcc.a(_aeabi_ldivmod.o)
 .debug_info    0x0000000000000026       0x26 /usr/lib/gcc/arm-none-eabi/7.3.1/thumb/v7-m/libgcc.a(_aeabi_uldivmod.o)
 .debug_info    0x000000000000004c      0xd0b /usr/lib/gcc/arm-none-eabi/7.3.1/thumb/v7-m/libgcc.a(_udivmoddi4.o)
 .debug_info    0x0000000000000d57       0x26 /usr/lib/gcc/arm-none-eabi/7.3.1/thumb/v7-m/libgcc.a(_dvmd_tls.o)
 .debug_info    0x0000000000000d7d      0xe22 /usr/lib/gcc/arm-none-eabi/7.3.1/../../../arm-none-eabi/lib/thumb/v7-m/libc.a(lib_a-memset.o)

.debug_abbrev   0x0000000000000000      0x3b3
 *(.debug_abbrev)
 .debug_abbrev  0x0000000000000000       0x14 /usr/lib/gcc/arm-none-eabi/7.3.1/thumb/v7-m/libgcc.a(_aeabi_ldivmod.o)
 .debug_abbrev  0x0000000000000014       0x14 /usr/lib/gcc/arm-none-eabi/7.3.1/thumb/v7-m/libgcc.a(_aeabi_uldivmod.o)
 .debug_abbrev  0x0000000000000028      0x199 /usr/lib/gcc/arm-none-eabi/7.3.1/thumb/v7-m/libgcc.a(_udivmoddi4.o)
 .debug_abbrev  0x00000000000001c1       0x14 /usr/lib/gcc/arm-none-eabi/7.3.1/thumb/v7-m/libgcc.a(_dvmd_tls.o)
 .debug_abbrev  0x00000000000001d5      0x1de /usr/lib/gcc/arm-none-eabi/7.3.1/../../../arm-none-eabi/lib/thumb/v7-m/libc.a(lib_a-memset.o)

.debug_line     0x0000000000000000      0x566
 *(.debug_line)
 .debug_line    0x0000000000000000       0x7b /usr/lib/gcc/arm-none-eabi/7.3.1/thumb/v7-m/libgcc.a(_aeabi_ldivmod.o)
 .debug_line    0x000000000000007b       0x5d /usr/lib/gcc/arm-none-eabi/7.3.1/thumb/v7-m/libgcc.a(_aeabi_uldivmod.o)
 .debug_line    0x00000000000000d8      0x24f /usr/lib/gcc/arm-none-eabi/7.3.1/thumb/v7-m/libgcc.a(_udivmoddi4.o)
 .debug_line    0x0000000000000327       0x5d /usr/lib/gcc/arm-none-eabi/7.3.1/thumb/v7-m/libgcc.a(_dvmd_tls.o)
 .debug_line    0x0000000000000384      0x1e2 /usr/lib/gcc/arm-none-eabi/7.3.1/../../../arm-none-eabi/lib/thumb/v7-m/libc.a(lib_a-memset.o)

.debug_frame    0x0000000000000000       0xdc
 *(.debug_frame)
 .debug_frame   0x0000000000000000       0x44 /usr/lib/gcc/arm-none-eabi/7.3.1/thumb/v7-m/libgcc.a(_aeabi_ldivmod.o)
 .debug_frame   0x0000000000000044       0x2c /usr/lib/gcc/arm-none-eabi/7.3.1/thumb/v7-m/libgcc.a(_aeabi_uldivmod.o)
 .debug_frame   0x0000000000000070       0x34 /usr/lib/gcc/arm-none-eabi/7.3.1/thumb/v7-m/libgcc.a(_udivmoddi4.o)
 .debug_frame   0x00000000000000a4       0x38 /usr/lib/gcc/arm-none-eabi/7.3.1/../../../arm-none-eabi/lib/thumb/v7-m/libc.a(lib_a-memset.o)

.debug_str      0x0000000000000000     0x1b9d
 *(.debug_str)
 .debug_str     0x0000000000000000       0x99 /usr/lib/gcc/arm-none-eabi/7.3.1/thumb/v7-m/libgcc.a(_aeabi_ldivmod.o)
 .debug_str     0x0000000000000099       0x99 /usr/lib/gcc/arm-none-eabi/7.3.1/thumb/v7-m/libgcc.a(_aeabi_uldivmod.o)
 .debug_str     0x0000000000000099     0x136f /usr/lib/gcc/arm-none-eabi/7.3.1/thumb/v7-m/libgcc.a(_udivmoddi4.o)
                                       0x140f (size before relaxing)
 .debug_str     0x0000000000001408       0x2d /usr/lib/gcc/arm-none-eabi/7.3.1/thumb/v7-m/libgcc.a(_dvmd_tls.o)
                                         0x9d (size before relaxing)
 .debug_str     0x0000000000001435      0x768 /usr/lib/gcc/arm-none-eabi/7.3.1/../../../arm-none-eabi/lib/thumb/v7-m/libc.a(lib_a-memset.o)
                                        0x8c4 (size before relaxing)

.debug_loc      0x0000000000000000     0x1000
 *(.debug_loc)
 .debug_loc     0x0000000000000000      0xe8b /usr/lib/gcc/arm-none-eabi/7.3.1/thumb/v7-m/libgcc.a(_udivmoddi4.o)
 .debug_loc     0x0000000000000e8b      0x175 /usr/lib/gcc/arm-none-eabi/7.3.1/../../../arm-none-eabi/lib/thumb/v7-m/libc.a(lib_a-memset.o)

.comment        0x0000000000000000       0xae
 .comment       0x0000000000000000       0x57 Button.o
                                         0x58 (size before relaxing)
 .comment       0x0000000000000057       0x58 InputHandler.o
 .comment       0x0000000000000057       0x58 IRSendController.o
 .comment       0x0000000000000057       0x58 KeyboardController.o
 .comment       0x0000000000000057       0x58 MainController.o
 .comment       0x0000000000000057       0x58 IRReceiveController.o
 .comment       0x0000000000000057       0x58 WindowController.o
 .comment       0x0000000000000057       0x58 coroutine.o
 .comment       0x0000000000000057       0x58 rtos.o
 .comment       0x0000000000000057       0x58 hwlib.o
 .comment       0x0000000000000057       0x58 main.o
 .comment       0x0000000000000057       0x58 bmptk_cortex.o
 .comment       0x0000000000000057       0x58 bmptk_heap_bmptk.o
 .comment       0x0000000000000057       0x58 bmptk_fixed_size_stack.o
 .comment       0x0000000000000057       0x58 /usr/lib/gcc/arm-none-eabi/7.3.1/thumb/v7-m/libgcc.a(_udivmoddi4.o)
 .comment       0x0000000000000057       0x57 /usr/lib/gcc/arm-none-eabi/7.3.1/../../../arm-none-eabi/lib/thumb/v7-m/libc.a(lib_a-memset.o)
                                         0x58 (size before relaxing)

.debug_macinfo
 *(.debug_macinfo)

.debug_weaknames
 *(.debug_weaknames)

.debug_funcnames
 *(.debug_funcnames)

.debug_typenames
 *(.debug_typenames)

.debug_varnames
 *(.debug_varnames)

.note.gnu.arm.ident
 *(.note.gnu.arm.ident)

.ARM.attributes
                0x0000000000000000       0x31
 *(.ARM.attributes)
 .ARM.attributes
                0x0000000000000000       0x33 Button.o
 .ARM.attributes
                0x0000000000000033       0x33 InputHandler.o
 .ARM.attributes
                0x0000000000000066       0x33 IRSendController.o
 .ARM.attributes
                0x0000000000000099       0x33 KeyboardController.o
 .ARM.attributes
                0x00000000000000cc       0x33 MainController.o
 .ARM.attributes
                0x00000000000000ff       0x33 IRReceiveController.o
 .ARM.attributes
                0x0000000000000132       0x33 WindowController.o
 .ARM.attributes
                0x0000000000000165       0x21 switch_to.o
 .ARM.attributes
                0x0000000000000186       0x33 coroutine.o
 .ARM.attributes
                0x00000000000001b9       0x33 rtos.o
 .ARM.attributes
                0x00000000000001ec       0x33 hwlib.o
 .ARM.attributes
                0x000000000000021f       0x33 main.o
 .ARM.attributes
                0x0000000000000252       0x33 bmptk_cortex.o
 .ARM.attributes
                0x0000000000000285       0x33 bmptk_heap_bmptk.o
 .ARM.attributes
                0x00000000000002b8       0x33 bmptk_fixed_size_stack.o
 .ARM.attributes
                0x00000000000002eb       0x1d /usr/lib/gcc/arm-none-eabi/7.3.1/thumb/v7-m/libgcc.a(_aeabi_ldivmod.o)
 .ARM.attributes
                0x0000000000000308       0x1d /usr/lib/gcc/arm-none-eabi/7.3.1/thumb/v7-m/libgcc.a(_aeabi_uldivmod.o)
 .ARM.attributes
                0x0000000000000325       0x2d /usr/lib/gcc/arm-none-eabi/7.3.1/thumb/v7-m/libgcc.a(_udivmoddi4.o)
 .ARM.attributes
                0x0000000000000352       0x1d /usr/lib/gcc/arm-none-eabi/7.3.1/thumb/v7-m/libgcc.a(_dvmd_tls.o)
 .ARM.attributes
                0x000000000000036f       0x2d /usr/lib/gcc/arm-none-eabi/7.3.1/../../../arm-none-eabi/lib/thumb/v7-m/libc.a(lib_a-memset.o)

/DISCARD/
 *(.note.GNU-stack)
                [!provide]                        PROVIDE (__text_size = (__text_end - __text_start))
                [!provide]                        PROVIDE (__exidx_size = (__exidx_end - __exidx_start))
                [!provide]                        PROVIDE (__bss_size = (__bss_end - __bss_start))
                [!provide]                        PROVIDE (__stack_size = (__stack_end - __stack_start))
                [!provide]                        PROVIDE (__heap_size = (__heap_end - __heap_start))
OUTPUT(main.elf elf32-littlearm)

.debug_ranges   0x0000000000000000       0xf8
 .debug_ranges  0x0000000000000000       0xf8 /usr/lib/gcc/arm-none-eabi/7.3.1/thumb/v7-m/libgcc.a(_udivmoddi4.o)
